Archive member included to satisfy reference by file (symbol)

c:/nxp/mcuxpressoide_11.9.0_2144/ide/plugins/com.nxp.mcuxpresso.tools.win32_11.9.0.202307121226/tools/bin/../lib/gcc/arm-none-eabi/12.3.1/../../../../arm-none-eabi/lib/thumb/v7e-m+fp/hard\libcr_semihost_nf.a(_cr__main.o)
                              ./startup/startup_mk66f18.o (__main)
c:/nxp/mcuxpressoide_11.9.0_2144/ide/plugins/com.nxp.mcuxpresso.tools.win32_11.9.0.202307121226/tools/bin/../lib/gcc/arm-none-eabi/12.3.1/../../../../arm-none-eabi/lib/thumb/v7e-m+fp/hard\libcr_c.a(memcpy.o)
                              ./utilities/fsl_str.o (memcpy)
c:/nxp/mcuxpressoide_11.9.0_2144/ide/plugins/com.nxp.mcuxpresso.tools.win32_11.9.0.202307121226/tools/bin/../lib/gcc/arm-none-eabi/12.3.1/../../../../arm-none-eabi/lib/thumb/v7e-m+fp/hard\libcr_c.a(memset.o)
                              ./freertos/freertos_kernel/stream_buffer.o (memset)
c:/nxp/mcuxpressoide_11.9.0_2144/ide/plugins/com.nxp.mcuxpresso.tools.win32_11.9.0.202307121226/tools/bin/../lib/gcc/arm-none-eabi/12.3.1/../../../../arm-none-eabi/lib/thumb/v7e-m+fp/hard\libcr_c.a(alloc.o)
                              ./source/Accelerometer_Component.o (malloc)
c:/nxp/mcuxpressoide_11.9.0_2144/ide/plugins/com.nxp.mcuxpresso.tools.win32_11.9.0.202307121226/tools/bin/../lib/gcc/arm-none-eabi/12.3.1/../../../../arm-none-eabi/lib/thumb/v7e-m+fp/hard\libcr_c.a(errno.o)
                              ./utilities/fsl_str.o (errno)
c:/nxp/mcuxpressoide_11.9.0_2144/ide/plugins/com.nxp.mcuxpresso.tools.win32_11.9.0.202307121226/tools/bin/../lib/gcc/arm-none-eabi/12.3.1/../../../../arm-none-eabi/lib/thumb/v7e-m+fp/hard\libcr_c.a(initio.o)
                              c:/nxp/mcuxpressoide_11.9.0_2144/ide/plugins/com.nxp.mcuxpresso.tools.win32_11.9.0.202307121226/tools/bin/../lib/gcc/arm-none-eabi/12.3.1/../../../../arm-none-eabi/lib/thumb/v7e-m+fp/hard\libcr_semihost_nf.a(_cr__main.o) (_initio)
c:/nxp/mcuxpressoide_11.9.0_2144/ide/plugins/com.nxp.mcuxpresso.tools.win32_11.9.0.202307121226/tools/bin/../lib/gcc/arm-none-eabi/12.3.1/../../../../arm-none-eabi/lib/thumb/v7e-m+fp/hard\libcr_c.a(printf.o)
                              ./source/Terminal_Component.o (_vsprintf)
c:/nxp/mcuxpressoide_11.9.0_2144/ide/plugins/com.nxp.mcuxpresso.tools.win32_11.9.0.202307121226/tools/bin/../lib/gcc/arm-none-eabi/12.3.1/../../../../arm-none-eabi/lib/thumb/v7e-m+fp/hard\libcr_c.a(scanf.o)
                              ./utilities/fsl_str.o (strtoul)
c:/nxp/mcuxpressoide_11.9.0_2144/ide/plugins/com.nxp.mcuxpresso.tools.win32_11.9.0.202307121226/tools/bin/../lib/gcc/arm-none-eabi/12.3.1/../../../../arm-none-eabi/lib/thumb/v7e-m+fp/hard\libcr_c.a(setvbuf.o)
                              c:/nxp/mcuxpressoide_11.9.0_2144/ide/plugins/com.nxp.mcuxpresso.tools.win32_11.9.0.202307121226/tools/bin/../lib/gcc/arm-none-eabi/12.3.1/../../../../arm-none-eabi/lib/thumb/v7e-m+fp/hard\libcr_c.a(initio.o) (setvbuf)
c:/nxp/mcuxpressoide_11.9.0_2144/ide/plugins/com.nxp.mcuxpresso.tools.win32_11.9.0.202307121226/tools/bin/../lib/gcc/arm-none-eabi/12.3.1/../../../../arm-none-eabi/lib/thumb/v7e-m+fp/hard\libcr_c.a(strlen.o)
                              ./utilities/fsl_str.o (strlen)
c:/nxp/mcuxpressoide_11.9.0_2144/ide/plugins/com.nxp.mcuxpresso.tools.win32_11.9.0.202307121226/tools/bin/../lib/gcc/arm-none-eabi/12.3.1/../../../../arm-none-eabi/lib/thumb/v7e-m+fp/hard\libcr_c.a(ungetc.o)
                              c:/nxp/mcuxpressoide_11.9.0_2144/ide/plugins/com.nxp.mcuxpresso.tools.win32_11.9.0.202307121226/tools/bin/../lib/gcc/arm-none-eabi/12.3.1/../../../../arm-none-eabi/lib/thumb/v7e-m+fp/hard\libcr_c.a(scanf.o) (ungetc)
c:/nxp/mcuxpressoide_11.9.0_2144/ide/plugins/com.nxp.mcuxpresso.tools.win32_11.9.0.202307121226/tools/bin/../lib/gcc/arm-none-eabi/12.3.1/../../../../arm-none-eabi/lib/thumb/v7e-m+fp/hard\libcr_c.a(__fillbuf.o)
                              c:/nxp/mcuxpressoide_11.9.0_2144/ide/plugins/com.nxp.mcuxpresso.tools.win32_11.9.0.202307121226/tools/bin/../lib/gcc/arm-none-eabi/12.3.1/../../../../arm-none-eabi/lib/thumb/v7e-m+fp/hard\libcr_c.a(scanf.o) (__filbuf)
c:/nxp/mcuxpressoide_11.9.0_2144/ide/plugins/com.nxp.mcuxpresso.tools.win32_11.9.0.202307121226/tools/bin/../lib/gcc/arm-none-eabi/12.3.1/../../../../arm-none-eabi/lib/thumb/v7e-m+fp/hard\libcr_c.a(__init_alloc.o)
                              c:/nxp/mcuxpressoide_11.9.0_2144/ide/plugins/com.nxp.mcuxpresso.tools.win32_11.9.0.202307121226/tools/bin/../lib/gcc/arm-none-eabi/12.3.1/../../../../arm-none-eabi/lib/thumb/v7e-m+fp/hard\libcr_c.a(alloc.o) (__heaps)
c:/nxp/mcuxpressoide_11.9.0_2144/ide/plugins/com.nxp.mcuxpresso.tools.win32_11.9.0.202307121226/tools/bin/../lib/gcc/arm-none-eabi/12.3.1/../../../../arm-none-eabi/lib/thumb/v7e-m+fp/hard\libcr_c.a(_cr_sbrk.o)
[...]
Memory Configuration

Name             Origin             Length             Attributes
PROGRAM_FLASH    0x00000000         0x00200000         xr
SRAM_UPPER       0x20000000         0x00030000         xrw
SRAM_LOWER       0x1fff0000         0x00010000         xrw
FLEX_RAM         0x14000000         0x00001000         xrw
*default*        0x00000000         0xffffffff

Linker script and memory map

LOAD ./utilities/fsl_assert.o
LOAD ./utilities/fsl_debug_console.o
LOAD ./utilities/fsl_str.o
LOAD ./startup/startup_mk66f18.o
LOAD ./source/Accelerometer_Component.o
LOAD ./source/LED_Component.o
LOAD ./source/Motor_Control_Component.o
LOAD ./source/RC_Receiver_Component.o
LOAD ./source/Terminal_Component.o
LOAD ./source/freertos_hello.o
LOAD ./source/fsl_fxos.o
LOAD ./source/semihost_hardfault.o
LOAD ./freertos/freertos_kernel/portable/MemMang/heap_4.o
LOAD ./freertos/freertos_kernel/portable/GCC/ARM_CM4F/port.o
LOAD ./freertos/freertos_kernel/croutine.o
LOAD ./freertos/freertos_kernel/event_groups.o
LOAD ./freertos/freertos_kernel/list.o
LOAD ./freertos/freertos_kernel/queue.o
LOAD ./freertos/freertos_kernel/stream_buffer.o
LOAD ./freertos/freertos_kernel/tasks.o
LOAD ./freertos/freertos_kernel/timers.o
LOAD ./drivers/fsl_clock.o
LOAD ./drivers/fsl_common.o
LOAD ./drivers/fsl_common_arm.o
LOAD ./drivers/fsl_dspi.o
LOAD ./drivers/fsl_ftfx_cache.o
LOAD ./drivers/fsl_ftfx_controller.o
LOAD ./drivers/fsl_ftfx_flash.o
LOAD ./drivers/fsl_ftfx_flexnvm.o
LOAD ./drivers/fsl_ftm.o
LOAD ./drivers/fsl_gpio.o
LOAD ./drivers/fsl_lpuart.o
LOAD ./drivers/fsl_smc.o
LOAD ./drivers/fsl_uart.o
LOAD ./device/system_MK66F18.o
LOAD ./component/uart/fsl_adapter_uart.o
LOAD ./component/serial_manager/fsl_component_serial_manager.o
LOAD ./component/serial_manager/fsl_component_serial_port_uart.o
LOAD ./component/lists/fsl_component_generic_list.o
LOAD ./board/board.o
LOAD ./board/clock_config.o
LOAD ./board/pin_mux.o
START GROUP
LOAD c:/nxp/mcuxpressoide_11.9.0_2144/ide/plugins/com.nxp.mcuxpresso.tools.win32_11.9.0.202307121226/tools/bin/../lib/gcc/arm-none-eabi/12.3.1/../../../../arm-none-eabi/lib/thumb/v7e-m+fp/hard\libcr_semihost_nf.a
LOAD c:/nxp/mcuxpressoide_11.9.0_2144/ide/plugins/com.nxp.mcuxpresso.tools.win32_11.9.0.202307121226/tools/bin/../lib/gcc/arm-none-eabi/12.3.1/../../../../arm-none-eabi/lib/thumb/v7e-m+fp/hard\libcr_c.a
LOAD c:/nxp/mcuxpressoide_11.9.0_2144/ide/plugins/com.nxp.mcuxpresso.tools.win32_11.9.0.202307121226/tools/bin/../lib/gcc/arm-none-eabi/12.3.1/thumb/v7e-m+fp/hard\libcr_eabihelpers.a
LOAD c:/nxp/mcuxpressoide_11.9.0_2144/ide/plugins/com.nxp.mcuxpresso.tools.win32_11.9.0.202307121226/tools/bin/../lib/gcc/arm-none-eabi/12.3.1/thumb/v7e-m+fp/hard\libgcc.a
END GROUP
                0x00000000                        __base_PROGRAM_FLASH = 0x0
                0x00000000                        __base_Flash = 0x0
                0x00200000                        __top_PROGRAM_FLASH = 0x200000
                0x00200000                        __top_Flash = 0x200000
                0x20000000                        __base_SRAM_UPPER = 0x20000000
                0x20000000                        __base_RAM = 0x20000000
                0x20030000                        __top_SRAM_UPPER = 0x20030000
                0x20030000                        __top_RAM = 0x20030000
                0x1fff0000                        __base_SRAM_LOWER = 0x1fff0000
                0x1fff0000                        __base_RAM2 = 0x1fff0000
                0x20000000                        __top_SRAM_LOWER = 0x20000000
                0x20000000                        __top_RAM2 = 0x20000000
                0x14000000                        __base_FLEX_RAM = 0x14000000
                0x14000000                        __base_RAM3 = 0x14000000
                0x14001000                        __top_FLEX_RAM = 0x14001000
                0x14001000                        __top_RAM3 = 0x14001000

.text           0x00000000     0x78d0
 FILL mask 0xff
                0x00000000                        __vectors_start__ = ABSOLUTE (.)
 *(SORT_BY_ALIGNMENT(.isr_vector))
 .isr_vector    0x00000000      0x1d0 ./startup/startup_mk66f18.o
                0x00000000                g_pfnVectors
                0x00000000                __Vectors
                0x000001d0                        . = ALIGN (0x4)
                0x000001d0                        __section_table_start = .
                0x000001d0                        __data_section_table = .
                0x000001d0        0x4 LONG 0x78d0 LOADADDR (.data)
                0x000001d4        0x4 LONG 0x20000000 ADDR (.data)
                0x000001d8        0x4 LONG 0x18 SIZEOF (.data)
                0x000001dc        0x4 LONG 0x78d0 LOADADDR (.data_RAM2)
                0x000001e0        0x4 LONG 0x1fff0000 ADDR (.data_RAM2)
                0x000001e4        0x4 LONG 0x0 SIZEOF (.data_RAM2)
                0x000001e8        0x4 LONG 0x78d0 LOADADDR (.data_RAM3)
                0x000001ec        0x4 LONG 0x14000000 ADDR (.data_RAM3)
                0x000001f0        0x4 LONG 0x0 SIZEOF (.data_RAM3)
                0x000001f4                        __data_section_table_end = .
                0x000001f4                        __bss_section_table = .
                0x000001f4        0x4 LONG 0x20000018 ADDR (.bss)
                0x000001f8        0x4 LONG 0x2ac0 SIZEOF (.bss)
                0x000001fc        0x4 LONG 0x1fff0000 ADDR (.bss_RAM2)
                0x00000200        0x4 LONG 0x0 SIZEOF (.bss_RAM2)
                0x00000204        0x4 LONG 0x14000000 ADDR (.bss_RAM3)
                0x00000208        0x4 LONG 0x0 SIZEOF (.bss_RAM3)
                0x0000020c                        __bss_section_table_end = .
                0x0000020c                        __section_table_end = .
 *(SORT_BY_ALIGNMENT(.after_vectors*))
 .after_vectors.reset
                0x0000020c       0x4c ./startup/startup_mk66f18.o
                0x0000020c                ResetISR
 .after_vectors.init_data
                0x00000258       0x1e ./startup/startup_mk66f18.o
                0x00000258                data_init
 .after_vectors.init_bss
                0x00000276       0x12 ./startup/startup_mk66f18.o
                0x00000276                bss_init
 .after_vectors
                0x00000288       0x14 ./startup/startup_mk66f18.o
                0x00000288                NMI_Handler
                0x0000028c                MemManage_Handler
                0x0000028e                BusFault_Handler
                0x00000290                UsageFault_Handler
                0x00000294                DebugMon_Handler
                0x0000029a                DMA_Error_DriverIRQHandler
                0x0000029a                FTM1_DriverIRQHandler
                0x0000029a                FTM2_DriverIRQHandler
                0x0000029a                PIT2_DriverIRQHandler
                0x0000029a                TPM2_DriverIRQHandler
                0x0000029a                SDHC_DriverIRQHandler
                0x0000029a                DMA7_DMA23_DriverIRQHandler
                0x0000029a                I2C3_DriverIRQHandler
                0x0000029a                I2S0_Tx_DriverIRQHandler
                0x0000029a                TSI0_DriverIRQHandler
                0x0000029a                RTC_Seconds_DriverIRQHandler
                0x0000029a                CMP3_DriverIRQHandler
                0x0000029a                LLWU_DriverIRQHandler
                0x0000029a                MCM_DriverIRQHandler
                0x0000029a                DMA14_DMA30_DriverIRQHandler
                0x0000029a                MCG_DriverIRQHandler
                0x0000029a                ENET_1588_Timer_DriverIRQHandler
                0x0000029a                I2C2_DriverIRQHandler
                0x0000029a                DAC1_DriverIRQHandler
                0x0000029a                LPTMR0_DriverIRQHandler
                0x0000029a                CMP1_DriverIRQHandler
                0x0000029a                USBHSDCD_DriverIRQHandler
                0x0000029a                DMA0_DMA16_DriverIRQHandler
                0x0000029a                FTM0_DriverIRQHandler
                0x0000029a                IntDefaultHandler
                0x0000029a                USB0_DriverIRQHandler
                0x0000029a                PORTC_DriverIRQHandler
                0x0000029a                DMA2_DMA18_DriverIRQHandler
                0x0000029a                DAC0_DriverIRQHandler
                0x0000029a                CMP2_DriverIRQHandler
                0x0000029a                UART2_ERR_DriverIRQHandler
                0x0000029a                LVD_LVW_DriverIRQHandler
                0x0000029a                Reserved84_DriverIRQHandler
                0x0000029a                PIT0_DriverIRQHandler
                0x0000029a                PORTB_DriverIRQHandler
                0x0000029a                USBDCD_DriverIRQHandler
                0x0000029a                UART3_ERR_DriverIRQHandler
                0x0000029a                DMA12_DMA28_DriverIRQHandler
                0x0000029a                DMA10_DMA26_DriverIRQHandler
                0x0000029a                UART0_ERR_DriverIRQHandler
                0x0000029a                CMT_DriverIRQHandler
                0x0000029a                Reserved71_DriverIRQHandler
                0x0000029a                ADC1_DriverIRQHandler
                0x0000029a                PORTA_DriverIRQHandler
                0x0000029a                DMA1_DMA17_DriverIRQHandler
                0x0000029a                PIT3_DriverIRQHandler
                0x0000029a                PIT1_DriverIRQHandler
                0x0000029a                TPM1_DriverIRQHandler
                0x0000029a                WDOG_EWM_DriverIRQHandler
                0x0000029a                PDB0_DriverIRQHandler
                0x0000029a                DMA8_DMA24_DriverIRQHandler
                0x0000029a                DMA6_DMA22_DriverIRQHandler
                0x0000029a                RTC_DriverIRQHandler
                0x0000029a                I2S0_Rx_DriverIRQHandler
                0x0000029a                Read_Collision_DriverIRQHandler
                0x0000029a                SWI_DriverIRQHandler
                0x0000029a                UART4_ERR_DriverIRQHandler
                0x0000029a                DMA13_DMA29_DriverIRQHandler
                0x0000029a                DMA11_DMA27_DriverIRQHandler
                0x0000029a                DMA4_DMA20_DriverIRQHandler
                0x0000029a                DMA9_DMA25_DriverIRQHandler
                0x0000029a                I2C1_DriverIRQHandler
                0x0000029a                ENET_Receive_DriverIRQHandler
                0x0000029a                DMA3_DMA19_DriverIRQHandler
                0x0000029a                ENET_Error_DriverIRQHandler
                0x0000029a                Reserved85_DriverIRQHandler
                0x0000029a                ADC0_DriverIRQHandler
                0x0000029a                USBHS_DriverIRQHandler
                0x0000029a                CMP0_DriverIRQHandler
                0x0000029a                CAN0_DriverIRQHandler
                0x0000029a                FTM3_DriverIRQHandler
                0x0000029a                DMA5_DMA21_DriverIRQHandler
                0x0000029a                RNG_DriverIRQHandler
                0x0000029a                DMA15_DMA31_DriverIRQHandler
                0x0000029a                UART1_ERR_DriverIRQHandler
                0x0000029a                ENET_Transmit_DriverIRQHandler
                0x0000029a                PORTD_DriverIRQHandler
                0x0000029a                Reserved46_DriverIRQHandler
                0x0000029a                PORTE_DriverIRQHandler
                0x0000029a                FTFE_DriverIRQHandler
                0x0000029a                I2C0_DriverIRQHandler
                0x0000029a                CAN1_DriverIRQHandler
                0x00000400                        . = 0x400
 *fill*         0x0000029c      0x164 ff
                0x00000400                        PROVIDE (__FLASH_CONFIG_START__ = .)
 *(SORT_BY_ALIGNMENT(.FlashConfig))
 .FlashConfig   0x00000400       0x10 ./startup/startup_mk66f18.o
                0x00000400                Flash_Config
                0x00000410                        PROVIDE (__FLASH_CONFIG_END__ = .)
                0x00000001                        ASSERT (! ((__FLASH_CONFIG_START__ == __FLASH_CONFIG_END__)), Linker Flash Config Support Enabled, but no .FlashConfig section provided within application)
 *(SORT_BY_ALIGNMENT(.text*))
 .text.SVC_Handler
                0x00000410       0x28 ./freertos/freertos_kernel/portable/GCC/ARM_CM4F/port.o
                0x00000410                SVC_Handler
 *fill*         0x00000438        0x8 ff
 .text.PendSV_Handler
                0x00000440       0x68 ./freertos/freertos_kernel/portable/GCC/ARM_CM4F/port.o
                0x00000440                PendSV_Handler
 .text.motorTask
                0x000004a8       0xc4 ./source/Motor_Control_Component.o
                0x000004a8                motorTask
 *fill*         0x0000056c        0x4 ff
 .text.rcTask   0x00000570      0x18c ./source/RC_Receiver_Component.o
                0x00000570                rcTask
 .text.__assertion_failed
                0x000006fc       0x18 ./utilities/fsl_assert.o
                0x000006fc                __assertion_failed
 .text.setupLEDComponent
                0x00000714       0x5c ./source/LED_Component.o
                0x00000714                setupLEDComponent
 .text.pwm_setupB
                0x00000770       0x64 ./source/LED_Component.o
                0x00000770                pwm_setupB
 .text.pwm_setupG
                0x000007d4       0x64 ./source/LED_Component.o
                0x000007d4                pwm_setupG
 .text.pwm_setupR
                0x00000838       0x64 ./source/LED_Component.o
                0x00000838                pwm_setupR
 .text.setupLEDPins
                0x0000089c       0x30 ./source/LED_Component.o
                0x0000089c                setupLEDPins
 .text.ledTask  0x000008cc       0xd0 ./source/LED_Component.o
                0x000008cc                ledTask
 .text.setupMotorComponent
                0x0000099c       0xac ./source/Motor_Control_Component.o
                0x0000099c                setupMotorComponent
 .text.firstRun
                0x00000a48       0x30 ./source/Motor_Control_Component.o
                0x00000a48                firstRun
 .text.setupMotorPins
                0x00000a78       0x24 ./source/Motor_Control_Component.o
                0x00000a78                setupMotorPins
 .text.setupDCMotor
                0x00000a9c       0x70 ./source/Motor_Control_Component.o
                0x00000a9c                setupDCMotor
 .text.setupServo
                0x00000b0c       0x70 ./source/Motor_Control_Component.o
                0x00000b0c                setupServo
 .text.updatePWM_dutyCycle
                0x00000b7c       0x74 ./source/Motor_Control_Component.o
                0x00000b7c                updatePWM_dutyCycle
 .text.positionTask
                0x00000bf0       0xa0 ./source/Motor_Control_Component.o
                0x00000bf0                positionTask
 .text.setupRCReceiverComponent
                0x00000c90       0x60 ./source/RC_Receiver_Component.o
                0x00000c90                setupRCReceiverComponent
 .text.setupRCPins
                0x00000cf0       0x18 ./source/RC_Receiver_Component.o
                0x00000cf0                setupRCPins
 .text.setupUART_RC
                0x00000d08       0x3c ./source/RC_Receiver_Component.o
                0x00000d08                setupUART_RC
 .text.__NVIC_EnableIRQ
                0x00000d44       0x3c ./source/Terminal_Component.o
 .text.setupTerminalComponent
                0x00000d80       0x70 ./source/Terminal_Component.o
                0x00000d80                setupTerminalComponent
 .text.setupTerminalPins
                0x00000df0       0x34 ./source/Terminal_Component.o
                0x00000df0                setupTerminalPins
 .text.setupUART
                0x00000e24       0x54 ./source/Terminal_Component.o
                0x00000e24                setupUART
 .text.uartTask
                0x00000e78      0x118 ./source/Terminal_Component.o
                0x00000e78                uartTask
 .text.UART4_RX_TX_IRQHandler
                0x00000f90       0x30 ./source/Terminal_Component.o
                0x00000f90                UART4_RX_TX_IRQHandler
 .text.pvPortMalloc
                0x00000fc0      0x1c0 ./freertos/freertos_kernel/portable/MemMang/heap_4.o
                0x00000fc0                pvPortMalloc
 .text.vPortFree
                0x00001180       0xc4 ./freertos/freertos_kernel/portable/MemMang/heap_4.o
                0x00001180                vPortFree
 .text.prvHeapInit
                0x00001244       0xc4 ./freertos/freertos_kernel/portable/MemMang/heap_4.o
 .text.prvInsertBlockIntoFreeList
                0x00001308       0xb4 ./freertos/freertos_kernel/portable/MemMang/heap_4.o
 .text.pxPortInitialiseStack
                0x000013bc       0x68 ./freertos/freertos_kernel/portable/GCC/ARM_CM4F/port.o
                0x000013bc                pxPortInitialiseStack
 .text.prvTaskExitError
                0x00001424       0x58 ./freertos/freertos_kernel/portable/GCC/ARM_CM4F/port.o
 .text.prvPortStartFirstTask
                0x0000147c       0x2c ./freertos/freertos_kernel/portable/GCC/ARM_CM4F/port.o
 .text.xPortStartScheduler
                0x000014a8      0x144 ./freertos/freertos_kernel/portable/GCC/ARM_CM4F/port.o
                0x000014a8                xPortStartScheduler
 .text.vPortEnterCritical
                0x000015ec       0x60 ./freertos/freertos_kernel/portable/GCC/ARM_CM4F/port.o
                0x000015ec                vPortEnterCritical
 .text.vPortExitCritical
                0x0000164c       0x54 ./freertos/freertos_kernel/portable/GCC/ARM_CM4F/port.o
                0x0000164c                vPortExitCritical
 .text.SysTick_Handler
                0x000016a0       0x44 ./freertos/freertos_kernel/portable/GCC/ARM_CM4F/port.o
                0x000016a0                SysTick_Handler
 .text.vPortSetupTimerInterrupt
                0x000016e4       0x48 ./freertos/freertos_kernel/portable/GCC/ARM_CM4F/port.o
                0x000016e4                vPortSetupTimerInterrupt
 .text.vPortEnableVFP
                0x0000172c       0x18 ./freertos/freertos_kernel/portable/GCC/ARM_CM4F/port.o
 .text.vPortValidateInterruptPriority
                0x00001744       0x80 ./freertos/freertos_kernel/portable/GCC/ARM_CM4F/port.o
                0x00001744                vPortValidateInterruptPriority
 .text.xQueueGenericReset
                0x000017c4       0xd0 ./freertos/freertos_kernel/queue.o
                0x000017c4                xQueueGenericReset
 .text.xQueueGenericSend
                0x00001894      0x1fc ./freertos/freertos_kernel/queue.o
                0x00001894                xQueueGenericSend
 .text.xQueueReceive
                0x00001a90      0x1c0 ./freertos/freertos_kernel/queue.o
                0x00001a90                xQueueReceive
 .text.vQueueAddToRegistry
                0x00001c50       0x54 ./freertos/freertos_kernel/queue.o
                0x00001c50                vQueueAddToRegistry
 .text.prvAddNewTaskToReadyList
                0x00001ca4       0xdc ./freertos/freertos_kernel/tasks.o
 .text.vTaskDelay
                0x00001d80       0x68 ./freertos/freertos_kernel/tasks.o
                0x00001d80                vTaskDelay
 .text.vTaskStartScheduler
                0x00001de8       0xa4 ./freertos/freertos_kernel/tasks.o
                0x00001de8                vTaskStartScheduler
 .text.vTaskSuspendAll
                0x00001e8c       0x1c ./freertos/freertos_kernel/tasks.o
                0x00001e8c                vTaskSuspendAll
 .text.xTaskResumeAll
                0x00001ea8      0x138 ./freertos/freertos_kernel/tasks.o
                0x00001ea8                xTaskResumeAll
 .text.xTaskGetTickCount
                0x00001fe0       0x20 ./freertos/freertos_kernel/tasks.o
                0x00001fe0                xTaskGetTickCount
 .text.xTaskIncrementTick
                0x00002000      0x154 ./freertos/freertos_kernel/tasks.o
                0x00002000                xTaskIncrementTick
 .text.vTaskSwitchContext
                0x00002154       0xb8 ./freertos/freertos_kernel/tasks.o
                0x00002154                vTaskSwitchContext
 .text.vTaskPlaceOnEventList
                0x0000220c       0x48 ./freertos/freertos_kernel/tasks.o
                0x0000220c                vTaskPlaceOnEventList
 .text.vTaskPlaceOnEventListRestricted
                0x00002254       0x58 ./freertos/freertos_kernel/tasks.o
                0x00002254                vTaskPlaceOnEventListRestricted
 .text.xTaskRemoveFromEventList
                0x000022ac       0xc4 ./freertos/freertos_kernel/tasks.o
                0x000022ac                xTaskRemoveFromEventList
 .text.vTaskInternalSetTimeOutState
                0x00002370       0x2c ./freertos/freertos_kernel/tasks.o
                0x00002370                vTaskInternalSetTimeOutState
 .text.xTaskCheckForTimeOut
                0x0000239c       0xcc ./freertos/freertos_kernel/tasks.o
                0x0000239c                xTaskCheckForTimeOut
 .text.vTaskMissedYield
                0x00002468       0x18 ./freertos/freertos_kernel/tasks.o
                0x00002468                vTaskMissedYield
 .text.prvIdleTask
                0x00002480       0x30 ./freertos/freertos_kernel/tasks.o
 .text.prvInitialiseTaskLists
                0x000024b0       0x80 ./freertos/freertos_kernel/tasks.o
 .text.prvCheckTasksWaitingTermination
                0x00002530       0x5c ./freertos/freertos_kernel/tasks.o
 .text.prvResetNextTaskUnblockTime
                0x0000258c       0x38 ./freertos/freertos_kernel/tasks.o
 .text.xTaskGetSchedulerState
                0x000025c4       0x3c ./freertos/freertos_kernel/tasks.o
                0x000025c4                xTaskGetSchedulerState
 .text.xTaskPriorityDisinherit
                0x00002600       0xf4 ./freertos/freertos_kernel/tasks.o
                0x00002600                xTaskPriorityDisinherit
 .text.prvAddCurrentTaskToDelayedList
                0x000026f4       0xcc ./freertos/freertos_kernel/tasks.o
 .text.xTimerCreateTimerTask
                0x000027c0       0x64 ./freertos/freertos_kernel/timers.o
                0x000027c0                xTimerCreateTimerTask
 .text.xTimerGenericCommand
                0x00002824       0x9c ./freertos/freertos_kernel/timers.o
                0x00002824                xTimerGenericCommand
 .text.prvProcessExpiredTimer
                0x000028c0       0x98 ./freertos/freertos_kernel/timers.o
 .text.prvProcessTimerOrBlockTask
                0x00002958       0x9c ./freertos/freertos_kernel/timers.o
 .text.prvGetNextExpireTime
                0x000029f4       0x48 ./freertos/freertos_kernel/timers.o
 .text.prvSampleTimeNow
                0x00002a3c       0x40 ./freertos/freertos_kernel/timers.o
 .text.prvInsertTimerInActiveList
                0x00002a7c       0x84 ./freertos/freertos_kernel/timers.o
 .text.prvProcessReceivedCommands
                0x00002b00      0x1c4 ./freertos/freertos_kernel/timers.o
 .text.prvSwitchTimerLists
                0x00002cc4       0xc8 ./freertos/freertos_kernel/timers.o
 .text.prvCheckForValidListAndQueue
                0x00002d8c       0x6c ./freertos/freertos_kernel/timers.o
 .text.CLOCK_SetEr32kClock
                0x00002df8       0x30 ./drivers/fsl_clock.o
 .text.CLOCK_SetPllFllSelClock
                0x00002e28       0x54 ./drivers/fsl_clock.o
 .text.CLOCK_GetMcgExtClkFreq
                0x00002e7c       0x7c ./drivers/fsl_clock.o
 .text.CLOCK_GetFllExtRefClkFreq
                0x00002ef8       0xb0 ./drivers/fsl_clock.o
 .text.CLOCK_GetInternalRefClkSelectFreq
                0x00002fa8       0x4c ./drivers/fsl_clock.o
 .text.CLOCK_GetFllRefClkFreq
                0x00002ff4       0x34 ./drivers/fsl_clock.o
 .text.CLOCK_GetOsc0ErClkUndivFreq
                0x00003028       0x44 ./drivers/fsl_clock.o
                0x00003028                CLOCK_GetOsc0ErClkUndivFreq
 .text.CLOCK_GetOsc0ErClkDivFreq
                0x0000306c       0x58 ./drivers/fsl_clock.o
                0x0000306c                CLOCK_GetOsc0ErClkDivFreq
 .text.CLOCK_GetEr32kClkFreq
                0x000030c4       0x74 ./drivers/fsl_clock.o
                0x000030c4                CLOCK_GetEr32kClkFreq
 .text.CLOCK_GetPllFllSelClkFreq
                0x00003138       0x90 ./drivers/fsl_clock.o
                0x00003138                CLOCK_GetPllFllSelClkFreq
 .text.CLOCK_GetFreq
                0x000031c8      0x148 ./drivers/fsl_clock.o
                0x000031c8                CLOCK_GetFreq
 .text.CLOCK_SetSimConfig
                0x00003310       0x40 ./drivers/fsl_clock.o
                0x00003310                CLOCK_SetSimConfig
 .text.CLOCK_GetOutClkFreq
                0x00003350       0x90 ./drivers/fsl_clock.o
                0x00003350                CLOCK_GetOutClkFreq
 .text.CLOCK_GetFllFreq
                0x000033e0       0x84 ./drivers/fsl_clock.o
                0x000033e0                CLOCK_GetFllFreq
 .text.CLOCK_GetInternalRefClkFreq
                0x00003464       0x30 ./drivers/fsl_clock.o
                0x00003464                CLOCK_GetInternalRefClkFreq
 .text.CLOCK_GetPll0Freq
                0x00003494       0x7c ./drivers/fsl_clock.o
                0x00003494                CLOCK_GetPll0Freq
 .text.CLOCK_GetExtPllFreq
                0x00003510       0x18 ./drivers/fsl_clock.o
                0x00003510                CLOCK_GetExtPllFreq
 .text.CLOCK_SetExternalRefClkConfig
                0x00003528       0x6c ./drivers/fsl_clock.o
                0x00003528                CLOCK_SetExternalRefClkConfig
 .text.CLOCK_SetInternalRefClkConfig
                0x00003594      0x104 ./drivers/fsl_clock.o
                0x00003594                CLOCK_SetInternalRefClkConfig
 .text.DSPI_CommonIRQHandler
                0x00003698       0x44 ./drivers/fsl_dspi.o
 .text.SPI0_DriverIRQHandler
                0x000036dc       0x30 ./drivers/fsl_dspi.o
                0x000036dc                SPI0_DriverIRQHandler
 .text.SPI1_DriverIRQHandler
                0x0000370c       0x30 ./drivers/fsl_dspi.o
                0x0000370c                SPI1_DriverIRQHandler
 .text.SPI2_DriverIRQHandler
                0x0000373c       0x30 ./drivers/fsl_dspi.o
                0x0000373c                SPI2_DriverIRQHandler
 .text.FTM_GetInstance
                0x0000376c       0x54 ./drivers/fsl_ftm.o
 .text.FTM_SetPwmSync
                0x000037c0      0x140 ./drivers/fsl_ftm.o
 .text.FTM_SetReloadPoints
                0x00003900      0x138 ./drivers/fsl_ftm.o
 .text.FTM_Init
                0x00003a38       0xf4 ./drivers/fsl_ftm.o
                0x00003a38                FTM_Init
 .text.FTM_GetDefaultConfig
                0x00003b2c       0x74 ./drivers/fsl_ftm.o
                0x00003b2c                FTM_GetDefaultConfig
 .text.FTM_SetupPwm
                0x00003ba0      0x334 ./drivers/fsl_ftm.o
                0x00003ba0                FTM_SetupPwm
 .text.FTM_UpdatePwmDutycycle
                0x00003ed4      0x1a4 ./drivers/fsl_ftm.o
                0x00003ed4                FTM_UpdatePwmDutycycle
 .text.LPUART0_DriverIRQHandler
                0x00004078       0x28 ./drivers/fsl_lpuart.o
                0x00004078                LPUART0_DriverIRQHandler
 .text.UART_GetInstance
                0x000040a0       0x54 ./drivers/fsl_uart.o
                0x000040a0                UART_GetInstance
 .text.UART_Init
                0x000040f4      0x2f4 ./drivers/fsl_uart.o
                0x000040f4                UART_Init
 .text.UART_GetDefaultConfig
                0x000043e8       0x68 ./drivers/fsl_uart.o
                0x000043e8                UART_GetDefaultConfig
 .text.UART_EnableInterrupts
                0x00004450       0x70 ./drivers/fsl_uart.o
                0x00004450                UART_EnableInterrupts
 .text.UART_ReadBlocking
                0x000044c0       0xfc ./drivers/fsl_uart.o
                0x000044c0                UART_ReadBlocking
 .text.UART0_DriverIRQHandler
                0x000045bc       0x28 ./drivers/fsl_uart.o
                0x000045bc                UART0_DriverIRQHandler
 .text.UART1_DriverIRQHandler
                0x000045e4       0x28 ./drivers/fsl_uart.o
                0x000045e4                UART1_DriverIRQHandler
 .text.UART2_DriverIRQHandler
                0x0000460c       0x28 ./drivers/fsl_uart.o
                0x0000460c                UART2_DriverIRQHandler
 .text.UART3_DriverIRQHandler
                0x00004634       0x28 ./drivers/fsl_uart.o
                0x00004634                UART3_DriverIRQHandler
 .text.SystemInit
                0x0000465c       0x3c ./device/system_MK66F18.o
                0x0000465c                SystemInit
 .text.CLOCK_SetSimSafeDivs
                0x00004698       0x24 ./board/clock_config.o
 .text.CLOCK_CONFIG_SetFllExtRefDiv
                0x000046bc       0x3c ./board/clock_config.o
 .text.BOARD_BootClockRUN
                0x000046f8       0x3c ./board/clock_config.o
                0x000046f8                BOARD_BootClockRUN
 .text.BOARD_InitPins
                0x00004734       0x3c ./board/pin_mux.o
                0x00004734                BOARD_InitPins
 .text.malloc   0x00004770       0xe8 c:/nxp/mcuxpressoide_11.9.0_2144/ide/plugins/com.nxp.mcuxpresso.tools.win32_11.9.0.202307121226/tools/bin/../lib/gcc/arm-none-eabi/12.3.1/../../../../arm-none-eabi/lib/thumb/v7e-m+fp/hard\libcr_c.a(alloc.o)
                0x00004770                malloc
 .text._Csys_alloc
                0x00004858       0x20 c:/nxp/mcuxpressoide_11.9.0_2144/ide/plugins/com.nxp.mcuxpresso.tools.win32_11.9.0.202307121226/tools/bin/../lib/gcc/arm-none-eabi/12.3.1/../../../../arm-none-eabi/lib/thumb/v7e-m+fp/hard\libcr_c.a(alloc.o)
                0x00004858                _Csys_alloc
 .text._initio  0x00004878       0x78 c:/nxp/mcuxpressoide_11.9.0_2144/ide/plugins/com.nxp.mcuxpresso.tools.win32_11.9.0.202307121226/tools/bin/../lib/gcc/arm-none-eabi/12.3.1/../../../../arm-none-eabi/lib/thumb/v7e-m+fp/hard\libcr_c.a(initio.o)
                0x00004878                _initio
 .text.__vfprintf
                0x000048f0      0xb80 c:/nxp/mcuxpressoide_11.9.0_2144/ide/plugins/com.nxp.mcuxpresso.tools.win32_11.9.0.202307121226/tools/bin/../lib/gcc/arm-none-eabi/12.3.1/../../../../arm-none-eabi/lib/thumb/v7e-m+fp/hard\libcr_c.a(printf.o)
                0x000048f0                __vfprintf
 .text._vsnprintf
                0x00005470       0x68 c:/nxp/mcuxpressoide_11.9.0_2144/ide/plugins/com.nxp.mcuxpresso.tools.win32_11.9.0.202307121226/tools/bin/../lib/gcc/arm-none-eabi/12.3.1/../../../../arm-none-eabi/lib/thumb/v7e-m+fp/hard\libcr_c.a(printf.o)
                0x00005470                _vsnprintf
 .text._printf  0x000054d8       0x54 c:/nxp/mcuxpressoide_11.9.0_2144/ide/plugins/com.nxp.mcuxpresso.tools.win32_11.9.0.202307121226/tools/bin/../lib/gcc/arm-none-eabi/12.3.1/../../../../arm-none-eabi/lib/thumb/v7e-m+fp/hard\libcr_c.a(printf.o)
                0x000054d8                _printf
 .text._sbrk    0x0000552c       0x3c c:/nxp/mcuxpressoide_11.9.0_2144/ide/plugins/com.nxp.mcuxpresso.tools.win32_11.9.0.202307121226/tools/bin/../lib/gcc/arm-none-eabi/12.3.1/../../../../arm-none-eabi/lib/thumb/v7e-m+fp/hard\libcr_c.a(_cr_sbrk.o)
                0x0000552c                _sbrk
 .text._Cwritebuf
                0x00005568       0x6c c:/nxp/mcuxpressoide_11.9.0_2144/ide/plugins/com.nxp.mcuxpresso.tools.win32_11.9.0.202307121226/tools/bin/../lib/gcc/arm-none-eabi/12.3.1/../../../../arm-none-eabi/lib/thumb/v7e-m+fp/hard\libcr_c.a(_writebuf.o)
                0x00005568                _Cwritebuf
 .text.fflush   0x000055d4       0x3c c:/nxp/mcuxpressoide_11.9.0_2144/ide/plugins/com.nxp.mcuxpresso.tools.win32_11.9.0.202307121226/tools/bin/../lib/gcc/arm-none-eabi/12.3.1/../../../../arm-none-eabi/lib/thumb/v7e-m+fp/hard\libcr_c.a(fflush.o)
                0x000055d4                fflush
 .text.fseek    0x00005610       0xf8 c:/nxp/mcuxpressoide_11.9.0_2144/ide/plugins/com.nxp.mcuxpresso.tools.win32_11.9.0.202307121226/tools/bin/../lib/gcc/arm-none-eabi/12.3.1/../../../../arm-none-eabi/lib/thumb/v7e-m+fp/hard\libcr_c.a(fseek.o)
                0x00005610                fseek
 .text.ftell    0x00005708       0x44 c:/nxp/mcuxpressoide_11.9.0_2144/ide/plugins/com.nxp.mcuxpresso.tools.win32_11.9.0.202307121226/tools/bin/../lib/gcc/arm-none-eabi/12.3.1/../../../../arm-none-eabi/lib/thumb/v7e-m+fp/hard\libcr_c.a(ftell.o)
                0x00005708                ftell
 .text.__check_heap_overflow
                0x0000574c       0x18 c:/nxp/mcuxpressoide_11.9.0_2144/ide/plugins/com.nxp.mcuxpresso.tools.win32_11.9.0.202307121226/tools/bin/../lib/gcc/arm-none-eabi/12.3.1/../../../../arm-none-eabi/lib/thumb/v7e-m+fp/hard\libcr_c.a(_cr_check_heap.o)
                0x0000574c                __check_heap_overflow
 .text.__aeabi_dmul
                0x00005764       0xfc c:/nxp/mcuxpressoide_11.9.0_2144/ide/plugins/com.nxp.mcuxpresso.tools.win32_11.9.0.202307121226/tools/bin/../lib/gcc/arm-none-eabi/12.3.1/thumb/v7e-m+fp/hard\libcr_eabihelpers.a(double.o)
                0x00005764                __aeabi_dmul
 .text.__aeabi_dsub
                0x00005860      0x1b4 c:/nxp/mcuxpressoide_11.9.0_2144/ide/plugins/com.nxp.mcuxpresso.tools.win32_11.9.0.202307121226/tools/bin/../lib/gcc/arm-none-eabi/12.3.1/thumb/v7e-m+fp/hard\libcr_eabihelpers.a(double.o)
                0x00005860                __aeabi_dsub
 .text.__aeabi_dadd
                0x00005a14      0x138 c:/nxp/mcuxpressoide_11.9.0_2144/ide/plugins/com.nxp.mcuxpresso.tools.win32_11.9.0.202307121226/tools/bin/../lib/gcc/arm-none-eabi/12.3.1/thumb/v7e-m+fp/hard\libcr_eabihelpers.a(double.o)
                0x00005a14                __aeabi_dadd
 .text.__aeabi_d2f
                0x00005b4c       0x58 c:/nxp/mcuxpressoide_11.9.0_2144/ide/plugins/com.nxp.mcuxpresso.tools.win32_11.9.0.202307121226/tools/bin/../lib/gcc/arm-none-eabi/12.3.1/thumb/v7e-m+fp/hard\libcr_eabihelpers.a(double.o)
                0x00005b4c                __aeabi_d2f
 .text.__aeabi_f2d
                0x00005ba4       0x38 c:/nxp/mcuxpressoide_11.9.0_2144/ide/plugins/com.nxp.mcuxpresso.tools.win32_11.9.0.202307121226/tools/bin/../lib/gcc/arm-none-eabi/12.3.1/thumb/v7e-m+fp/hard\libcr_eabihelpers.a(float.o)
                0x00005ba4                __aeabi_f2d
 .text.__sys_appexit
                0x00005bdc        0xc c:/nxp/mcuxpressoide_11.9.0_2144/ide/plugins/com.nxp.mcuxpresso.tools.win32_11.9.0.202307121226/tools/bin/../lib/gcc/arm-none-eabi/12.3.1/../../../../arm-none-eabi/lib/thumb/v7e-m+fp/hard\libcr_semihost_nf.a(__sys_appexit.o)
                0x00005bdc                __sys_appexit
                0x00005bdc                __exit
 .text.DMA0_DMA16_IRQHandler
                0x00005be8        0x8 ./startup/startup_mk66f18.o
                0x00005be8                DMA0_DMA16_IRQHandler
 .text.DMA1_DMA17_IRQHandler
                0x00005bf0        0x8 ./startup/startup_mk66f18.o
                0x00005bf0                DMA1_DMA17_IRQHandler
 .text.DMA2_DMA18_IRQHandler
                0x00005bf8        0x8 ./startup/startup_mk66f18.o
                0x00005bf8                DMA2_DMA18_IRQHandler
 .text.DMA3_DMA19_IRQHandler
                0x00005c00        0x8 ./startup/startup_mk66f18.o
                0x00005c00                DMA3_DMA19_IRQHandler
 .text.DMA4_DMA20_IRQHandler
                0x00005c08        0x8 ./startup/startup_mk66f18.o
                0x00005c08                DMA4_DMA20_IRQHandler
 .text.DMA5_DMA21_IRQHandler
                0x00005c10        0x8 ./startup/startup_mk66f18.o
                0x00005c10                DMA5_DMA21_IRQHandler
 .text.DMA6_DMA22_IRQHandler
                0x00005c18        0x8 ./startup/startup_mk66f18.o
                0x00005c18                DMA6_DMA22_IRQHandler
 .text.DMA7_DMA23_IRQHandler
                0x00005c20        0x8 ./startup/startup_mk66f18.o
                0x00005c20                DMA7_DMA23_IRQHandler
 .text.DMA8_DMA24_IRQHandler
                0x00005c28        0x8 ./startup/startup_mk66f18.o
                0x00005c28                DMA8_DMA24_IRQHandler
 .text.DMA9_DMA25_IRQHandler
                0x00005c30        0x8 ./startup/startup_mk66f18.o
                0x00005c30                DMA9_DMA25_IRQHandler
 .text.DMA10_DMA26_IRQHandler
                0x00005c38        0x8 ./startup/startup_mk66f18.o
                0x00005c38                DMA10_DMA26_IRQHandler
 .text.DMA11_DMA27_IRQHandler
                0x00005c40        0x8 ./startup/startup_mk66f18.o
                0x00005c40                DMA11_DMA27_IRQHandler
 .text.DMA12_DMA28_IRQHandler
                0x00005c48        0x8 ./startup/startup_mk66f18.o
                0x00005c48                DMA12_DMA28_IRQHandler
 .text.DMA13_DMA29_IRQHandler
                0x00005c50        0x8 ./startup/startup_mk66f18.o
                0x00005c50                DMA13_DMA29_IRQHandler
 .text.DMA14_DMA30_IRQHandler
                0x00005c58        0x8 ./startup/startup_mk66f18.o
                0x00005c58                DMA14_DMA30_IRQHandler
 .text.DMA15_DMA31_IRQHandler
                0x00005c60        0x8 ./startup/startup_mk66f18.o
                0x00005c60                DMA15_DMA31_IRQHandler
 .text.DMA_Error_IRQHandler
                0x00005c68        0x8 ./startup/startup_mk66f18.o
                0x00005c68                DMA_Error_IRQHandler
 .text.MCM_IRQHandler
                0x00005c70        0x8 ./startup/startup_mk66f18.o
                0x00005c70                MCM_IRQHandler
 .text.FTFE_IRQHandler
                0x00005c78        0x8 ./startup/startup_mk66f18.o
                0x00005c78                FTFE_IRQHandler
 .text.Read_Collision_IRQHandler
                0x00005c80        0x8 ./startup/startup_mk66f18.o
                0x00005c80                Read_Collision_IRQHandler
 .text.LVD_LVW_IRQHandler
                0x00005c88        0x8 ./startup/startup_mk66f18.o
                0x00005c88                LVD_LVW_IRQHandler
 .text.LLWU_IRQHandler
                0x00005c90        0x8 ./startup/startup_mk66f18.o
                0x00005c90                LLWU_IRQHandler
 .text.WDOG_EWM_IRQHandler
                0x00005c98        0x8 ./startup/startup_mk66f18.o
                0x00005c98                WDOG_EWM_IRQHandler
 .text.RNG_IRQHandler
                0x00005ca0        0x8 ./startup/startup_mk66f18.o
                0x00005ca0                RNG_IRQHandler
 .text.I2C0_IRQHandler
                0x00005ca8        0x8 ./startup/startup_mk66f18.o
                0x00005ca8                I2C0_IRQHandler
 .text.I2C1_IRQHandler
                0x00005cb0        0x8 ./startup/startup_mk66f18.o
                0x00005cb0                I2C1_IRQHandler
 .text.SPI0_IRQHandler
                0x00005cb8        0x8 ./startup/startup_mk66f18.o
                0x00005cb8                SPI0_IRQHandler
 .text.SPI1_IRQHandler
                0x00005cc0        0x8 ./startup/startup_mk66f18.o
                0x00005cc0                SPI1_IRQHandler
 .text.I2S0_Tx_IRQHandler
                0x00005cc8        0x8 ./startup/startup_mk66f18.o
                0x00005cc8                I2S0_Tx_IRQHandler
 .text.I2S0_Rx_IRQHandler
                0x00005cd0        0x8 ./startup/startup_mk66f18.o
                0x00005cd0                I2S0_Rx_IRQHandler
 .text.Reserved46_IRQHandler
                0x00005cd8        0x8 ./startup/startup_mk66f18.o
                0x00005cd8                Reserved46_IRQHandler
 .text.UART0_RX_TX_IRQHandler
                0x00005ce0        0x8 ./startup/startup_mk66f18.o
                0x00005ce0                UART0_RX_TX_IRQHandler
 .text.UART0_ERR_IRQHandler
                0x00005ce8        0x8 ./startup/startup_mk66f18.o
                0x00005ce8                UART0_ERR_IRQHandler
 .text.UART1_RX_TX_IRQHandler
                0x00005cf0        0x8 ./startup/startup_mk66f18.o
                0x00005cf0                UART1_RX_TX_IRQHandler
 .text.UART1_ERR_IRQHandler
                0x00005cf8        0x8 ./startup/startup_mk66f18.o
                0x00005cf8                UART1_ERR_IRQHandler
 .text.UART2_RX_TX_IRQHandler
                0x00005d00        0x8 ./startup/startup_mk66f18.o
                0x00005d00                UART2_RX_TX_IRQHandler
 .text.UART2_ERR_IRQHandler
                0x00005d08        0x8 ./startup/startup_mk66f18.o
                0x00005d08                UART2_ERR_IRQHandler
 .text.UART3_RX_TX_IRQHandler
                0x00005d10        0x8 ./startup/startup_mk66f18.o
                0x00005d10                UART3_RX_TX_IRQHandler
 .text.UART3_ERR_IRQHandler
                0x00005d18        0x8 ./startup/startup_mk66f18.o
                0x00005d18                UART3_ERR_IRQHandler
 .text.ADC0_IRQHandler
                0x00005d20        0x8 ./startup/startup_mk66f18.o
                0x00005d20                ADC0_IRQHandler
 .text.CMP0_IRQHandler
                0x00005d28        0x8 ./startup/startup_mk66f18.o
                0x00005d28                CMP0_IRQHandler
 .text.CMP1_IRQHandler
                0x00005d30        0x8 ./startup/startup_mk66f18.o
                0x00005d30                CMP1_IRQHandler
 .text.FTM0_IRQHandler
                0x00005d38        0x8 ./startup/startup_mk66f18.o
                0x00005d38                FTM0_IRQHandler
 .text.FTM1_IRQHandler
                0x00005d40        0x8 ./startup/startup_mk66f18.o
                0x00005d40                FTM1_IRQHandler
 .text.FTM2_IRQHandler
                0x00005d48        0x8 ./startup/startup_mk66f18.o
                0x00005d48                FTM2_IRQHandler
 .text.CMT_IRQHandler
                0x00005d50        0x8 ./startup/startup_mk66f18.o
                0x00005d50                CMT_IRQHandler
 .text.RTC_IRQHandler
                0x00005d58        0x8 ./startup/startup_mk66f18.o
                0x00005d58                RTC_IRQHandler
 .text.RTC_Seconds_IRQHandler
                0x00005d60        0x8 ./startup/startup_mk66f18.o
                0x00005d60                RTC_Seconds_IRQHandler
 .text.PIT0_IRQHandler
                0x00005d68        0x8 ./startup/startup_mk66f18.o
                0x00005d68                PIT0_IRQHandler
 .text.PIT1_IRQHandler
                0x00005d70        0x8 ./startup/startup_mk66f18.o
                0x00005d70                PIT1_IRQHandler
 .text.PIT2_IRQHandler
                0x00005d78        0x8 ./startup/startup_mk66f18.o
                0x00005d78                PIT2_IRQHandler
 .text.PIT3_IRQHandler
                0x00005d80        0x8 ./startup/startup_mk66f18.o
                0x00005d80                PIT3_IRQHandler
 .text.PDB0_IRQHandler
                0x00005d88        0x8 ./startup/startup_mk66f18.o
                0x00005d88                PDB0_IRQHandler
 .text.USB0_IRQHandler
                0x00005d90        0x8 ./startup/startup_mk66f18.o
                0x00005d90                USB0_IRQHandler
 .text.USBDCD_IRQHandler
                0x00005d98        0x8 ./startup/startup_mk66f18.o
                0x00005d98                USBDCD_IRQHandler
 .text.Reserved71_IRQHandler
                0x00005da0        0x8 ./startup/startup_mk66f18.o
                0x00005da0                Reserved71_IRQHandler
 .text.DAC0_IRQHandler
                0x00005da8        0x8 ./startup/startup_mk66f18.o
                0x00005da8                DAC0_IRQHandler
 .text.MCG_IRQHandler
                0x00005db0        0x8 ./startup/startup_mk66f18.o
                0x00005db0                MCG_IRQHandler
 .text.LPTMR0_IRQHandler
                0x00005db8        0x8 ./startup/startup_mk66f18.o
                0x00005db8                LPTMR0_IRQHandler
 .text.PORTA_IRQHandler
                0x00005dc0        0x8 ./startup/startup_mk66f18.o
                0x00005dc0                PORTA_IRQHandler
 .text.PORTB_IRQHandler
                0x00005dc8        0x8 ./startup/startup_mk66f18.o
                0x00005dc8                PORTB_IRQHandler
 .text.PORTC_IRQHandler
                0x00005dd0        0x8 ./startup/startup_mk66f18.o
                0x00005dd0                PORTC_IRQHandler
 .text.PORTD_IRQHandler
                0x00005dd8        0x8 ./startup/startup_mk66f18.o
                0x00005dd8                PORTD_IRQHandler
 .text.PORTE_IRQHandler
                0x00005de0        0x8 ./startup/startup_mk66f18.o
                0x00005de0                PORTE_IRQHandler
 .text.SWI_IRQHandler
                0x00005de8        0x8 ./startup/startup_mk66f18.o
                0x00005de8                SWI_IRQHandler
 .text.SPI2_IRQHandler
                0x00005df0        0x8 ./startup/startup_mk66f18.o
                0x00005df0                SPI2_IRQHandler
 .text.UART4_ERR_IRQHandler
                0x00005df8        0x8 ./startup/startup_mk66f18.o
                0x00005df8                UART4_ERR_IRQHandler
 .text.Reserved84_IRQHandler
                0x00005e00        0x8 ./startup/startup_mk66f18.o
                0x00005e00                Reserved84_IRQHandler
 .text.Reserved85_IRQHandler
                0x00005e08        0x8 ./startup/startup_mk66f18.o
                0x00005e08                Reserved85_IRQHandler
 .text.CMP2_IRQHandler
                0x00005e10        0x8 ./startup/startup_mk66f18.o
                0x00005e10                CMP2_IRQHandler
 .text.FTM3_IRQHandler
                0x00005e18        0x8 ./startup/startup_mk66f18.o
                0x00005e18                FTM3_IRQHandler
 .text.DAC1_IRQHandler
                0x00005e20        0x8 ./startup/startup_mk66f18.o
                0x00005e20                DAC1_IRQHandler
 .text.ADC1_IRQHandler
                0x00005e28        0x8 ./startup/startup_mk66f18.o
                0x00005e28                ADC1_IRQHandler
 .text.I2C2_IRQHandler
                0x00005e30        0x8 ./startup/startup_mk66f18.o
                0x00005e30                I2C2_IRQHandler
 .text.CAN0_ORed_Message_buffer_IRQHandler
                0x00005e38        0x8 ./startup/startup_mk66f18.o
                0x00005e38                CAN0_ORed_Message_buffer_IRQHandler
 .text.CAN0_Bus_Off_IRQHandler
                0x00005e40        0x8 ./startup/startup_mk66f18.o
                0x00005e40                CAN0_Bus_Off_IRQHandler
 .text.CAN0_Error_IRQHandler
                0x00005e48        0x8 ./startup/startup_mk66f18.o
                0x00005e48                CAN0_Error_IRQHandler
 .text.CAN0_Tx_Warning_IRQHandler
                0x00005e50        0x8 ./startup/startup_mk66f18.o
                0x00005e50                CAN0_Tx_Warning_IRQHandler
 .text.CAN0_Rx_Warning_IRQHandler
                0x00005e58        0x8 ./startup/startup_mk66f18.o
                0x00005e58                CAN0_Rx_Warning_IRQHandler
 .text.CAN0_Wake_Up_IRQHandler
                0x00005e60        0x8 ./startup/startup_mk66f18.o
                0x00005e60                CAN0_Wake_Up_IRQHandler
 .text.SDHC_IRQHandler
                0x00005e68        0x8 ./startup/startup_mk66f18.o
                0x00005e68                SDHC_IRQHandler
 .text.ENET_1588_Timer_IRQHandler
                0x00005e70        0x8 ./startup/startup_mk66f18.o
                0x00005e70                ENET_1588_Timer_IRQHandler
 .text.ENET_Transmit_IRQHandler
                0x00005e78        0x8 ./startup/startup_mk66f18.o
                0x00005e78                ENET_Transmit_IRQHandler
 .text.ENET_Receive_IRQHandler
                0x00005e80        0x8 ./startup/startup_mk66f18.o
                0x00005e80                ENET_Receive_IRQHandler
 .text.ENET_Error_IRQHandler
                0x00005e88        0x8 ./startup/startup_mk66f18.o
                0x00005e88                ENET_Error_IRQHandler
 .text.LPUART0_IRQHandler
                0x00005e90        0x8 ./startup/startup_mk66f18.o
                0x00005e90                LPUART0_IRQHandler
 .text.TSI0_IRQHandler
                0x00005e98        0x8 ./startup/startup_mk66f18.o
                0x00005e98                TSI0_IRQHandler
 .text.TPM1_IRQHandler
                0x00005ea0        0x8 ./startup/startup_mk66f18.o
                0x00005ea0                TPM1_IRQHandler
 .text.TPM2_IRQHandler
                0x00005ea8        0x8 ./startup/startup_mk66f18.o
                0x00005ea8                TPM2_IRQHandler
 .text.USBHSDCD_IRQHandler
                0x00005eb0        0x8 ./startup/startup_mk66f18.o
                0x00005eb0                USBHSDCD_IRQHandler
 .text.I2C3_IRQHandler
                0x00005eb8        0x8 ./startup/startup_mk66f18.o
                0x00005eb8                I2C3_IRQHandler
 .text.CMP3_IRQHandler
                0x00005ec0        0x8 ./startup/startup_mk66f18.o
                0x00005ec0                CMP3_IRQHandler
 .text.USBHS_IRQHandler
                0x00005ec8        0x8 ./startup/startup_mk66f18.o
                0x00005ec8                USBHS_IRQHandler
 .text.CAN1_ORed_Message_buffer_IRQHandler
                0x00005ed0        0x8 ./startup/startup_mk66f18.o
                0x00005ed0                CAN1_ORed_Message_buffer_IRQHandler
 .text.CAN1_Bus_Off_IRQHandler
                0x00005ed8        0x8 ./startup/startup_mk66f18.o
                0x00005ed8                CAN1_Bus_Off_IRQHandler
 .text.CAN1_Error_IRQHandler
                0x00005ee0        0x8 ./startup/startup_mk66f18.o
                0x00005ee0                CAN1_Error_IRQHandler
 .text.CAN1_Tx_Warning_IRQHandler
                0x00005ee8        0x8 ./startup/startup_mk66f18.o
                0x00005ee8                CAN1_Tx_Warning_IRQHandler
 .text.CAN1_Rx_Warning_IRQHandler
                0x00005ef0        0x8 ./startup/startup_mk66f18.o
                0x00005ef0                CAN1_Rx_Warning_IRQHandler
 .text.CAN1_Wake_Up_IRQHandler
                0x00005ef8        0x8 ./startup/startup_mk66f18.o
                0x00005ef8                CAN1_Wake_Up_IRQHandler
 .text.PORT_SetPinMux
                0x00005f00       0x3a ./source/LED_Component.o
 .text.FTM_StartTimer
                0x00005f3a       0x3a ./source/LED_Component.o
 .text.FTM_SetSoftwareTrigger
                0x00005f74       0x38 ./source/LED_Component.o
 .text.setupLEDs
                0x00005fac       0x14 ./source/LED_Component.o
                0x00005fac                setupLEDs
 .text.PORT_SetPinMux
                0x00005fc0       0x3a ./source/Motor_Control_Component.o
 .text.FTM_StartTimer
                0x00005ffa       0x3a ./source/Motor_Control_Component.o
 .text.FTM_SetSoftwareTrigger
                0x00006034       0x38 ./source/Motor_Control_Component.o
 .text.PORT_SetPinMux
                0x0000606c       0x3a ./source/RC_Receiver_Component.o
 .text.EnableIRQ
                0x000060a6       0x32 ./source/Terminal_Component.o
 .text.PORT_SetPinMux
                0x000060d8       0x3a ./source/Terminal_Component.o
 .text.UART_ReadByte
                0x00006112       0x1a ./source/Terminal_Component.o
 .text.main     0x0000612c       0x22 ./source/freertos_hello.o
                0x0000612c                main
 .text.HardFault_Handler
                0x0000614e       0x2c ./source/semihost_hardfault.o
                0x0000614e                HardFault_Handler
 .text.vListInitialise
                0x0000617a       0x40 ./freertos/freertos_kernel/list.o
                0x0000617a                vListInitialise
 .text.vListInitialiseItem
                0x000061ba       0x1a ./freertos/freertos_kernel/list.o
                0x000061ba                vListInitialiseItem
 .text.vListInsertEnd
                0x000061d4       0x48 ./freertos/freertos_kernel/list.o
                0x000061d4                vListInsertEnd
 .text.vListInsert
                0x0000621c       0x72 ./freertos/freertos_kernel/list.o
                0x0000621c                vListInsert
 .text.uxListRemove
                0x0000628e       0x54 ./freertos/freertos_kernel/list.o
                0x0000628e                uxListRemove
 .text.xQueueGenericCreate
                0x000062e2       0xbe ./freertos/freertos_kernel/queue.o
                0x000062e2                xQueueGenericCreate
 .text.prvInitialiseNewQueue
                0x000063a0       0x46 ./freertos/freertos_kernel/queue.o
 .text.xQueueGenericSendFromISR
                0x000063e6      0x154 ./freertos/freertos_kernel/queue.o
                0x000063e6                xQueueGenericSendFromISR
 .text.prvCopyDataToQueue
                0x0000653a       0xd4 ./freertos/freertos_kernel/queue.o
 .text.prvCopyDataFromQueue
                0x0000660e       0x4c ./freertos/freertos_kernel/queue.o
 .text.prvUnlockQueue
                0x0000665a       0xa4 ./freertos/freertos_kernel/queue.o
 .text.prvIsQueueEmpty
                0x000066fe       0x2c ./freertos/freertos_kernel/queue.o
 .text.prvIsQueueFull
                0x0000672a       0x30 ./freertos/freertos_kernel/queue.o
 .text.vQueueWaitForMessageRestricted
                0x0000675a       0x68 ./freertos/freertos_kernel/queue.o
                0x0000675a                vQueueWaitForMessageRestricted
 .text.xTaskCreate
                0x000067c2       0x82 ./freertos/freertos_kernel/tasks.o
                0x000067c2                xTaskCreate
 .text.prvInitialiseNewTask
                0x00006844      0x140 ./freertos/freertos_kernel/tasks.o
 .text.prvDeleteTCB
                0x00006984       0x20 ./freertos/freertos_kernel/tasks.o
 .text.prvTimerTask
                0x000069a4       0x24 ./freertos/freertos_kernel/timers.o
 .text.CLOCK_GetPll0RefFreq
                0x000069c8        0xe ./drivers/fsl_clock.o
 .text.CLOCK_GetFixedFreqClkFreq
                0x000069d6       0x34 ./drivers/fsl_clock.o
                0x000069d6                CLOCK_GetFixedFreqClkFreq
 .text.DSPI_IsMaster
                0x00006a0a       0x26 ./drivers/fsl_dspi.o
 .text.CLOCK_EnableClock
                0x00006a30       0x34 ./drivers/fsl_ftm.o
 .text.FTM_SetDeadTimeEnable
                0x00006a64       0x52 ./drivers/fsl_ftm.o
 .text.FTM_SetComplementaryEnable
                0x00006ab6       0x52 ./drivers/fsl_ftm.o
 .text.CLOCK_EnableClock
                0x00006b08       0x34 ./drivers/fsl_uart.o
 .text.UART_GetStatusFlags
                0x00006b3c       0x48 ./drivers/fsl_uart.o
                0x00006b3c                UART_GetStatusFlags
 .text.UART_ClearStatusFlags
                0x00006b84       0x80 ./drivers/fsl_uart.o
                0x00006b84                UART_ClearStatusFlags
 .text.UART_WriteBlocking
                0x00006c04       0x50 ./drivers/fsl_uart.o
                0x00006c04                UART_WriteBlocking
 .text.UART0_RX_TX_DriverIRQHandler
                0x00006c54       0x12 ./drivers/fsl_uart.o
                0x00006c54                UART0_RX_TX_DriverIRQHandler
 .text.UART1_RX_TX_DriverIRQHandler
                0x00006c66       0x12 ./drivers/fsl_uart.o
                0x00006c66                UART1_RX_TX_DriverIRQHandler
 .text.UART2_RX_TX_DriverIRQHandler
                0x00006c78       0x12 ./drivers/fsl_uart.o
                0x00006c78                UART2_RX_TX_DriverIRQHandler
 .text.UART3_RX_TX_DriverIRQHandler
                0x00006c8a       0x12 ./drivers/fsl_uart.o
                0x00006c8a                UART3_RX_TX_DriverIRQHandler
 .text.SystemInitHook
                0x00006c9c        0xe ./device/system_MK66F18.o
                0x00006c9c                SystemInitHook
 .text.BOARD_InitBootClocks
                0x00006caa        0xc ./board/clock_config.o
                0x00006caa                BOARD_InitBootClocks
 .text.CLOCK_EnableClock
                0x00006cb6       0x34 ./board/pin_mux.o
 .text.BOARD_InitBootPins
                0x00006cea        0xc ./board/pin_mux.o
                0x00006cea                BOARD_InitBootPins
 .text.__main   0x00006cf6        0xe c:/nxp/mcuxpressoide_11.9.0_2144/ide/plugins/com.nxp.mcuxpresso.tools.win32_11.9.0.202307121226/tools/bin/../lib/gcc/arm-none-eabi/12.3.1/../../../../arm-none-eabi/lib/thumb/v7e-m+fp/hard\libcr_semihost_nf.a(_cr__main.o)
                0x00006cf6                __CR_SEMIHOST
                0x00006cf6                __main
 .text.memcpy   0x00006d04        0x4 c:/nxp/mcuxpressoide_11.9.0_2144/ide/plugins/com.nxp.mcuxpresso.tools.win32_11.9.0.202307121226/tools/bin/../lib/gcc/arm-none-eabi/12.3.1/../../../../arm-none-eabi/lib/thumb/v7e-m+fp/hard\libcr_c.a(memcpy.o)
                0x00006d04                memcpy
 .text.memset   0x00006d08        0x4 c:/nxp/mcuxpressoide_11.9.0_2144/ide/plugins/com.nxp.mcuxpresso.tools.win32_11.9.0.202307121226/tools/bin/../lib/gcc/arm-none-eabi/12.3.1/../../../../arm-none-eabi/lib/thumb/v7e-m+fp/hard\libcr_c.a(memset.o)
                0x00006d08                memset
 .text.free     0x00006d0c       0x30 c:/nxp/mcuxpressoide_11.9.0_2144/ide/plugins/com.nxp.mcuxpresso.tools.win32_11.9.0.202307121226/tools/bin/../lib/gcc/arm-none-eabi/12.3.1/../../../../arm-none-eabi/lib/thumb/v7e-m+fp/hard\libcr_c.a(alloc.o)
                0x00006d0c                free
 .text.no_fp_display
                0x00006d3c        0x4 c:/nxp/mcuxpressoide_11.9.0_2144/ide/plugins/com.nxp.mcuxpresso.tools.win32_11.9.0.202307121226/tools/bin/../lib/gcc/arm-none-eabi/12.3.1/../../../../arm-none-eabi/lib/thumb/v7e-m+fp/hard\libcr_c.a(printf.o)
 .text.setvbuf  0x00006d40       0x3e c:/nxp/mcuxpressoide_11.9.0_2144/ide/plugins/com.nxp.mcuxpresso.tools.win32_11.9.0.202307121226/tools/bin/../lib/gcc/arm-none-eabi/12.3.1/../../../../arm-none-eabi/lib/thumb/v7e-m+fp/hard\libcr_c.a(setvbuf.o)
                0x00006d40                setvbuf
 .text.strlen   0x00006d7e       0x4e c:/nxp/mcuxpressoide_11.9.0_2144/ide/plugins/com.nxp.mcuxpresso.tools.win32_11.9.0.202307121226/tools/bin/../lib/gcc/arm-none-eabi/12.3.1/../../../../arm-none-eabi/lib/thumb/v7e-m+fp/hard\libcr_c.a(strlen.o)
                0x00006d7e                strlen
 .text._deferredlazyseek
                0x00006dcc       0x40 c:/nxp/mcuxpressoide_11.9.0_2144/ide/plugins/com.nxp.mcuxpresso.tools.win32_11.9.0.202307121226/tools/bin/../lib/gcc/arm-none-eabi/12.3.1/../../../../arm-none-eabi/lib/thumb/v7e-m+fp/hard\libcr_c.a(_deferredlazyseek.o)
                0x00006dcc                _deferredlazyseek
 .text.__flsbuf
                0x00006e0c      0x140 c:/nxp/mcuxpressoide_11.9.0_2144/ide/plugins/com.nxp.mcuxpresso.tools.win32_11.9.0.202307121226/tools/bin/../lib/gcc/arm-none-eabi/12.3.1/../../../../arm-none-eabi/lib/thumb/v7e-m+fp/hard\libcr_c.a(_deferredlazyseek.o)
                0x00006e0c                __flsbuf
 .text._fdopen  0x00006f4c       0x68 c:/nxp/mcuxpressoide_11.9.0_2144/ide/plugins/com.nxp.mcuxpresso.tools.win32_11.9.0.202307121226/tools/bin/../lib/gcc/arm-none-eabi/12.3.1/../../../../arm-none-eabi/lib/thumb/v7e-m+fp/hard\libcr_c.a(_fdopen.o)
                0x00006f4c                _fdopen
 .text._fflush  0x00006fb4       0x52 c:/nxp/mcuxpressoide_11.9.0_2144/ide/plugins/com.nxp.mcuxpresso.tools.win32_11.9.0.202307121226/tools/bin/../lib/gcc/arm-none-eabi/12.3.1/../../../../arm-none-eabi/lib/thumb/v7e-m+fp/hard\libcr_c.a(_fflush.o)
                0x00006fb4                _fflush
 .text.fclose   0x00007006       0x58 c:/nxp/mcuxpressoide_11.9.0_2144/ide/plugins/com.nxp.mcuxpresso.tools.win32_11.9.0.202307121226/tools/bin/../lib/gcc/arm-none-eabi/12.3.1/../../../../arm-none-eabi/lib/thumb/v7e-m+fp/hard\libcr_c.a(fclose.o)
                0x00007006                fclose
 .text.remove   0x0000705e       0x14 c:/nxp/mcuxpressoide_11.9.0_2144/ide/plugins/com.nxp.mcuxpresso.tools.win32_11.9.0.202307121226/tools/bin/../lib/gcc/arm-none-eabi/12.3.1/../../../../arm-none-eabi/lib/thumb/v7e-m+fp/hard\libcr_c.a(remove.o)
                0x0000705e                remove
 .text._do_fflush
                0x00007072       0x40 c:/nxp/mcuxpressoide_11.9.0_2144/ide/plugins/com.nxp.mcuxpresso.tools.win32_11.9.0.202307121226/tools/bin/../lib/gcc/arm-none-eabi/12.3.1/../../../../arm-none-eabi/lib/thumb/v7e-m+fp/hard\libcr_c.a(_do_fflush.o)
                0x00007072                _do_fflush
 .text.__aeabi_d2iz
                0x000070b2       0x42 c:/nxp/mcuxpressoide_11.9.0_2144/ide/plugins/com.nxp.mcuxpresso.tools.win32_11.9.0.202307121226/tools/bin/../lib/gcc/arm-none-eabi/12.3.1/thumb/v7e-m+fp/hard\libcr_eabihelpers.a(double.o)
                0x000070b2                __aeabi_d2iz
 .text.__bhs_ui2d
                0x000070f4       0x46 c:/nxp/mcuxpressoide_11.9.0_2144/ide/plugins/com.nxp.mcuxpresso.tools.win32_11.9.0.202307121226/tools/bin/../lib/gcc/arm-none-eabi/12.3.1/thumb/v7e-m+fp/hard\libcr_eabihelpers.a(double.o)
                0x000070f4                __bhs_ui2d
 .text.__aeabi_i2d
                0x0000713a       0x10 c:/nxp/mcuxpressoide_11.9.0_2144/ide/plugins/com.nxp.mcuxpresso.tools.win32_11.9.0.202307121226/tools/bin/../lib/gcc/arm-none-eabi/12.3.1/thumb/v7e-m+fp/hard\libcr_eabihelpers.a(double.o)
                0x0000713a                __aeabi_i2d
 .text.__aeabi_memcpy
                0x0000714a       0x34 c:/nxp/mcuxpressoide_11.9.0_2144/ide/plugins/com.nxp.mcuxpresso.tools.win32_11.9.0.202307121226/tools/bin/../lib/gcc/arm-none-eabi/12.3.1/thumb/v7e-m+fp/hard\libcr_eabihelpers.a(memcpy.o)
                0x0000714a                __aeabi_memcpy
                0x00007154                __aeabi_memcpy8
                0x00007154                __aeabi_memcpy4
 .text.__aeabi_memset_lowlevel
                0x0000717e       0x32 c:/nxp/mcuxpressoide_11.9.0_2144/ide/plugins/com.nxp.mcuxpresso.tools.win32_11.9.0.202307121226/tools/bin/../lib/gcc/arm-none-eabi/12.3.1/thumb/v7e-m+fp/hard\libcr_eabihelpers.a(memcpy.o)
                0x0000717e                __aeabi_lowlevel_memset
 .text.__sys_close
                0x000071b0        0xc c:/nxp/mcuxpressoide_11.9.0_2144/ide/plugins/com.nxp.mcuxpresso.tools.win32_11.9.0.202307121226/tools/bin/../lib/gcc/arm-none-eabi/12.3.1/../../../../arm-none-eabi/lib/thumb/v7e-m+fp/hard\libcr_semihost_nf.a(__sys_close.o)
                0x000071b0                __sys_close
 .text.__sys_flen
                0x000071bc        0xc c:/nxp/mcuxpressoide_11.9.0_2144/ide/plugins/com.nxp.mcuxpresso.tools.win32_11.9.0.202307121226/tools/bin/../lib/gcc/arm-none-eabi/12.3.1/../../../../arm-none-eabi/lib/thumb/v7e-m+fp/hard\libcr_semihost_nf.a(__sys_flen.o)
                0x000071bc                __sys_flen
 .text.__sys_istty
                0x000071c8        0xc c:/nxp/mcuxpressoide_11.9.0_2144/ide/plugins/com.nxp.mcuxpresso.tools.win32_11.9.0.202307121226/tools/bin/../lib/gcc/arm-none-eabi/12.3.1/../../../../arm-none-eabi/lib/thumb/v7e-m+fp/hard\libcr_semihost_nf.a(__sys_istty.o)
                0x000071c8                __sys_istty
 .text.__sys_remove
                0x000071d4        0xc c:/nxp/mcuxpressoide_11.9.0_2144/ide/plugins/com.nxp.mcuxpresso.tools.win32_11.9.0.202307121226/tools/bin/../lib/gcc/arm-none-eabi/12.3.1/../../../../arm-none-eabi/lib/thumb/v7e-m+fp/hard\libcr_semihost_nf.a(__sys_remove.o)
                0x000071d4                __sys_remove
 .text.__sys_seek
                0x000071e0        0xc c:/nxp/mcuxpressoide_11.9.0_2144/ide/plugins/com.nxp.mcuxpresso.tools.win32_11.9.0.202307121226/tools/bin/../lib/gcc/arm-none-eabi/12.3.1/../../../../arm-none-eabi/lib/thumb/v7e-m+fp/hard\libcr_semihost_nf.a(__sys_seek.o)
                0x000071e0                __sys_seek
 .text.__sys_tmpnam
                0x000071ec        0xc c:/nxp/mcuxpressoide_11.9.0_2144/ide/plugins/com.nxp.mcuxpresso.tools.win32_11.9.0.202307121226/tools/bin/../lib/gcc/arm-none-eabi/12.3.1/../../../../arm-none-eabi/lib/thumb/v7e-m+fp/hard\libcr_semihost_nf.a(__sys_tmpnam.o)
                0x000071ec                __sys_tmpnam
 .text.__sys_write
                0x000071f8        0xc c:/nxp/mcuxpressoide_11.9.0_2144/ide/plugins/com.nxp.mcuxpresso.tools.win32_11.9.0.202307121226/tools/bin/../lib/gcc/arm-none-eabi/12.3.1/../../../../arm-none-eabi/lib/thumb/v7e-m+fp/hard\libcr_semihost_nf.a(__sys_write.o)
                0x000071f8                __sys_write
 *freertos*/tasks.o(SORT_BY_ALIGNMENT(.rodata*))
 .rodata.vTaskStartScheduler.str1.4
                0x00007204        0x5 ./freertos/freertos_kernel/tasks.o
 *fill*         0x00007209        0x3 ff
 .rodata        0x0000720c       0x1c ./freertos/freertos_kernel/tasks.o
                0x0000720c                portArch_Name
                0x00007210                FreeRTOSDebugConfig
 *(SORT_BY_ALIGNMENT(.rodata) SORT_BY_ALIGNMENT(.rodata.*) SORT_BY_ALIGNMENT(.constdata) SORT_BY_ALIGNMENT(.constdata.*))
 .rodata.__assertion_failed.str1.4
                0x00007228       0x14 ./utilities/fsl_assert.o
 .rodata.setupLEDComponent.str1.4
                0x0000723c       0x28 ./source/LED_Component.o
 .rodata.ledTask.str1.4
                0x00007264       0x2b ./source/LED_Component.o
 *fill*         0x0000728f        0x1 ff
 .rodata.setupMotorComponent.str1.4
                0x00007290       0x63 ./source/Motor_Control_Component.o
 *fill*         0x000072f3        0x1 ff
 .rodata.motorTask.str1.4
                0x000072f4       0x41 ./source/Motor_Control_Component.o
 *fill*         0x00007335        0x3 ff
 .rodata.positionTask.str1.4
                0x00007338       0x2b ./source/Motor_Control_Component.o
 *fill*         0x00007363        0x1 ff
 .rodata.setupRCReceiverComponent.str1.4
                0x00007364       0x28 ./source/RC_Receiver_Component.o
 .rodata.rcTask.str1.4
                0x0000738c       0x2a ./source/RC_Receiver_Component.o
 *fill*         0x000073b6        0x2 ff
 .rodata.setupTerminalComponent.str1.4
                0x000073b8       0x41 ./source/Terminal_Component.o
 *fill*         0x000073f9        0x3 ff
 .rodata.sendMessage.str1.4
                0x000073fc       0x26 ./source/Terminal_Component.o
 *fill*         0x00007422        0x2 ff
 .rodata.uartTask.str1.4
                0x00007424       0x4a ./source/Terminal_Component.o
 *fill*         0x0000746e        0x2 ff
 .rodata.xTimerCreateTimerTask.str1.4
                0x00007470        0x8 ./freertos/freertos_kernel/timers.o
 .rodata.prvCheckForValidListAndQueue.str1.4
                0x00007478        0x5 ./freertos/freertos_kernel/timers.o
 *fill*         0x0000747d        0x3 ff
 .rodata.CLOCK_GetMcgExtClkFreq.str1.4
                0x00007480       0x49 ./drivers/fsl_clock.o
 *fill*         0x000074c9        0x3 ff
 .rodata.CLOCK_GetOsc0ErClkUndivFreq.str1.4
                0x000074cc       0x1e ./drivers/fsl_clock.o
 *fill*         0x000074ea        0x2 ff
 .rodata.CLOCK_GetOsc0ErClkDivFreq.str1.4
                0x000074ec       0x1e ./drivers/fsl_clock.o
 *fill*         0x0000750a        0x2 ff
 .rodata.CLOCK_GetEr32kClkFreq.str1.4
                0x0000750c       0x1f ./drivers/fsl_clock.o
 *fill*         0x0000752b        0x1 ff
 .rodata.CLOCK_GetPll0Freq.str1.4
                0x0000752c       0x1d ./drivers/fsl_clock.o
 *fill*         0x00007549        0x3 ff
 .rodata.fllFactorTable.1
                0x0000754c       0x10 ./drivers/fsl_clock.o
 .rodata.SPI0_DriverIRQHandler.str1.4
                0x0000755c       0x2a ./drivers/fsl_dspi.o
 *fill*         0x00007586        0x2 ff
 .rodata.SPI1_DriverIRQHandler.str1.4
                0x00007588       0x2a ./drivers/fsl_dspi.o
 *fill*         0x000075b2        0x2 ff
 .rodata.SPI2_DriverIRQHandler.str1.4
                0x000075b4       0x2a ./drivers/fsl_dspi.o
 *fill*         0x000075de        0x2 ff
 .rodata.s_ftmBases
                0x000075e0       0x10 ./drivers/fsl_ftm.o
 .rodata.s_ftmClocks
                0x000075f0       0x10 ./drivers/fsl_ftm.o
 .rodata.FTM_GetInstance.str1.4
                0x00007600       0x28 ./drivers/fsl_ftm.o
 .rodata.FTM_SetPwmSync.str1.4
                0x00007628       0x3a ./drivers/fsl_ftm.o
 *fill*         0x00007662        0x2 ff
 .rodata.FTM_SetReloadPoints.str1.4
                0x00007664       0x20 ./drivers/fsl_ftm.o
 .rodata.FTM_Init.str1.4
                0x00007684       0x17 ./drivers/fsl_ftm.o
 *fill*         0x0000769b        0x1 ff
 .rodata.FTM_GetDefaultConfig.str1.4
                0x0000769c       0x1f ./drivers/fsl_ftm.o
 *fill*         0x000076bb        0x1 ff
 .rodata.FTM_SetupPwm.str1.4
                0x000076bc       0x23 ./drivers/fsl_ftm.o
 *fill*         0x000076df        0x1 ff
 .rodata.s_uartBases
                0x000076e0       0x14 ./drivers/fsl_uart.o
 .rodata.s_uartClock
                0x000076f4       0x14 ./drivers/fsl_uart.o
 .rodata.UART_GetInstance.str1.4
                0x00007708       0x2b ./drivers/fsl_uart.o
 *fill*         0x00007733        0x1 ff
 .rodata.UART_Init.str1.4
                0x00007734       0xfb ./drivers/fsl_uart.o
 *fill*         0x0000782f        0x1 ff
 .rodata.UART_GetDefaultConfig.str1.4
                0x00007830       0x20 ./drivers/fsl_uart.o
 .rodata.UART_ReadBlocking.str1.4
                0x00007850       0x1e ./drivers/fsl_uart.o
 *fill*         0x0000786e        0x2 ff
 .rodata.simConfig_BOARD_BootClockRUN
                0x00007870        0x8 ./board/clock_config.o
                0x00007870                simConfig_BOARD_BootClockRUN
 .rodata.__num_Ciob_streams
                0x00007878        0x4 c:/nxp/mcuxpressoide_11.9.0_2144/ide/plugins/com.nxp.mcuxpresso.tools.win32_11.9.0.202307121226/tools/bin/../lib/gcc/arm-none-eabi/12.3.1/../../../../arm-none-eabi/lib/thumb/v7e-m+fp/hard\libcr_semihost_nf.a(__ciob.o)
                0x00007878                __num_Ciob_streams
 .rodata._Csys_alloc.str1.1
                0x0000787c       0x18 c:/nxp/mcuxpressoide_11.9.0_2144/ide/plugins/com.nxp.mcuxpresso.tools.win32_11.9.0.202307121226/tools/bin/../lib/gcc/arm-none-eabi/12.3.1/../../../../arm-none-eabi/lib/thumb/v7e-m+fp/hard\libcr_c.a(alloc.o)
 .rodata._initio.str1.1
                0x00007894        0x4 c:/nxp/mcuxpressoide_11.9.0_2144/ide/plugins/com.nxp.mcuxpresso.tools.win32_11.9.0.202307121226/tools/bin/../lib/gcc/arm-none-eabi/12.3.1/../../../../arm-none-eabi/lib/thumb/v7e-m+fp/hard\libcr_c.a(initio.o)
 .rodata.__vfprintf.str1.1
                0x00007898       0x37 c:/nxp/mcuxpressoide_11.9.0_2144/ide/plugins/com.nxp.mcuxpresso.tools.win32_11.9.0.202307121226/tools/bin/../lib/gcc/arm-none-eabi/12.3.1/../../../../arm-none-eabi/lib/thumb/v7e-m+fp/hard\libcr_c.a(printf.o)
                                 0x38 (size before relaxing)
                0x000078d0                        . = ALIGN (0x8)
 *fill*         0x000078cf        0x1 ff

.glue_7         0x000078d0        0x0
 .glue_7        0x000078d0        0x0 linker stubs

.glue_7t        0x000078d0        0x0
 .glue_7t       0x000078d0        0x0 linker stubs

.vfp11_veneer   0x000078d0        0x0
 .vfp11_veneer  0x000078d0        0x0 linker stubs

.v4_bx          0x000078d0        0x0
 .v4_bx         0x000078d0        0x0 linker stubs

.iplt           0x000078d0        0x0
 .iplt          0x000078d0        0x0 ./utilities/fsl_assert.o

.rel.dyn        0x000078d0        0x0
 .rel.iplt      0x000078d0        0x0 ./utilities/fsl_assert.o

.ARM.extab
 *(SORT_BY_ALIGNMENT(.ARM.extab*) SORT_BY_ALIGNMENT(.gnu.linkonce.armextab.*))

.ARM.exidx      0x000078d0        0x0
                0x000078d0                        __exidx_start = .
 *(SORT_BY_ALIGNMENT(.ARM.exidx*) SORT_BY_ALIGNMENT(.gnu.linkonce.armexidx.*))
                0x000078d0                        __exidx_end = .
                0x000078d0                        _etext = .

.m_usb_data
 *(SORT_BY_ALIGNMENT(m_usb_bdt))

.data_RAM2      0x1fff0000        0x0 load address 0x000078d0
 FILL mask 0xff
                [!provide]                        PROVIDE (__start_data_RAM2 = .)
                [!provide]                        PROVIDE (__start_data_SRAM_LOWER = .)
 *(SORT_BY_ALIGNMENT(.ramfunc.$RAM2))
 *(SORT_BY_ALIGNMENT(.ramfunc.$SRAM_LOWER))
 *(SORT_BY_ALIGNMENT(NonCacheable.init))
 *(SORT_BY_ALIGNMENT(.data.$RAM2))
 *(SORT_BY_ALIGNMENT(.data.$SRAM_LOWER))
 *(SORT_BY_ALIGNMENT(.data.$RAM2.*))
 *(SORT_BY_ALIGNMENT(.data.$SRAM_LOWER.*))
                0x1fff0000                        . = ALIGN (0x8)
                [!provide]                        PROVIDE (__end_data_RAM2 = .)
                [!provide]                        PROVIDE (__end_data_SRAM_LOWER = .)

.data_RAM3      0x14000000        0x0 load address 0x000078d0
 FILL mask 0xff
                [!provide]                        PROVIDE (__start_data_RAM3 = .)
                [!provide]                        PROVIDE (__start_data_FLEX_RAM = .)
 *(SORT_BY_ALIGNMENT(.ramfunc.$RAM3))
 *(SORT_BY_ALIGNMENT(.ramfunc.$FLEX_RAM))
 *(SORT_BY_ALIGNMENT(.data.$RAM3))
 *(SORT_BY_ALIGNMENT(.data.$FLEX_RAM))
 *(SORT_BY_ALIGNMENT(.data.$RAM3.*))
 *(SORT_BY_ALIGNMENT(.data.$FLEX_RAM.*))
                0x14000000                        . = ALIGN (0x8)
                [!provide]                        PROVIDE (__end_data_RAM3 = .)
                [!provide]                        PROVIDE (__end_data_FLEX_RAM = .)

.uninit_RESERVED
                0x20000000        0x0
                0x20000000                        _start_uninit_RESERVED = .
 *(SORT_BY_ALIGNMENT(.bss.$RESERVED*))
                0x20000000                        . = ALIGN (0x8)
                0x20000000                        _end_uninit_RESERVED = .

.data           0x20000000       0x18 load address 0x000078d0
 FILL mask 0xff
                0x20000000                        _data = .
                [!provide]                        PROVIDE (__start_data_RAM = .)
                [!provide]                        PROVIDE (__start_data_SRAM_UPPER = .)
 *(SORT_BY_ALIGNMENT(vtable))
 *(SORT_BY_ALIGNMENT(.ramfunc*))
 *(SORT_BY_ALIGNMENT(CodeQuickAccess))
 *(SORT_BY_ALIGNMENT(DataQuickAccess))
 *(SORT_BY_ALIGNMENT(RamFunction))
 *(SORT_BY_ALIGNMENT(.data*))
 .data.uxCriticalNesting
                0x20000000        0x4 ./freertos/freertos_kernel/portable/GCC/ARM_CM4F/port.o
 .data.uxTopUsedPriority
                0x20000004        0x4 ./freertos/freertos_kernel/tasks.o
                0x20000004                uxTopUsedPriority
 .data.s_slowIrcFreq
                0x20000008        0x4 ./drivers/fsl_clock.o
 .data.s_fastIrcFreq
                0x2000000c        0x4 ./drivers/fsl_clock.o
 .data.SystemCoreClock
                0x20000010        0x4 ./device/system_MK66F18.o
                0x20000010                SystemCoreClock
                0x20000018                        . = ALIGN (0x8)
 *fill*         0x20000014        0x4 ff
                0x20000018                        _edata = .
                [!provide]                        PROVIDE (__end_data_RAM = .)
                [!provide]                        PROVIDE (__end_data_SRAM_UPPER = .)

.igot.plt       0x20000018        0x0 load address 0x000078e8
 .igot.plt      0x20000018        0x0 ./utilities/fsl_assert.o

.bss_RAM2       0x1fff0000        0x0
                [!provide]                        PROVIDE (__start_bss_RAM2 = .)
                [!provide]                        PROVIDE (__start_bss_SRAM_LOWER = .)
 *(SORT_BY_ALIGNMENT(NonCacheable))
 *(SORT_BY_ALIGNMENT(.bss.$RAM2))
 *(SORT_BY_ALIGNMENT(.bss.$SRAM_LOWER))
 *(SORT_BY_ALIGNMENT(.bss.$RAM2.*))
 *(SORT_BY_ALIGNMENT(.bss.$SRAM_LOWER.*))
                0x1fff0000                        . = ALIGN ((. != 0x0)?0x8:0x1)
                [!provide]                        PROVIDE (__end_bss_RAM2 = .)
                [!provide]                        PROVIDE (__end_bss_SRAM_LOWER = .)

.bss_RAM3       0x14000000        0x0
                [!provide]                        PROVIDE (__start_bss_RAM3 = .)
                [!provide]                        PROVIDE (__start_bss_FLEX_RAM = .)
 *(SORT_BY_ALIGNMENT(.bss.$RAM3))
 *(SORT_BY_ALIGNMENT(.bss.$FLEX_RAM))
 *(SORT_BY_ALIGNMENT(.bss.$RAM3.*))
 *(SORT_BY_ALIGNMENT(.bss.$FLEX_RAM.*))
                0x14000000                        . = ALIGN ((. != 0x0)?0x8:0x1)
                [!provide]                        PROVIDE (__end_bss_RAM3 = .)
                [!provide]                        PROVIDE (__end_bss_FLEX_RAM = .)

.bss            0x20000018     0x2ac0
                0x20000018                        _bss = .
                [!provide]                        PROVIDE (__start_bss_RAM = .)
                [!provide]                        PROVIDE (__start_bss_SRAM_UPPER = .)
 *(SORT_BY_ALIGNMENT(.bss*))
 .bss.led_queue
                0x20000018        0x4 ./source/LED_Component.o
                0x20000018                led_queue
 .bss.motor_queue
                0x2000001c        0x4 ./source/Motor_Control_Component.o
                0x2000001c                motor_queue
 .bss.angle_queue
                0x20000020        0x4 ./source/Motor_Control_Component.o
                0x20000020                angle_queue
 .bss.uart_queue
                0x20000024        0x4 ./source/Terminal_Component.o
                0x20000024                uart_queue
 .bss.new_char  0x20000028        0x4 ./source/Terminal_Component.o
                0x20000028                new_char
 .bss.ucHeap    0x2000002c     0x2800 ./freertos/freertos_kernel/portable/MemMang/heap_4.o
 .bss.xStart    0x2000282c        0x8 ./freertos/freertos_kernel/portable/MemMang/heap_4.o
 .bss.pxEnd     0x20002834        0x4 ./freertos/freertos_kernel/portable/MemMang/heap_4.o
 .bss.xFreeBytesRemaining
                0x20002838        0x4 ./freertos/freertos_kernel/portable/MemMang/heap_4.o
 .bss.xMinimumEverFreeBytesRemaining
                0x2000283c        0x4 ./freertos/freertos_kernel/portable/MemMang/heap_4.o
 .bss.xNumberOfSuccessfulAllocations
                0x20002840        0x4 ./freertos/freertos_kernel/portable/MemMang/heap_4.o
 .bss.xNumberOfSuccessfulFrees
                0x20002844        0x4 ./freertos/freertos_kernel/portable/MemMang/heap_4.o
 .bss.xBlockAllocatedBit
                0x20002848        0x4 ./freertos/freertos_kernel/portable/MemMang/heap_4.o
 .bss.ulMaxPRIGROUPValue
                0x2000284c        0x4 ./freertos/freertos_kernel/portable/GCC/ARM_CM4F/port.o
 .bss.xQueueRegistry
                0x20002850       0x40 ./freertos/freertos_kernel/queue.o
                0x20002850                xQueueRegistry
 .bss.pxCurrentTCB
                0x20002890        0x4 ./freertos/freertos_kernel/tasks.o
                0x20002890                pxCurrentTCB
 .bss.pxReadyTasksLists
                0x20002894       0x64 ./freertos/freertos_kernel/tasks.o
 .bss.xDelayedTaskList1
                0x200028f8       0x14 ./freertos/freertos_kernel/tasks.o
 .bss.xDelayedTaskList2
                0x2000290c       0x14 ./freertos/freertos_kernel/tasks.o
 .bss.pxDelayedTaskList
                0x20002920        0x4 ./freertos/freertos_kernel/tasks.o
 .bss.pxOverflowDelayedTaskList
                0x20002924        0x4 ./freertos/freertos_kernel/tasks.o
 .bss.xPendingReadyList
                0x20002928       0x14 ./freertos/freertos_kernel/tasks.o
 .bss.xTasksWaitingTermination
                0x2000293c       0x14 ./freertos/freertos_kernel/tasks.o
 .bss.uxDeletedTasksWaitingCleanUp
                0x20002950        0x4 ./freertos/freertos_kernel/tasks.o
 .bss.xSuspendedTaskList
                0x20002954       0x14 ./freertos/freertos_kernel/tasks.o
 .bss.uxCurrentNumberOfTasks
                0x20002968        0x4 ./freertos/freertos_kernel/tasks.o
 .bss.xTickCount
                0x2000296c        0x4 ./freertos/freertos_kernel/tasks.o
 .bss.uxTopReadyPriority
                0x20002970        0x4 ./freertos/freertos_kernel/tasks.o
 .bss.xSchedulerRunning
                0x20002974        0x4 ./freertos/freertos_kernel/tasks.o
 .bss.xPendedTicks
                0x20002978        0x4 ./freertos/freertos_kernel/tasks.o
 .bss.xYieldPending
                0x2000297c        0x4 ./freertos/freertos_kernel/tasks.o
 .bss.xNumOfOverflows
                0x20002980        0x4 ./freertos/freertos_kernel/tasks.o
 .bss.uxTaskNumber
                0x20002984        0x4 ./freertos/freertos_kernel/tasks.o
 .bss.xNextTaskUnblockTime
                0x20002988        0x4 ./freertos/freertos_kernel/tasks.o
 .bss.xIdleTaskHandle
                0x2000298c        0x4 ./freertos/freertos_kernel/tasks.o
 .bss.uxSchedulerSuspended
                0x20002990        0x4 ./freertos/freertos_kernel/tasks.o
 .bss.xActiveTimerList1
                0x20002994       0x14 ./freertos/freertos_kernel/timers.o
 .bss.xActiveTimerList2
                0x200029a8       0x14 ./freertos/freertos_kernel/timers.o
 .bss.pxCurrentTimerList
                0x200029bc        0x4 ./freertos/freertos_kernel/timers.o
 .bss.pxOverflowTimerList
                0x200029c0        0x4 ./freertos/freertos_kernel/timers.o
 .bss.xTimerQueue
                0x200029c4        0x4 ./freertos/freertos_kernel/timers.o
 .bss.xTimerTaskHandle
                0x200029c8        0x4 ./freertos/freertos_kernel/timers.o
 .bss.xLastTime.0
                0x200029cc        0x4 ./freertos/freertos_kernel/timers.o
 .bss.s_extPllFreq
                0x200029d0        0x4 ./drivers/fsl_clock.o
 .bss.g_xtal0Freq
                0x200029d4        0x4 ./drivers/fsl_clock.o
                0x200029d4                g_xtal0Freq
 .bss.g_xtal32Freq
                0x200029d8        0x4 ./drivers/fsl_clock.o
                0x200029d8                g_xtal32Freq
 .bss.g_dspiHandle
                0x200029dc        0xc ./drivers/fsl_dspi.o
 .bss.s_dspiMasterIsr
                0x200029e8        0x4 ./drivers/fsl_dspi.o
 .bss.s_dspiSlaveIsr
                0x200029ec        0x4 ./drivers/fsl_dspi.o
 .bss.s_lpuartHandle
                0x200029f0        0x4 ./drivers/fsl_lpuart.o
                0x200029f0                s_lpuartHandle
 .bss.s_lpuartIsr
                0x200029f4        0x4 ./drivers/fsl_lpuart.o
                0x200029f4                s_lpuartIsr
 .bss.s_uartHandle
                0x200029f8       0x14 ./drivers/fsl_uart.o
                0x200029f8                s_uartHandle
 .bss.s_uartIsr
                0x20002a0c        0x4 ./drivers/fsl_uart.o
                0x20002a0c                s_uartIsr
 .bss.errno     0x20002a10        0x4 c:/nxp/mcuxpressoide_11.9.0_2144/ide/plugins/com.nxp.mcuxpresso.tools.win32_11.9.0.202307121226/tools/bin/../lib/gcc/arm-none-eabi/12.3.1/../../../../arm-none-eabi/lib/thumb/v7e-m+fp/hard\libcr_c.a(errno.o)
                0x20002a10                errno
 .bss.__end_of_heap
                0x20002a14        0x4 c:/nxp/mcuxpressoide_11.9.0_2144/ide/plugins/com.nxp.mcuxpresso.tools.win32_11.9.0.202307121226/tools/bin/../lib/gcc/arm-none-eabi/12.3.1/../../../../arm-none-eabi/lib/thumb/v7e-m+fp/hard\libcr_c.a(__init_alloc.o)
                0x20002a14                __end_of_heap
 .bss.__heaps   0x20002a18        0x4 c:/nxp/mcuxpressoide_11.9.0_2144/ide/plugins/com.nxp.mcuxpresso.tools.win32_11.9.0.202307121226/tools/bin/../lib/gcc/arm-none-eabi/12.3.1/../../../../arm-none-eabi/lib/thumb/v7e-m+fp/hard\libcr_c.a(__init_alloc.o)
                0x20002a18                __heaps
 .bss.__Ciob    0x20002a1c       0xb4 c:/nxp/mcuxpressoide_11.9.0_2144/ide/plugins/com.nxp.mcuxpresso.tools.win32_11.9.0.202307121226/tools/bin/../lib/gcc/arm-none-eabi/12.3.1/../../../../arm-none-eabi/lib/thumb/v7e-m+fp/hard\libcr_semihost_nf.a(__ciob.o)
                0x20002a1c                __Ciob
 .bss.ch        0x20002ad0        0x1 ./source/Terminal_Component.o
                0x20002ad0                ch
 .bss.ucMaxSysCallPriority
                0x20002ad1        0x1 ./freertos/freertos_kernel/portable/GCC/ARM_CM4F/port.o
 *(SORT_BY_ALIGNMENT(COMMON))
                0x20002ad8                        . = ALIGN (0x8)
 *fill*         0x20002ad2        0x6 
                0x20002ad8                        _ebss = .
                [!provide]                        PROVIDE (__end_bss_RAM = .)
                [!provide]                        PROVIDE (__end_bss_SRAM_UPPER = .)
                [!provide]                        PROVIDE (end = .)

.noinit_RAM2    0x1fff0000        0x0
                [!provide]                        PROVIDE (__start_noinit_RAM2 = .)
                [!provide]                        PROVIDE (__start_noinit_SRAM_LOWER = .)
 *(SORT_BY_ALIGNMENT(.noinit.$RAM2))
 *(SORT_BY_ALIGNMENT(.noinit.$SRAM_LOWER))
 *(SORT_BY_ALIGNMENT(.noinit.$RAM2.*))
 *(SORT_BY_ALIGNMENT(.noinit.$SRAM_LOWER.*))
                0x1fff0000                        . = ALIGN (0x8)
                [!provide]                        PROVIDE (__end_noinit_RAM2 = .)
                [!provide]                        PROVIDE (__end_noinit_SRAM_LOWER = .)

.noinit_RAM3    0x14000000        0x0
                [!provide]                        PROVIDE (__start_noinit_RAM3 = .)
                [!provide]                        PROVIDE (__start_noinit_FLEX_RAM = .)
 *(SORT_BY_ALIGNMENT(.noinit.$RAM3))
 *(SORT_BY_ALIGNMENT(.noinit.$FLEX_RAM))
 *(SORT_BY_ALIGNMENT(.noinit.$RAM3.*))
 *(SORT_BY_ALIGNMENT(.noinit.$FLEX_RAM.*))
                0x14000000                        . = ALIGN (0x8)
                [!provide]                        PROVIDE (__end_noinit_RAM3 = .)
                [!provide]                        PROVIDE (__end_noinit_FLEX_RAM = .)

.noinit         0x20002ad8        0x0
                0x20002ad8                        _noinit = .
                [!provide]                        PROVIDE (__start_noinit_RAM = .)
                [!provide]                        PROVIDE (__start_noinit_SRAM_UPPER = .)
 *(SORT_BY_ALIGNMENT(.noinit*))
                0x20002ad8                        . = ALIGN (0x8)
                0x20002ad8                        _end_noinit = .
                [!provide]                        PROVIDE (__end_noinit_RAM = .)
                [!provide]                        PROVIDE (__end_noinit_SRAM_UPPER = .)
                0x00001000                        _HeapSize = 0x1000

.heap           0x20002ad8     0x1000
                0x20002ad8                        _pvHeapStart = .
                0x20003ad8                        . = (. + _HeapSize)
 *fill*         0x20002ad8     0x1000 
                0x20003ad8                        . = ALIGN (0x8)
                0x20003ad8                        _pvHeapLimit = .
                0x00001000                        _StackSize = 0x1000

.heap2stackfill
                0x20003ad8     0x1000
                0x20004ad8                        . = (. + _StackSize)
 *fill*         0x20003ad8     0x1000 

.stack          0x2002f000        0x0
                0x2002f000                        _vStackBase = .
                0x2002f000                        . = ALIGN (0x8)
                0x20030000                        _vStackTop = (. + _StackSize)
                0x00000000                        _image_start = LOADADDR (.text)
                0x000078e8                        _image_end = (LOADADDR (.data) + SIZEOF (.data))
                0x000078e8                        _image_size = (_image_end - _image_start)
OUTPUT(4DS4-Best-Project.axf elf32-littlearm)
LOAD linker stubs

.debug_info     0x00000000    0x1e1df
 .debug_info    0x00000000       0xcc ./utilities/fsl_assert.o
 .debug_info    0x000000cc      0xe90 ./startup/startup_mk66f18.o
 .debug_info    0x00000f5c      0xe70 ./source/LED_Component.o
 .debug_info    0x00001dcc      0xf57 ./source/Motor_Control_Component.o
 .debug_info    0x00002d23      0xdc1 ./source/RC_Receiver_Component.o
 .debug_info    0x00003ae4     0x1313 ./source/Terminal_Component.o
 .debug_info    0x00004df7       0xf3 ./source/freertos_hello.o
 .debug_info    0x00004eea       0x3c ./source/semihost_hardfault.o
 .debug_info    0x00004f26      0x4f3 ./freertos/freertos_kernel/portable/MemMang/heap_4.o
 .debug_info    0x00005419      0x4ef ./freertos/freertos_kernel/portable/GCC/ARM_CM4F/port.o
 .debug_info    0x00005908      0x2be ./freertos/freertos_kernel/list.o
 .debug_info    0x00005bc6     0x18e4 ./freertos/freertos_kernel/queue.o
 .debug_info    0x000074aa     0x2322 ./freertos/freertos_kernel/tasks.o
 .debug_info    0x000097cc     0x1082 ./freertos/freertos_kernel/timers.o
 .debug_info    0x0000a84e     0x296f ./drivers/fsl_clock.o
 .debug_info    0x0000d1bd     0x26c4 ./drivers/fsl_dspi.o
 .debug_info    0x0000f881     0x1728 ./drivers/fsl_ftm.o
 .debug_info    0x00010fa9     0x1e86 ./drivers/fsl_lpuart.o
 .debug_info    0x00012e2f     0x20dd ./drivers/fsl_uart.o
 .debug_info    0x00014f0c      0xa4e ./device/system_MK66F18.o
 .debug_info    0x0001595a      0xdfb ./board/clock_config.o
 .debug_info    0x00016755      0x305 ./board/pin_mux.o
 .debug_info    0x00016a5a       0x85 c:/nxp/mcuxpressoide_11.9.0_2144/ide/plugins/com.nxp.mcuxpresso.tools.win32_11.9.0.202307121226/tools/bin/../lib/gcc/arm-none-eabi/12.3.1/../../../../arm-none-eabi/lib/thumb/v7e-m+fp/hard\libcr_semihost_nf.a(_cr__main.o)
 .debug_info    0x00016adf      0x119 c:/nxp/mcuxpressoide_11.9.0_2144/ide/plugins/com.nxp.mcuxpresso.tools.win32_11.9.0.202307121226/tools/bin/../lib/gcc/arm-none-eabi/12.3.1/../../../../arm-none-eabi/lib/thumb/v7e-m+fp/hard\libcr_c.a(memcpy.o)
 .debug_info    0x00016bf8       0xe3 c:/nxp/mcuxpressoide_11.9.0_2144/ide/plugins/com.nxp.mcuxpresso.tools.win32_11.9.0.202307121226/tools/bin/../lib/gcc/arm-none-eabi/12.3.1/../../../../arm-none-eabi/lib/thumb/v7e-m+fp/hard\libcr_c.a(memset.o)
 .debug_info    0x00016cdb      0x506 c:/nxp/mcuxpressoide_11.9.0_2144/ide/plugins/com.nxp.mcuxpresso.tools.win32_11.9.0.202307121226/tools/bin/../lib/gcc/arm-none-eabi/12.3.1/../../../../arm-none-eabi/lib/thumb/v7e-m+fp/hard\libcr_c.a(alloc.o)
 .debug_info    0x000171e1       0x44 c:/nxp/mcuxpressoide_11.9.0_2144/ide/plugins/com.nxp.mcuxpresso.tools.win32_11.9.0.202307121226/tools/bin/../lib/gcc/arm-none-eabi/12.3.1/../../../../arm-none-eabi/lib/thumb/v7e-m+fp/hard\libcr_c.a(errno.o)
 .debug_info    0x00017225      0x339 c:/nxp/mcuxpressoide_11.9.0_2144/ide/plugins/com.nxp.mcuxpresso.tools.win32_11.9.0.202307121226/tools/bin/../lib/gcc/arm-none-eabi/12.3.1/../../../../arm-none-eabi/lib/thumb/v7e-m+fp/hard\libcr_c.a(initio.o)
 .debug_info    0x0001755e     0x1268 c:/nxp/mcuxpressoide_11.9.0_2144/ide/plugins/com.nxp.mcuxpresso.tools.win32_11.9.0.202307121226/tools/bin/../lib/gcc/arm-none-eabi/12.3.1/../../../../arm-none-eabi/lib/thumb/v7e-m+fp/hard\libcr_c.a(printf.o)
 .debug_info    0x000187c6      0x1f6 c:/nxp/mcuxpressoide_11.9.0_2144/ide/plugins/com.nxp.mcuxpresso.tools.win32_11.9.0.202307121226/tools/bin/../lib/gcc/arm-none-eabi/12.3.1/../../../../arm-none-eabi/lib/thumb/v7e-m+fp/hard\libcr_c.a(setvbuf.o)
 .debug_info    0x000189bc       0xda c:/nxp/mcuxpressoide_11.9.0_2144/ide/plugins/com.nxp.mcuxpresso.tools.win32_11.9.0.202307121226/tools/bin/../lib/gcc/arm-none-eabi/12.3.1/../../../../arm-none-eabi/lib/thumb/v7e-m+fp/hard\libcr_c.a(strlen.o)
 .debug_info    0x00018a96       0xd4 c:/nxp/mcuxpressoide_11.9.0_2144/ide/plugins/com.nxp.mcuxpresso.tools.win32_11.9.0.202307121226/tools/bin/../lib/gcc/arm-none-eabi/12.3.1/../../../../arm-none-eabi/lib/thumb/v7e-m+fp/hard\libcr_c.a(__init_alloc.o)
 .debug_info    0x00018b6a      0x100 c:/nxp/mcuxpressoide_11.9.0_2144/ide/plugins/com.nxp.mcuxpresso.tools.win32_11.9.0.202307121226/tools/bin/../lib/gcc/arm-none-eabi/12.3.1/../../../../arm-none-eabi/lib/thumb/v7e-m+fp/hard\libcr_c.a(_cr_sbrk.o)
 .debug_info    0x00018c6a      0x362 c:/nxp/mcuxpressoide_11.9.0_2144/ide/plugins/com.nxp.mcuxpresso.tools.win32_11.9.0.202307121226/tools/bin/../lib/gcc/arm-none-eabi/12.3.1/../../../../arm-none-eabi/lib/thumb/v7e-m+fp/hard\libcr_c.a(_deferredlazyseek.o)
 .debug_info    0x00018fcc      0x244 c:/nxp/mcuxpressoide_11.9.0_2144/ide/plugins/com.nxp.mcuxpresso.tools.win32_11.9.0.202307121226/tools/bin/../lib/gcc/arm-none-eabi/12.3.1/../../../../arm-none-eabi/lib/thumb/v7e-m+fp/hard\libcr_c.a(_fdopen.o)
 .debug_info    0x00019210      0x1e3 c:/nxp/mcuxpressoide_11.9.0_2144/ide/plugins/com.nxp.mcuxpresso.tools.win32_11.9.0.202307121226/tools/bin/../lib/gcc/arm-none-eabi/12.3.1/../../../../arm-none-eabi/lib/thumb/v7e-m+fp/hard\libcr_c.a(_fflush.o)
 .debug_info    0x000193f3      0x282 c:/nxp/mcuxpressoide_11.9.0_2144/ide/plugins/com.nxp.mcuxpresso.tools.win32_11.9.0.202307121226/tools/bin/../lib/gcc/arm-none-eabi/12.3.1/../../../../arm-none-eabi/lib/thumb/v7e-m+fp/hard\libcr_c.a(_writebuf.o)
 .debug_info    0x00019675      0x318 c:/nxp/mcuxpressoide_11.9.0_2144/ide/plugins/com.nxp.mcuxpresso.tools.win32_11.9.0.202307121226/tools/bin/../lib/gcc/arm-none-eabi/12.3.1/../../../../arm-none-eabi/lib/thumb/v7e-m+fp/hard\libcr_c.a(fclose.o)
 .debug_info    0x0001998d      0x202 c:/nxp/mcuxpressoide_11.9.0_2144/ide/plugins/com.nxp.mcuxpresso.tools.win32_11.9.0.202307121226/tools/bin/../lib/gcc/arm-none-eabi/12.3.1/../../../../arm-none-eabi/lib/thumb/v7e-m+fp/hard\libcr_c.a(fflush.o)
 .debug_info    0x00019b8f      0x276 c:/nxp/mcuxpressoide_11.9.0_2144/ide/plugins/com.nxp.mcuxpresso.tools.win32_11.9.0.202307121226/tools/bin/../lib/gcc/arm-none-eabi/12.3.1/../../../../arm-none-eabi/lib/thumb/v7e-m+fp/hard\libcr_c.a(fseek.o)
 .debug_info    0x00019e05      0x190 c:/nxp/mcuxpressoide_11.9.0_2144/ide/plugins/com.nxp.mcuxpresso.tools.win32_11.9.0.202307121226/tools/bin/../lib/gcc/arm-none-eabi/12.3.1/../../../../arm-none-eabi/lib/thumb/v7e-m+fp/hard\libcr_c.a(ftell.o)
 .debug_info    0x00019f95      0x1ca c:/nxp/mcuxpressoide_11.9.0_2144/ide/plugins/com.nxp.mcuxpresso.tools.win32_11.9.0.202307121226/tools/bin/../lib/gcc/arm-none-eabi/12.3.1/../../../../arm-none-eabi/lib/thumb/v7e-m+fp/hard\libcr_c.a(remove.o)
 .debug_info    0x0001a15f       0x71 c:/nxp/mcuxpressoide_11.9.0_2144/ide/plugins/com.nxp.mcuxpresso.tools.win32_11.9.0.202307121226/tools/bin/../lib/gcc/arm-none-eabi/12.3.1/../../../../arm-none-eabi/lib/thumb/v7e-m+fp/hard\libcr_c.a(_cr_check_heap.o)
 .debug_info    0x0001a1d0      0x23a c:/nxp/mcuxpressoide_11.9.0_2144/ide/plugins/com.nxp.mcuxpresso.tools.win32_11.9.0.202307121226/tools/bin/../lib/gcc/arm-none-eabi/12.3.1/../../../../arm-none-eabi/lib/thumb/v7e-m+fp/hard\libcr_c.a(_do_fflush.o)