Archive member included to satisfy reference by file (symbol)

c:/nxp/mcuxpressoide_11.9.0_2144/ide/plugins/com.nxp.mcuxpresso.tools.win32_11.9.0.202307121226/tools/bin/../lib/gcc/arm-none-eabi/12.3.1/../../../../arm-none-eabi/lib/thumb/v7e-m+fp/hard\libcr_semihost_nf.a(_cr__main.o)
                              ./startup/startup_mk66f18.o (__main)
c:/nxp/mcuxpressoide_11.9.0_2144/ide/plugins/com.nxp.mcuxpresso.tools.win32_11.9.0.202307121226/tools/bin/../lib/gcc/arm-none-eabi/12.3.1/../../../../arm-none-eabi/lib/thumb/v7e-m+fp/hard\libcr_c.a(memcpy.o)
                              ./utilities/fsl_str.o (memcpy)
c:/nxp/mcuxpressoide_11.9.0_2144/ide/plugins/com.nxp.mcuxpresso.tools.win32_11.9.0.202307121226/tools/bin/../lib/gcc/arm-none-eabi/12.3.1/../../../../arm-none-eabi/lib/thumb/v7e-m+fp/hard\libcr_c.a(memset.o)
                              ./freertos/freertos_kernel/stream_buffer.o (memset)
c:/nxp/mcuxpressoide_11.9.0_2144/ide/plugins/com.nxp.mcuxpresso.tools.win32_11.9.0.202307121226/tools/bin/../lib/gcc/arm-none-eabi/12.3.1/../../../../arm-none-eabi/lib/thumb/v7e-m+fp/hard\libcr_c.a(alloc.o)
                              ./source/Accelerometer_Component.o (malloc)
c:/nxp/mcuxpressoide_11.9.0_2144/ide/plugins/com.nxp.mcuxpresso.tools.win32_11.9.0.202307121226/tools/bin/../lib/gcc/arm-none-eabi/12.3.1/../../../../arm-none-eabi/lib/thumb/v7e-m+fp/hard\libcr_c.a(errno.o)
                              ./utilities/fsl_str.o (errno)
c:/nxp/mcuxpressoide_11.9.0_2144/ide/plugins/com.nxp.mcuxpresso.tools.win32_11.9.0.202307121226/tools/bin/../lib/gcc/arm-none-eabi/12.3.1/../../../../arm-none-eabi/lib/thumb/v7e-m+fp/hard\libcr_c.a(initio.o)
                              c:/nxp/mcuxpressoide_11.9.0_2144/ide/plugins/com.nxp.mcuxpresso.tools.win32_11.9.0.202307121226/tools/bin/../lib/gcc/arm-none-eabi/12.3.1/../../../../arm-none-eabi/lib/thumb/v7e-m+fp/hard\libcr_semihost_nf.a(_cr__main.o) (_initio)
c:/nxp/mcuxpressoide_11.9.0_2144/ide/plugins/com.nxp.mcuxpresso.tools.win32_11.9.0.202307121226/tools/bin/../lib/gcc/arm-none-eabi/12.3.1/../../../../arm-none-eabi/lib/thumb/v7e-m+fp/hard\libcr_c.a(printf.o)
                              ./source/Terminal_Component.o (_vsprintf)
c:/nxp/mcuxpressoide_11.9.0_2144/ide/plugins/com.nxp.mcuxpresso.tools.win32_11.9.0.202307121226/tools/bin/../lib/gcc/arm-none-eabi/12.3.1/../../../../arm-none-eabi/lib/thumb/v7e-m+fp/hard\libcr_c.a(scanf.o)
                              ./utilities/fsl_str.o (strtoul)
c:/nxp/mcuxpressoide_11.9.0_2144/ide/plugins/com.nxp.mcuxpresso.tools.win32_11.9.0.202307121226/tools/bin/../lib/gcc/arm-none-eabi/12.3.1/../../../../arm-none-eabi/lib/thumb/v7e-m+fp/hard\libcr_c.a(setvbuf.o)
                              c:/nxp/mcuxpressoide_11.9.0_2144/ide/plugins/com.nxp.mcuxpresso.tools.win32_11.9.0.202307121226/tools/bin/../lib/gcc/arm-none-eabi/12.3.1/../../../../arm-none-eabi/lib/thumb/v7e-m+fp/hard\libcr_c.a(initio.o) (setvbuf)
c:/nxp/mcuxpressoide_11.9.0_2144/ide/plugins/com.nxp.mcuxpresso.tools.win32_11.9.0.202307121226/tools/bin/../lib/gcc/arm-none-eabi/12.3.1/../../../../arm-none-eabi/lib/thumb/v7e-m+fp/hard\libcr_c.a(strlen.o)
                              ./utilities/fsl_str.o (strlen)
c:/nxp/mcuxpressoide_11.9.0_2144/ide/plugins/com.nxp.mcuxpresso.tools.win32_11.9.0.202307121226/tools/bin/../lib/gcc/arm-none-eabi/12.3.1/../../../../arm-none-eabi/lib/thumb/v7e-m+fp/hard\libcr_c.a(ungetc.o)
                              c:/nxp/mcuxpressoide_11.9.0_2144/ide/plugins/com.nxp.mcuxpresso.tools.win32_11.9.0.202307121226/tools/bin/../lib/gcc/arm-none-eabi/12.3.1/../../../../arm-none-eabi/lib/thumb/v7e-m+fp/hard\libcr_c.a(scanf.o) (ungetc)
c:/nxp/mcuxpressoide_11.9.0_2144/ide/plugins/com.nxp.mcuxpresso.tools.win32_11.9.0.202307121226/tools/bin/../lib/gcc/arm-none-eabi/12.3.1/../../../../arm-none-eabi/lib/thumb/v7e-m+fp/hard\libcr_c.a(__fillbuf.o)
                              c:/nxp/mcuxpressoide_11.9.0_2144/ide/plugins/com.nxp.mcuxpresso.tools.win32_11.9.0.202307121226/tools/bin/../lib/gcc/arm-none-eabi/12.3.1/../../../../arm-none-eabi/lib/thumb/v7e-m+fp/hard\libcr_c.a(scanf.o) (__filbuf)
c:/nxp/mcuxpressoide_11.9.0_2144/ide/plugins/com.nxp.mcuxpresso.tools.win32_11.9.0.202307121226/tools/bin/../lib/gcc/arm-none-eabi/12.3.1/../../../../arm-none-eabi/lib/thumb/v7e-m+fp/hard\libcr_c.a(__init_alloc.o)
                              c:/nxp/mcuxpressoide_11.9.0_2144/ide/plugins/com.nxp.mcuxpresso.tools.win32_11.9.0.202307121226/tools/bin/../lib/gcc/arm-none-eabi/12.3.1/../../../../arm-none-eabi/lib/thumb/v7e-m+fp/hard\libcr_c.a(alloc.o) (__heaps)
c:/nxp/mcuxpressoide_11.9.0_2144/ide/plugins/com.nxp.mcuxpresso.tools.win32_11.9.0.202307121226/tools/bin/../lib/gcc/arm-none-eabi/12.3.1/../../../../arm-none-eabi/lib/thumb/v7e-m+fp/hard\libcr_c.a(_cr_sbrk.o)
[...]
Memory Configuration

Name             Origin             Length             Attributes
PROGRAM_FLASH    0x00000000         0x00200000         xr
SRAM_UPPER       0x20000000         0x00030000         xrw
SRAM_LOWER       0x1fff0000         0x00010000         xrw
FLEX_RAM         0x14000000         0x00001000         xrw
*default*        0x00000000         0xffffffff

Linker script and memory map

LOAD ./utilities/fsl_assert.o
LOAD ./utilities/fsl_debug_console.o
LOAD ./utilities/fsl_str.o
LOAD ./startup/startup_mk66f18.o
LOAD ./source/Accelerometer_Component.o
LOAD ./source/LED_Component.o
LOAD ./source/Motor_Control_Component.o
LOAD ./source/RC_Receiver_Component.o
LOAD ./source/Terminal_Component.o
LOAD ./source/freertos_hello.o
LOAD ./source/fsl_fxos.o
LOAD ./source/semihost_hardfault.o
LOAD ./freertos/freertos_kernel/portable/MemMang/heap_4.o
LOAD ./freertos/freertos_kernel/portable/GCC/ARM_CM4F/port.o
LOAD ./freertos/freertos_kernel/croutine.o
LOAD ./freertos/freertos_kernel/event_groups.o
LOAD ./freertos/freertos_kernel/list.o
LOAD ./freertos/freertos_kernel/queue.o
LOAD ./freertos/freertos_kernel/stream_buffer.o
LOAD ./freertos/freertos_kernel/tasks.o
LOAD ./freertos/freertos_kernel/timers.o
LOAD ./drivers/fsl_clock.o
LOAD ./drivers/fsl_common.o
LOAD ./drivers/fsl_common_arm.o
LOAD ./drivers/fsl_dspi.o
LOAD ./drivers/fsl_ftfx_cache.o
LOAD ./drivers/fsl_ftfx_controller.o
LOAD ./drivers/fsl_ftfx_flash.o
LOAD ./drivers/fsl_ftfx_flexnvm.o
LOAD ./drivers/fsl_ftm.o
LOAD ./drivers/fsl_gpio.o
LOAD ./drivers/fsl_lpuart.o
LOAD ./drivers/fsl_smc.o
LOAD ./drivers/fsl_uart.o
LOAD ./device/system_MK66F18.o
LOAD ./component/uart/fsl_adapter_uart.o
LOAD ./component/serial_manager/fsl_component_serial_manager.o
LOAD ./component/serial_manager/fsl_component_serial_port_uart.o
LOAD ./component/lists/fsl_component_generic_list.o
LOAD ./board/board.o
LOAD ./board/clock_config.o
LOAD ./board/pin_mux.o
START GROUP
LOAD c:/nxp/mcuxpressoide_11.9.0_2144/ide/plugins/com.nxp.mcuxpresso.tools.win32_11.9.0.202307121226/tools/bin/../lib/gcc/arm-none-eabi/12.3.1/../../../../arm-none-eabi/lib/thumb/v7e-m+fp/hard\libcr_semihost_nf.a
LOAD c:/nxp/mcuxpressoide_11.9.0_2144/ide/plugins/com.nxp.mcuxpresso.tools.win32_11.9.0.202307121226/tools/bin/../lib/gcc/arm-none-eabi/12.3.1/../../../../arm-none-eabi/lib/thumb/v7e-m+fp/hard\libcr_c.a
LOAD c:/nxp/mcuxpressoide_11.9.0_2144/ide/plugins/com.nxp.mcuxpresso.tools.win32_11.9.0.202307121226/tools/bin/../lib/gcc/arm-none-eabi/12.3.1/thumb/v7e-m+fp/hard\libcr_eabihelpers.a
LOAD c:/nxp/mcuxpressoide_11.9.0_2144/ide/plugins/com.nxp.mcuxpresso.tools.win32_11.9.0.202307121226/tools/bin/../lib/gcc/arm-none-eabi/12.3.1/thumb/v7e-m+fp/hard\libgcc.a
END GROUP
                0x00000000                        __base_PROGRAM_FLASH = 0x0
                0x00000000                        __base_Flash = 0x0
                0x00200000                        __top_PROGRAM_FLASH = 0x200000
                0x00200000                        __top_Flash = 0x200000
                0x20000000                        __base_SRAM_UPPER = 0x20000000
                0x20000000                        __base_RAM = 0x20000000
                0x20030000                        __top_SRAM_UPPER = 0x20030000
                0x20030000                        __top_RAM = 0x20030000
                0x1fff0000                        __base_SRAM_LOWER = 0x1fff0000
                0x1fff0000                        __base_RAM2 = 0x1fff0000
                0x20000000                        __top_SRAM_LOWER = 0x20000000
                0x20000000                        __top_RAM2 = 0x20000000
                0x14000000                        __base_FLEX_RAM = 0x14000000
                0x14000000                        __base_RAM3 = 0x14000000
                0x14001000                        __top_FLEX_RAM = 0x14001000
                0x14001000                        __top_RAM3 = 0x14001000

.text           0x00000000     0x6eb0
 FILL mask 0xff
                0x00000000                        __vectors_start__ = ABSOLUTE (.)
 *(SORT_BY_ALIGNMENT(.isr_vector))
 .isr_vector    0x00000000      0x1d0 ./startup/startup_mk66f18.o
                0x00000000                g_pfnVectors
                0x00000000                __Vectors
                0x000001d0                        . = ALIGN (0x4)
                0x000001d0                        __section_table_start = .
                0x000001d0                        __data_section_table = .
                0x000001d0        0x4 LONG 0x6eb0 LOADADDR (.data)
                0x000001d4        0x4 LONG 0x20000000 ADDR (.data)
                0x000001d8        0x4 LONG 0x18 SIZEOF (.data)
                0x000001dc        0x4 LONG 0x6eb0 LOADADDR (.data_RAM2)
                0x000001e0        0x4 LONG 0x1fff0000 ADDR (.data_RAM2)
                0x000001e4        0x4 LONG 0x0 SIZEOF (.data_RAM2)
                0x000001e8        0x4 LONG 0x6eb0 LOADADDR (.data_RAM3)
                0x000001ec        0x4 LONG 0x14000000 ADDR (.data_RAM3)
                0x000001f0        0x4 LONG 0x0 SIZEOF (.data_RAM3)
                0x000001f4                        __data_section_table_end = .
                0x000001f4                        __bss_section_table = .
                0x000001f4        0x4 LONG 0x20000018 ADDR (.bss)
                0x000001f8        0x4 LONG 0x2ab8 SIZEOF (.bss)
                0x000001fc        0x4 LONG 0x1fff0000 ADDR (.bss_RAM2)
                0x00000200        0x4 LONG 0x0 SIZEOF (.bss_RAM2)
                0x00000204        0x4 LONG 0x14000000 ADDR (.bss_RAM3)
                0x00000208        0x4 LONG 0x0 SIZEOF (.bss_RAM3)
                0x0000020c                        __bss_section_table_end = .
                0x0000020c                        __section_table_end = .
 *(SORT_BY_ALIGNMENT(.after_vectors*))
 .after_vectors.reset
                0x0000020c       0x4c ./startup/startup_mk66f18.o
                0x0000020c                ResetISR
 .after_vectors.init_data
                0x00000258       0x1e ./startup/startup_mk66f18.o
                0x00000258                data_init
 .after_vectors.init_bss
                0x00000276       0x12 ./startup/startup_mk66f18.o
                0x00000276                bss_init
 .after_vectors
                0x00000288       0x14 ./startup/startup_mk66f18.o
                0x00000288                NMI_Handler
                0x0000028c                MemManage_Handler
                0x0000028e                BusFault_Handler
                0x00000290                UsageFault_Handler
                0x00000294                DebugMon_Handler
                0x0000029a                DMA_Error_DriverIRQHandler
                0x0000029a                FTM1_DriverIRQHandler
                0x0000029a                FTM2_DriverIRQHandler
                0x0000029a                PIT2_DriverIRQHandler
                0x0000029a                TPM2_DriverIRQHandler
                0x0000029a                SDHC_DriverIRQHandler
                0x0000029a                DMA7_DMA23_DriverIRQHandler
                0x0000029a                I2C3_DriverIRQHandler
                0x0000029a                I2S0_Tx_DriverIRQHandler
                0x0000029a                TSI0_DriverIRQHandler
                0x0000029a                RTC_Seconds_DriverIRQHandler
                0x0000029a                CMP3_DriverIRQHandler
                0x0000029a                LLWU_DriverIRQHandler
                0x0000029a                MCM_DriverIRQHandler
                0x0000029a                DMA14_DMA30_DriverIRQHandler
                0x0000029a                MCG_DriverIRQHandler
                0x0000029a                ENET_1588_Timer_DriverIRQHandler
                0x0000029a                I2C2_DriverIRQHandler
                0x0000029a                DAC1_DriverIRQHandler
                0x0000029a                LPTMR0_DriverIRQHandler
                0x0000029a                CMP1_DriverIRQHandler
                0x0000029a                USBHSDCD_DriverIRQHandler
                0x0000029a                DMA0_DMA16_DriverIRQHandler
                0x0000029a                FTM0_DriverIRQHandler
                0x0000029a                IntDefaultHandler
                0x0000029a                USB0_DriverIRQHandler
                0x0000029a                PORTC_DriverIRQHandler
                0x0000029a                DMA2_DMA18_DriverIRQHandler
                0x0000029a                DAC0_DriverIRQHandler
                0x0000029a                CMP2_DriverIRQHandler
                0x0000029a                UART2_ERR_DriverIRQHandler
                0x0000029a                LVD_LVW_DriverIRQHandler
                0x0000029a                Reserved84_DriverIRQHandler
                0x0000029a                PIT0_DriverIRQHandler
                0x0000029a                PORTB_DriverIRQHandler
                0x0000029a                USBDCD_DriverIRQHandler
                0x0000029a                UART3_ERR_DriverIRQHandler
                0x0000029a                DMA12_DMA28_DriverIRQHandler
                0x0000029a                DMA10_DMA26_DriverIRQHandler
                0x0000029a                UART0_ERR_DriverIRQHandler
                0x0000029a                CMT_DriverIRQHandler
                0x0000029a                Reserved71_DriverIRQHandler
                0x0000029a                ADC1_DriverIRQHandler
                0x0000029a                PORTA_DriverIRQHandler
                0x0000029a                DMA1_DMA17_DriverIRQHandler
                0x0000029a                PIT3_DriverIRQHandler
                0x0000029a                PIT1_DriverIRQHandler
                0x0000029a                TPM1_DriverIRQHandler
                0x0000029a                WDOG_EWM_DriverIRQHandler
                0x0000029a                PDB0_DriverIRQHandler
                0x0000029a                DMA8_DMA24_DriverIRQHandler
                0x0000029a                DMA6_DMA22_DriverIRQHandler
                0x0000029a                RTC_DriverIRQHandler
                0x0000029a                I2S0_Rx_DriverIRQHandler
                0x0000029a                Read_Collision_DriverIRQHandler
                0x0000029a                SWI_DriverIRQHandler
                0x0000029a                UART4_ERR_DriverIRQHandler
                0x0000029a                DMA13_DMA29_DriverIRQHandler
                0x0000029a                DMA11_DMA27_DriverIRQHandler
                0x0000029a                DMA4_DMA20_DriverIRQHandler
                0x0000029a                DMA9_DMA25_DriverIRQHandler
                0x0000029a                I2C1_DriverIRQHandler
                0x0000029a                ENET_Receive_DriverIRQHandler
                0x0000029a                DMA3_DMA19_DriverIRQHandler
                0x0000029a                ENET_Error_DriverIRQHandler
                0x0000029a                Reserved85_DriverIRQHandler
                0x0000029a                ADC0_DriverIRQHandler
                0x0000029a                USBHS_DriverIRQHandler
                0x0000029a                CMP0_DriverIRQHandler
                0x0000029a                CAN0_DriverIRQHandler
                0x0000029a                FTM3_DriverIRQHandler
                0x0000029a                DMA5_DMA21_DriverIRQHandler
                0x0000029a                RNG_DriverIRQHandler
                0x0000029a                DMA15_DMA31_DriverIRQHandler
                0x0000029a                UART1_ERR_DriverIRQHandler
                0x0000029a                ENET_Transmit_DriverIRQHandler
                0x0000029a                PORTD_DriverIRQHandler
                0x0000029a                Reserved46_DriverIRQHandler
                0x0000029a                PORTE_DriverIRQHandler
                0x0000029a                FTFE_DriverIRQHandler
                0x0000029a                I2C0_DriverIRQHandler
                0x0000029a                CAN1_DriverIRQHandler
                0x00000400                        . = 0x400
 *fill*         0x0000029c      0x164 ff
                0x00000400                        PROVIDE (__FLASH_CONFIG_START__ = .)
 *(SORT_BY_ALIGNMENT(.FlashConfig))
 .FlashConfig   0x00000400       0x10 ./startup/startup_mk66f18.o
                0x00000400                Flash_Config
                0x00000410                        PROVIDE (__FLASH_CONFIG_END__ = .)
                0x00000001                        ASSERT (! ((__FLASH_CONFIG_START__ == __FLASH_CONFIG_END__)), Linker Flash Config Support Enabled, but no .FlashConfig section provided within application)
 *(SORT_BY_ALIGNMENT(.text*))
 .text.SVC_Handler
                0x00000410       0x28 ./freertos/freertos_kernel/portable/GCC/ARM_CM4F/port.o
                0x00000410                SVC_Handler
 *fill*         0x00000438        0x8 ff
 .text.PendSV_Handler
                0x00000440       0x68 ./freertos/freertos_kernel/portable/GCC/ARM_CM4F/port.o
                0x00000440                PendSV_Handler
 .text.motorTask
                0x000004a8       0xb4 ./source/Motor_Control_Component.o
                0x000004a8                motorTask
 *fill*         0x0000055c        0x4 ff
 .text.rcTask   0x00000560      0x1a0 ./source/RC_Receiver_Component.o
                0x00000560                rcTask
 .text.__assertion_failed
                0x00000700       0x18 ./utilities/fsl_assert.o
                0x00000700                __assertion_failed
 .text.setupMotorComponent
                0x00000718       0xac ./source/Motor_Control_Component.o
                0x00000718                setupMotorComponent
 .text.firstRun
                0x000007c4       0x50 ./source/Motor_Control_Component.o
                0x000007c4                firstRun
 .text.setupMotorPins
                0x00000814       0x24 ./source/Motor_Control_Component.o
                0x00000814                setupMotorPins
 .text.setupDCMotor
                0x00000838       0x70 ./source/Motor_Control_Component.o
                0x00000838                setupDCMotor
 .text.setupServo
                0x000008a8       0x70 ./source/Motor_Control_Component.o
                0x000008a8                setupServo
 .text.updatePWM_dutyCycle
                0x00000918       0x74 ./source/Motor_Control_Component.o
                0x00000918                updatePWM_dutyCycle
 .text.positionTask
                0x0000098c       0xac ./source/Motor_Control_Component.o
                0x0000098c                positionTask
 .text.setupRCReceiverComponent
                0x00000a38       0x5c ./source/RC_Receiver_Component.o
                0x00000a38                setupRCReceiverComponent
 .text.setupRCPins
                0x00000a94       0x18 ./source/RC_Receiver_Component.o
                0x00000a94                setupRCPins
 .text.setupUART_RC
                0x00000aac       0x3c ./source/RC_Receiver_Component.o
                0x00000aac                setupUART_RC
 .text.UART4_RX_TX_IRQHandler
                0x00000ae8       0x30 ./source/Terminal_Component.o
                0x00000ae8                UART4_RX_TX_IRQHandler
 .text.pvPortMalloc
                0x00000b18      0x1c0 ./freertos/freertos_kernel/portable/MemMang/heap_4.o
                0x00000b18                pvPortMalloc
 .text.vPortFree
                0x00000cd8       0xc4 ./freertos/freertos_kernel/portable/MemMang/heap_4.o
                0x00000cd8                vPortFree
 .text.prvHeapInit
                0x00000d9c       0xc4 ./freertos/freertos_kernel/portable/MemMang/heap_4.o
 .text.prvInsertBlockIntoFreeList
                0x00000e60       0xb4 ./freertos/freertos_kernel/portable/MemMang/heap_4.o
 .text.pxPortInitialiseStack
                0x00000f14       0x68 ./freertos/freertos_kernel/portable/GCC/ARM_CM4F/port.o
                0x00000f14                pxPortInitialiseStack
 .text.prvTaskExitError
                0x00000f7c       0x58 ./freertos/freertos_kernel/portable/GCC/ARM_CM4F/port.o
 .text.prvPortStartFirstTask
                0x00000fd4       0x2c ./freertos/freertos_kernel/portable/GCC/ARM_CM4F/port.o
 .text.xPortStartScheduler
                0x00001000      0x144 ./freertos/freertos_kernel/portable/GCC/ARM_CM4F/port.o
                0x00001000                xPortStartScheduler
 .text.vPortEnterCritical
                0x00001144       0x60 ./freertos/freertos_kernel/portable/GCC/ARM_CM4F/port.o
                0x00001144                vPortEnterCritical
 .text.vPortExitCritical
                0x000011a4       0x54 ./freertos/freertos_kernel/portable/GCC/ARM_CM4F/port.o
                0x000011a4                vPortExitCritical
 .text.SysTick_Handler
                0x000011f8       0x44 ./freertos/freertos_kernel/portable/GCC/ARM_CM4F/port.o
                0x000011f8                SysTick_Handler
 .text.vPortSetupTimerInterrupt
                0x0000123c       0x48 ./freertos/freertos_kernel/portable/GCC/ARM_CM4F/port.o
                0x0000123c                vPortSetupTimerInterrupt
 .text.vPortEnableVFP
                0x00001284       0x18 ./freertos/freertos_kernel/portable/GCC/ARM_CM4F/port.o
 .text.vPortValidateInterruptPriority
                0x0000129c       0x80 ./freertos/freertos_kernel/portable/GCC/ARM_CM4F/port.o
                0x0000129c                vPortValidateInterruptPriority
 .text.xQueueGenericReset
                0x0000131c       0xd0 ./freertos/freertos_kernel/queue.o
                0x0000131c                xQueueGenericReset
 .text.xQueueGenericSend
                0x000013ec      0x1fc ./freertos/freertos_kernel/queue.o
                0x000013ec                xQueueGenericSend
 .text.xQueueReceive
                0x000015e8      0x1c0 ./freertos/freertos_kernel/queue.o
                0x000015e8                xQueueReceive
 .text.vQueueAddToRegistry
                0x000017a8       0x54 ./freertos/freertos_kernel/queue.o
                0x000017a8                vQueueAddToRegistry
 .text.prvAddNewTaskToReadyList
                0x000017fc       0xdc ./freertos/freertos_kernel/tasks.o
 .text.vTaskDelay
                0x000018d8       0x68 ./freertos/freertos_kernel/tasks.o
                0x000018d8                vTaskDelay
 .text.vTaskStartScheduler
                0x00001940       0xa4 ./freertos/freertos_kernel/tasks.o
                0x00001940                vTaskStartScheduler
 .text.vTaskSuspendAll
                0x000019e4       0x1c ./freertos/freertos_kernel/tasks.o
                0x000019e4                vTaskSuspendAll
 .text.xTaskResumeAll
                0x00001a00      0x138 ./freertos/freertos_kernel/tasks.o
                0x00001a00                xTaskResumeAll
 .text.xTaskGetTickCount
                0x00001b38       0x20 ./freertos/freertos_kernel/tasks.o
                0x00001b38                xTaskGetTickCount
 .text.xTaskIncrementTick
                0x00001b58      0x154 ./freertos/freertos_kernel/tasks.o
                0x00001b58                xTaskIncrementTick
 .text.vTaskSwitchContext
                0x00001cac       0xb8 ./freertos/freertos_kernel/tasks.o
                0x00001cac                vTaskSwitchContext
 .text.vTaskPlaceOnEventList
                0x00001d64       0x48 ./freertos/freertos_kernel/tasks.o
                0x00001d64                vTaskPlaceOnEventList
 .text.vTaskPlaceOnEventListRestricted
                0x00001dac       0x58 ./freertos/freertos_kernel/tasks.o
                0x00001dac                vTaskPlaceOnEventListRestricted
 .text.xTaskRemoveFromEventList
                0x00001e04       0xc4 ./freertos/freertos_kernel/tasks.o
                0x00001e04                xTaskRemoveFromEventList
 .text.vTaskInternalSetTimeOutState
                0x00001ec8       0x2c ./freertos/freertos_kernel/tasks.o
                0x00001ec8                vTaskInternalSetTimeOutState
 .text.xTaskCheckForTimeOut
                0x00001ef4       0xcc ./freertos/freertos_kernel/tasks.o
                0x00001ef4                xTaskCheckForTimeOut
 .text.vTaskMissedYield
                0x00001fc0       0x18 ./freertos/freertos_kernel/tasks.o
                0x00001fc0                vTaskMissedYield
 .text.prvIdleTask
                0x00001fd8       0x30 ./freertos/freertos_kernel/tasks.o
 .text.prvInitialiseTaskLists
                0x00002008       0x80 ./freertos/freertos_kernel/tasks.o
 .text.prvCheckTasksWaitingTermination
                0x00002088       0x5c ./freertos/freertos_kernel/tasks.o
 .text.prvResetNextTaskUnblockTime
                0x000020e4       0x38 ./freertos/freertos_kernel/tasks.o
 .text.xTaskGetSchedulerState
                0x0000211c       0x3c ./freertos/freertos_kernel/tasks.o
                0x0000211c                xTaskGetSchedulerState
 .text.xTaskPriorityDisinherit
                0x00002158       0xf4 ./freertos/freertos_kernel/tasks.o
                0x00002158                xTaskPriorityDisinherit
 .text.prvAddCurrentTaskToDelayedList
                0x0000224c       0xcc ./freertos/freertos_kernel/tasks.o
 .text.xTimerCreateTimerTask
                0x00002318       0x64 ./freertos/freertos_kernel/timers.o
                0x00002318                xTimerCreateTimerTask
 .text.xTimerGenericCommand
                0x0000237c       0x9c ./freertos/freertos_kernel/timers.o
                0x0000237c                xTimerGenericCommand
 .text.prvProcessExpiredTimer
                0x00002418       0x98 ./freertos/freertos_kernel/timers.o
 .text.prvProcessTimerOrBlockTask
                0x000024b0       0x9c ./freertos/freertos_kernel/timers.o
 .text.prvGetNextExpireTime
                0x0000254c       0x48 ./freertos/freertos_kernel/timers.o
 .text.prvSampleTimeNow
                0x00002594       0x40 ./freertos/freertos_kernel/timers.o
 .text.prvInsertTimerInActiveList
                0x000025d4       0x84 ./freertos/freertos_kernel/timers.o
 .text.prvProcessReceivedCommands
                0x00002658      0x1c4 ./freertos/freertos_kernel/timers.o
 .text.prvSwitchTimerLists
                0x0000281c       0xc8 ./freertos/freertos_kernel/timers.o
 .text.prvCheckForValidListAndQueue
                0x000028e4       0x6c ./freertos/freertos_kernel/timers.o
 .text.CLOCK_SetEr32kClock
                0x00002950       0x30 ./drivers/fsl_clock.o
 .text.CLOCK_SetPllFllSelClock
                0x00002980       0x54 ./drivers/fsl_clock.o
 .text.CLOCK_GetMcgExtClkFreq
                0x000029d4       0x7c ./drivers/fsl_clock.o
 .text.CLOCK_GetFllExtRefClkFreq
                0x00002a50       0xb0 ./drivers/fsl_clock.o
 .text.CLOCK_GetInternalRefClkSelectFreq
                0x00002b00       0x4c ./drivers/fsl_clock.o
 .text.CLOCK_GetFllRefClkFreq
                0x00002b4c       0x34 ./drivers/fsl_clock.o
 .text.CLOCK_GetOsc0ErClkUndivFreq
                0x00002b80       0x44 ./drivers/fsl_clock.o
                0x00002b80                CLOCK_GetOsc0ErClkUndivFreq
 .text.CLOCK_GetOsc0ErClkDivFreq
                0x00002bc4       0x58 ./drivers/fsl_clock.o
                0x00002bc4                CLOCK_GetOsc0ErClkDivFreq
 .text.CLOCK_GetEr32kClkFreq
                0x00002c1c       0x74 ./drivers/fsl_clock.o
                0x00002c1c                CLOCK_GetEr32kClkFreq
 .text.CLOCK_GetPllFllSelClkFreq
                0x00002c90       0x90 ./drivers/fsl_clock.o
                0x00002c90                CLOCK_GetPllFllSelClkFreq
 .text.CLOCK_GetFreq
                0x00002d20      0x148 ./drivers/fsl_clock.o
                0x00002d20                CLOCK_GetFreq
 .text.CLOCK_SetSimConfig
                0x00002e68       0x40 ./drivers/fsl_clock.o
                0x00002e68                CLOCK_SetSimConfig
 .text.CLOCK_GetOutClkFreq
                0x00002ea8       0x90 ./drivers/fsl_clock.o
                0x00002ea8                CLOCK_GetOutClkFreq
 .text.CLOCK_GetFllFreq
                0x00002f38       0x84 ./drivers/fsl_clock.o
                0x00002f38                CLOCK_GetFllFreq
 .text.CLOCK_GetInternalRefClkFreq
                0x00002fbc       0x30 ./drivers/fsl_clock.o
                0x00002fbc                CLOCK_GetInternalRefClkFreq
 .text.CLOCK_GetPll0Freq
                0x00002fec       0x7c ./drivers/fsl_clock.o
                0x00002fec                CLOCK_GetPll0Freq
 .text.CLOCK_GetExtPllFreq
                0x00003068       0x18 ./drivers/fsl_clock.o
                0x00003068                CLOCK_GetExtPllFreq
 .text.CLOCK_SetExternalRefClkConfig
                0x00003080       0x6c ./drivers/fsl_clock.o
                0x00003080                CLOCK_SetExternalRefClkConfig
 .text.CLOCK_SetInternalRefClkConfig
                0x000030ec      0x104 ./drivers/fsl_clock.o
                0x000030ec                CLOCK_SetInternalRefClkConfig
 .text.DSPI_CommonIRQHandler
                0x000031f0       0x44 ./drivers/fsl_dspi.o
 .text.SPI0_DriverIRQHandler
                0x00003234       0x30 ./drivers/fsl_dspi.o
                0x00003234                SPI0_DriverIRQHandler
 .text.SPI1_DriverIRQHandler
                0x00003264       0x30 ./drivers/fsl_dspi.o
                0x00003264                SPI1_DriverIRQHandler
 .text.SPI2_DriverIRQHandler
                0x00003294       0x30 ./drivers/fsl_dspi.o
                0x00003294                SPI2_DriverIRQHandler
 .text.FTM_GetInstance
                0x000032c4       0x54 ./drivers/fsl_ftm.o
 .text.FTM_SetPwmSync
                0x00003318      0x140 ./drivers/fsl_ftm.o
 .text.FTM_SetReloadPoints
                0x00003458      0x138 ./drivers/fsl_ftm.o
 .text.FTM_Init
                0x00003590       0xf4 ./drivers/fsl_ftm.o
                0x00003590                FTM_Init
 .text.FTM_GetDefaultConfig
                0x00003684       0x74 ./drivers/fsl_ftm.o
                0x00003684                FTM_GetDefaultConfig
 .text.FTM_SetupPwm
                0x000036f8      0x334 ./drivers/fsl_ftm.o
                0x000036f8                FTM_SetupPwm
 .text.LPUART0_DriverIRQHandler
                0x00003a2c       0x28 ./drivers/fsl_lpuart.o
                0x00003a2c                LPUART0_DriverIRQHandler
 .text.UART_GetInstance
                0x00003a54       0x54 ./drivers/fsl_uart.o
                0x00003a54                UART_GetInstance
 .text.UART_Init
                0x00003aa8      0x2f4 ./drivers/fsl_uart.o
                0x00003aa8                UART_Init
 .text.UART_GetDefaultConfig
                0x00003d9c       0x68 ./drivers/fsl_uart.o
                0x00003d9c                UART_GetDefaultConfig
 .text.UART_ReadBlocking
                0x00003e04       0xfc ./drivers/fsl_uart.o
                0x00003e04                UART_ReadBlocking
 .text.UART0_DriverIRQHandler
                0x00003f00       0x28 ./drivers/fsl_uart.o
                0x00003f00                UART0_DriverIRQHandler
 .text.UART1_DriverIRQHandler
                0x00003f28       0x28 ./drivers/fsl_uart.o
                0x00003f28                UART1_DriverIRQHandler
 .text.UART2_DriverIRQHandler
                0x00003f50       0x28 ./drivers/fsl_uart.o
                0x00003f50                UART2_DriverIRQHandler
 .text.UART3_DriverIRQHandler
                0x00003f78       0x28 ./drivers/fsl_uart.o
                0x00003f78                UART3_DriverIRQHandler
 .text.SystemInit
                0x00003fa0       0x3c ./device/system_MK66F18.o
                0x00003fa0                SystemInit
 .text.CLOCK_SetSimSafeDivs
                0x00003fdc       0x24 ./board/clock_config.o
 .text.CLOCK_CONFIG_SetFllExtRefDiv
                0x00004000       0x3c ./board/clock_config.o
 .text.BOARD_BootClockRUN
                0x0000403c       0x3c ./board/clock_config.o
                0x0000403c                BOARD_BootClockRUN
 .text.BOARD_InitPins
                0x00004078       0x3c ./board/pin_mux.o
                0x00004078                BOARD_InitPins
 .text.malloc   0x000040b4       0xe8 c:/nxp/mcuxpressoide_11.9.0_2144/ide/plugins/com.nxp.mcuxpresso.tools.win32_11.9.0.202307121226/tools/bin/../lib/gcc/arm-none-eabi/12.3.1/../../../../arm-none-eabi/lib/thumb/v7e-m+fp/hard\libcr_c.a(alloc.o)
                0x000040b4                malloc
 .text._Csys_alloc
                0x0000419c       0x20 c:/nxp/mcuxpressoide_11.9.0_2144/ide/plugins/com.nxp.mcuxpresso.tools.win32_11.9.0.202307121226/tools/bin/../lib/gcc/arm-none-eabi/12.3.1/../../../../arm-none-eabi/lib/thumb/v7e-m+fp/hard\libcr_c.a(alloc.o)
                0x0000419c                _Csys_alloc
 .text._initio  0x000041bc       0x78 c:/nxp/mcuxpressoide_11.9.0_2144/ide/plugins/com.nxp.mcuxpresso.tools.win32_11.9.0.202307121226/tools/bin/../lib/gcc/arm-none-eabi/12.3.1/../../../../arm-none-eabi/lib/thumb/v7e-m+fp/hard\libcr_c.a(initio.o)
                0x000041bc                _initio
 .text.__vfprintf
                0x00004234      0xb80 c:/nxp/mcuxpressoide_11.9.0_2144/ide/plugins/com.nxp.mcuxpresso.tools.win32_11.9.0.202307121226/tools/bin/../lib/gcc/arm-none-eabi/12.3.1/../../../../arm-none-eabi/lib/thumb/v7e-m+fp/hard\libcr_c.a(printf.o)
                0x00004234                __vfprintf
 .text._vsnprintf
                0x00004db4       0x68 c:/nxp/mcuxpressoide_11.9.0_2144/ide/plugins/com.nxp.mcuxpresso.tools.win32_11.9.0.202307121226/tools/bin/../lib/gcc/arm-none-eabi/12.3.1/../../../../arm-none-eabi/lib/thumb/v7e-m+fp/hard\libcr_c.a(printf.o)
                0x00004db4                _vsnprintf
 .text._printf  0x00004e1c       0x54 c:/nxp/mcuxpressoide_11.9.0_2144/ide/plugins/com.nxp.mcuxpresso.tools.win32_11.9.0.202307121226/tools/bin/../lib/gcc/arm-none-eabi/12.3.1/../../../../arm-none-eabi/lib/thumb/v7e-m+fp/hard\libcr_c.a(printf.o)
                0x00004e1c                _printf
 .text._sbrk    0x00004e70       0x3c c:/nxp/mcuxpressoide_11.9.0_2144/ide/plugins/com.nxp.mcuxpresso.tools.win32_11.9.0.202307121226/tools/bin/../lib/gcc/arm-none-eabi/12.3.1/../../../../arm-none-eabi/lib/thumb/v7e-m+fp/hard\libcr_c.a(_cr_sbrk.o)
                0x00004e70                _sbrk
 .text._Cwritebuf
                0x00004eac       0x6c c:/nxp/mcuxpressoide_11.9.0_2144/ide/plugins/com.nxp.mcuxpresso.tools.win32_11.9.0.202307121226/tools/bin/../lib/gcc/arm-none-eabi/12.3.1/../../../../arm-none-eabi/lib/thumb/v7e-m+fp/hard\libcr_c.a(_writebuf.o)
                0x00004eac                _Cwritebuf
 .text.fflush   0x00004f18       0x3c c:/nxp/mcuxpressoide_11.9.0_2144/ide/plugins/com.nxp.mcuxpresso.tools.win32_11.9.0.202307121226/tools/bin/../lib/gcc/arm-none-eabi/12.3.1/../../../../arm-none-eabi/lib/thumb/v7e-m+fp/hard\libcr_c.a(fflush.o)
                0x00004f18                fflush
 .text.fseek    0x00004f54       0xf8 c:/nxp/mcuxpressoide_11.9.0_2144/ide/plugins/com.nxp.mcuxpresso.tools.win32_11.9.0.202307121226/tools/bin/../lib/gcc/arm-none-eabi/12.3.1/../../../../arm-none-eabi/lib/thumb/v7e-m+fp/hard\libcr_c.a(fseek.o)
                0x00004f54                fseek
 .text.ftell    0x0000504c       0x44 c:/nxp/mcuxpressoide_11.9.0_2144/ide/plugins/com.nxp.mcuxpresso.tools.win32_11.9.0.202307121226/tools/bin/../lib/gcc/arm-none-eabi/12.3.1/../../../../arm-none-eabi/lib/thumb/v7e-m+fp/hard\libcr_c.a(ftell.o)
                0x0000504c                ftell
 .text.__check_heap_overflow
                0x00005090       0x18 c:/nxp/mcuxpressoide_11.9.0_2144/ide/plugins/com.nxp.mcuxpresso.tools.win32_11.9.0.202307121226/tools/bin/../lib/gcc/arm-none-eabi/12.3.1/../../../../arm-none-eabi/lib/thumb/v7e-m+fp/hard\libcr_c.a(_cr_check_heap.o)
                0x00005090                __check_heap_overflow
 .text.__aeabi_dsub
                0x000050a8      0x1b4 c:/nxp/mcuxpressoide_11.9.0_2144/ide/plugins/com.nxp.mcuxpresso.tools.win32_11.9.0.202307121226/tools/bin/../lib/gcc/arm-none-eabi/12.3.1/thumb/v7e-m+fp/hard\libcr_eabihelpers.a(double.o)
                0x000050a8                __aeabi_dsub
 .text.__aeabi_dadd
                0x0000525c      0x138 c:/nxp/mcuxpressoide_11.9.0_2144/ide/plugins/com.nxp.mcuxpresso.tools.win32_11.9.0.202307121226/tools/bin/../lib/gcc/arm-none-eabi/12.3.1/thumb/v7e-m+fp/hard\libcr_eabihelpers.a(double.o)
                0x0000525c                __aeabi_dadd
 .text.__aeabi_d2f
                0x00005394       0x58 c:/nxp/mcuxpressoide_11.9.0_2144/ide/plugins/com.nxp.mcuxpresso.tools.win32_11.9.0.202307121226/tools/bin/../lib/gcc/arm-none-eabi/12.3.1/thumb/v7e-m+fp/hard\libcr_eabihelpers.a(double.o)
                0x00005394                __aeabi_d2f
 .text.__aeabi_f2d
                0x000053ec       0x38 c:/nxp/mcuxpressoide_11.9.0_2144/ide/plugins/com.nxp.mcuxpresso.tools.win32_11.9.0.202307121226/tools/bin/../lib/gcc/arm-none-eabi/12.3.1/thumb/v7e-m+fp/hard\libcr_eabihelpers.a(float.o)
                0x000053ec                __aeabi_f2d
 .text.__sys_appexit
                0x00005424        0xc c:/nxp/mcuxpressoide_11.9.0_2144/ide/plugins/com.nxp.mcuxpresso.tools.win32_11.9.0.202307121226/tools/bin/../lib/gcc/arm-none-eabi/12.3.1/../../../../arm-none-eabi/lib/thumb/v7e-m+fp/hard\libcr_semihost_nf.a(__sys_appexit.o)
                0x00005424                __sys_appexit
                0x00005424                __exit
 .text.DMA0_DMA16_IRQHandler
                0x00005430        0x8 ./startup/startup_mk66f18.o
                0x00005430                DMA0_DMA16_IRQHandler
 .text.DMA1_DMA17_IRQHandler
                0x00005438        0x8 ./startup/startup_mk66f18.o
                0x00005438                DMA1_DMA17_IRQHandler
 .text.DMA2_DMA18_IRQHandler
                0x00005440        0x8 ./startup/startup_mk66f18.o
                0x00005440                DMA2_DMA18_IRQHandler
 .text.DMA3_DMA19_IRQHandler
                0x00005448        0x8 ./startup/startup_mk66f18.o
                0x00005448                DMA3_DMA19_IRQHandler
 .text.DMA4_DMA20_IRQHandler
                0x00005450        0x8 ./startup/startup_mk66f18.o
                0x00005450                DMA4_DMA20_IRQHandler
 .text.DMA5_DMA21_IRQHandler
                0x00005458        0x8 ./startup/startup_mk66f18.o
                0x00005458                DMA5_DMA21_IRQHandler
 .text.DMA6_DMA22_IRQHandler
                0x00005460        0x8 ./startup/startup_mk66f18.o
                0x00005460                DMA6_DMA22_IRQHandler
 .text.DMA7_DMA23_IRQHandler
                0x00005468        0x8 ./startup/startup_mk66f18.o
                0x00005468                DMA7_DMA23_IRQHandler
 .text.DMA8_DMA24_IRQHandler
                0x00005470        0x8 ./startup/startup_mk66f18.o
                0x00005470                DMA8_DMA24_IRQHandler
 .text.DMA9_DMA25_IRQHandler
                0x00005478        0x8 ./startup/startup_mk66f18.o
                0x00005478                DMA9_DMA25_IRQHandler
 .text.DMA10_DMA26_IRQHandler
                0x00005480        0x8 ./startup/startup_mk66f18.o
                0x00005480                DMA10_DMA26_IRQHandler
 .text.DMA11_DMA27_IRQHandler
                0x00005488        0x8 ./startup/startup_mk66f18.o
                0x00005488                DMA11_DMA27_IRQHandler
 .text.DMA12_DMA28_IRQHandler
                0x00005490        0x8 ./startup/startup_mk66f18.o
                0x00005490                DMA12_DMA28_IRQHandler
 .text.DMA13_DMA29_IRQHandler
                0x00005498        0x8 ./startup/startup_mk66f18.o
                0x00005498                DMA13_DMA29_IRQHandler
 .text.DMA14_DMA30_IRQHandler
                0x000054a0        0x8 ./startup/startup_mk66f18.o
                0x000054a0                DMA14_DMA30_IRQHandler
 .text.DMA15_DMA31_IRQHandler
                0x000054a8        0x8 ./startup/startup_mk66f18.o
                0x000054a8                DMA15_DMA31_IRQHandler
 .text.DMA_Error_IRQHandler
                0x000054b0        0x8 ./startup/startup_mk66f18.o
                0x000054b0                DMA_Error_IRQHandler
 .text.MCM_IRQHandler
                0x000054b8        0x8 ./startup/startup_mk66f18.o
                0x000054b8                MCM_IRQHandler
 .text.FTFE_IRQHandler
                0x000054c0        0x8 ./startup/startup_mk66f18.o
                0x000054c0                FTFE_IRQHandler
 .text.Read_Collision_IRQHandler
                0x000054c8        0x8 ./startup/startup_mk66f18.o
                0x000054c8                Read_Collision_IRQHandler
 .text.LVD_LVW_IRQHandler
                0x000054d0        0x8 ./startup/startup_mk66f18.o
                0x000054d0                LVD_LVW_IRQHandler
 .text.LLWU_IRQHandler
                0x000054d8        0x8 ./startup/startup_mk66f18.o
                0x000054d8                LLWU_IRQHandler
 .text.WDOG_EWM_IRQHandler
                0x000054e0        0x8 ./startup/startup_mk66f18.o
                0x000054e0                WDOG_EWM_IRQHandler
 .text.RNG_IRQHandler
                0x000054e8        0x8 ./startup/startup_mk66f18.o
                0x000054e8                RNG_IRQHandler
 .text.I2C0_IRQHandler
                0x000054f0        0x8 ./startup/startup_mk66f18.o
                0x000054f0                I2C0_IRQHandler
 .text.I2C1_IRQHandler
                0x000054f8        0x8 ./startup/startup_mk66f18.o
                0x000054f8                I2C1_IRQHandler
 .text.SPI0_IRQHandler
                0x00005500        0x8 ./startup/startup_mk66f18.o
                0x00005500                SPI0_IRQHandler
 .text.SPI1_IRQHandler
                0x00005508        0x8 ./startup/startup_mk66f18.o
                0x00005508                SPI1_IRQHandler
 .text.I2S0_Tx_IRQHandler
                0x00005510        0x8 ./startup/startup_mk66f18.o
                0x00005510                I2S0_Tx_IRQHandler
 .text.I2S0_Rx_IRQHandler
                0x00005518        0x8 ./startup/startup_mk66f18.o
                0x00005518                I2S0_Rx_IRQHandler
 .text.Reserved46_IRQHandler
                0x00005520        0x8 ./startup/startup_mk66f18.o
                0x00005520                Reserved46_IRQHandler
 .text.UART0_RX_TX_IRQHandler
                0x00005528        0x8 ./startup/startup_mk66f18.o
                0x00005528                UART0_RX_TX_IRQHandler
 .text.UART0_ERR_IRQHandler
                0x00005530        0x8 ./startup/startup_mk66f18.o
                0x00005530                UART0_ERR_IRQHandler
 .text.UART1_RX_TX_IRQHandler
                0x00005538        0x8 ./startup/startup_mk66f18.o
                0x00005538                UART1_RX_TX_IRQHandler
 .text.UART1_ERR_IRQHandler
                0x00005540        0x8 ./startup/startup_mk66f18.o
                0x00005540                UART1_ERR_IRQHandler
 .text.UART2_RX_TX_IRQHandler
                0x00005548        0x8 ./startup/startup_mk66f18.o
                0x00005548                UART2_RX_TX_IRQHandler
 .text.UART2_ERR_IRQHandler
                0x00005550        0x8 ./startup/startup_mk66f18.o
                0x00005550                UART2_ERR_IRQHandler
 .text.UART3_RX_TX_IRQHandler
                0x00005558        0x8 ./startup/startup_mk66f18.o
                0x00005558                UART3_RX_TX_IRQHandler
 .text.UART3_ERR_IRQHandler
                0x00005560        0x8 ./startup/startup_mk66f18.o
                0x00005560                UART3_ERR_IRQHandler
 .text.ADC0_IRQHandler
                0x00005568        0x8 ./startup/startup_mk66f18.o
                0x00005568                ADC0_IRQHandler
 .text.CMP0_IRQHandler
                0x00005570        0x8 ./startup/startup_mk66f18.o
                0x00005570                CMP0_IRQHandler
 .text.CMP1_IRQHandler
                0x00005578        0x8 ./startup/startup_mk66f18.o
                0x00005578                CMP1_IRQHandler
 .text.FTM0_IRQHandler
                0x00005580        0x8 ./startup/startup_mk66f18.o
                0x00005580                FTM0_IRQHandler
 .text.FTM1_IRQHandler
                0x00005588        0x8 ./startup/startup_mk66f18.o
                0x00005588                FTM1_IRQHandler
 .text.FTM2_IRQHandler
                0x00005590        0x8 ./startup/startup_mk66f18.o
                0x00005590                FTM2_IRQHandler
 .text.CMT_IRQHandler
                0x00005598        0x8 ./startup/startup_mk66f18.o
                0x00005598                CMT_IRQHandler
 .text.RTC_IRQHandler
                0x000055a0        0x8 ./startup/startup_mk66f18.o
                0x000055a0                RTC_IRQHandler
 .text.RTC_Seconds_IRQHandler
                0x000055a8        0x8 ./startup/startup_mk66f18.o
                0x000055a8                RTC_Seconds_IRQHandler
 .text.PIT0_IRQHandler
                0x000055b0        0x8 ./startup/startup_mk66f18.o
                0x000055b0                PIT0_IRQHandler
 .text.PIT1_IRQHandler
                0x000055b8        0x8 ./startup/startup_mk66f18.o
                0x000055b8                PIT1_IRQHandler
 .text.PIT2_IRQHandler
                0x000055c0        0x8 ./startup/startup_mk66f18.o
                0x000055c0                PIT2_IRQHandler
 .text.PIT3_IRQHandler
                0x000055c8        0x8 ./startup/startup_mk66f18.o
                0x000055c8                PIT3_IRQHandler
 .text.PDB0_IRQHandler
                0x000055d0        0x8 ./startup/startup_mk66f18.o
                0x000055d0                PDB0_IRQHandler
 .text.USB0_IRQHandler
                0x000055d8        0x8 ./startup/startup_mk66f18.o
                0x000055d8                USB0_IRQHandler
 .text.USBDCD_IRQHandler
                0x000055e0        0x8 ./startup/startup_mk66f18.o
                0x000055e0                USBDCD_IRQHandler
 .text.Reserved71_IRQHandler
                0x000055e8        0x8 ./startup/startup_mk66f18.o
                0x000055e8                Reserved71_IRQHandler
 .text.DAC0_IRQHandler
                0x000055f0        0x8 ./startup/startup_mk66f18.o
                0x000055f0                DAC0_IRQHandler
 .text.MCG_IRQHandler
                0x000055f8        0x8 ./startup/startup_mk66f18.o
                0x000055f8                MCG_IRQHandler
 .text.LPTMR0_IRQHandler
                0x00005600        0x8 ./startup/startup_mk66f18.o
                0x00005600                LPTMR0_IRQHandler
 .text.PORTA_IRQHandler
                0x00005608        0x8 ./startup/startup_mk66f18.o
                0x00005608                PORTA_IRQHandler
 .text.PORTB_IRQHandler
                0x00005610        0x8 ./startup/startup_mk66f18.o
                0x00005610                PORTB_IRQHandler
 .text.PORTC_IRQHandler
                0x00005618        0x8 ./startup/startup_mk66f18.o
                0x00005618                PORTC_IRQHandler
 .text.PORTD_IRQHandler
                0x00005620        0x8 ./startup/startup_mk66f18.o
                0x00005620                PORTD_IRQHandler
 .text.PORTE_IRQHandler
                0x00005628        0x8 ./startup/startup_mk66f18.o
                0x00005628                PORTE_IRQHandler
 .text.SWI_IRQHandler
                0x00005630        0x8 ./startup/startup_mk66f18.o
                0x00005630                SWI_IRQHandler
 .text.SPI2_IRQHandler
                0x00005638        0x8 ./startup/startup_mk66f18.o
                0x00005638                SPI2_IRQHandler
 .text.UART4_ERR_IRQHandler
                0x00005640        0x8 ./startup/startup_mk66f18.o
                0x00005640                UART4_ERR_IRQHandler
 .text.Reserved84_IRQHandler
                0x00005648        0x8 ./startup/startup_mk66f18.o
                0x00005648                Reserved84_IRQHandler
 .text.Reserved85_IRQHandler
                0x00005650        0x8 ./startup/startup_mk66f18.o
                0x00005650                Reserved85_IRQHandler
 .text.CMP2_IRQHandler
                0x00005658        0x8 ./startup/startup_mk66f18.o
                0x00005658                CMP2_IRQHandler
 .text.FTM3_IRQHandler
                0x00005660        0x8 ./startup/startup_mk66f18.o
                0x00005660                FTM3_IRQHandler
 .text.DAC1_IRQHandler
                0x00005668        0x8 ./startup/startup_mk66f18.o
                0x00005668                DAC1_IRQHandler
 .text.ADC1_IRQHandler
                0x00005670        0x8 ./startup/startup_mk66f18.o
                0x00005670                ADC1_IRQHandler
 .text.I2C2_IRQHandler
                0x00005678        0x8 ./startup/startup_mk66f18.o
                0x00005678                I2C2_IRQHandler
 .text.CAN0_ORed_Message_buffer_IRQHandler
                0x00005680        0x8 ./startup/startup_mk66f18.o
                0x00005680                CAN0_ORed_Message_buffer_IRQHandler
 .text.CAN0_Bus_Off_IRQHandler
                0x00005688        0x8 ./startup/startup_mk66f18.o
                0x00005688                CAN0_Bus_Off_IRQHandler
 .text.CAN0_Error_IRQHandler
                0x00005690        0x8 ./startup/startup_mk66f18.o
                0x00005690                CAN0_Error_IRQHandler
 .text.CAN0_Tx_Warning_IRQHandler
                0x00005698        0x8 ./startup/startup_mk66f18.o
                0x00005698                CAN0_Tx_Warning_IRQHandler
 .text.CAN0_Rx_Warning_IRQHandler
                0x000056a0        0x8 ./startup/startup_mk66f18.o
                0x000056a0                CAN0_Rx_Warning_IRQHandler
 .text.CAN0_Wake_Up_IRQHandler
                0x000056a8        0x8 ./startup/startup_mk66f18.o
                0x000056a8                CAN0_Wake_Up_IRQHandler
 .text.SDHC_IRQHandler
                0x000056b0        0x8 ./startup/startup_mk66f18.o
                0x000056b0                SDHC_IRQHandler
 .text.ENET_1588_Timer_IRQHandler
                0x000056b8        0x8 ./startup/startup_mk66f18.o
                0x000056b8                ENET_1588_Timer_IRQHandler
 .text.ENET_Transmit_IRQHandler
                0x000056c0        0x8 ./startup/startup_mk66f18.o
                0x000056c0                ENET_Transmit_IRQHandler
 .text.ENET_Receive_IRQHandler
                0x000056c8        0x8 ./startup/startup_mk66f18.o
                0x000056c8                ENET_Receive_IRQHandler
 .text.ENET_Error_IRQHandler
                0x000056d0        0x8 ./startup/startup_mk66f18.o
                0x000056d0                ENET_Error_IRQHandler
 .text.LPUART0_IRQHandler
                0x000056d8        0x8 ./startup/startup_mk66f18.o
                0x000056d8                LPUART0_IRQHandler
 .text.TSI0_IRQHandler
                0x000056e0        0x8 ./startup/startup_mk66f18.o
                0x000056e0                TSI0_IRQHandler
 .text.TPM1_IRQHandler
                0x000056e8        0x8 ./startup/startup_mk66f18.o
                0x000056e8                TPM1_IRQHandler
 .text.TPM2_IRQHandler
                0x000056f0        0x8 ./startup/startup_mk66f18.o
                0x000056f0                TPM2_IRQHandler
 .text.USBHSDCD_IRQHandler
                0x000056f8        0x8 ./startup/startup_mk66f18.o
                0x000056f8                USBHSDCD_IRQHandler
 .text.I2C3_IRQHandler
                0x00005700        0x8 ./startup/startup_mk66f18.o
                0x00005700                I2C3_IRQHandler
 .text.CMP3_IRQHandler
                0x00005708        0x8 ./startup/startup_mk66f18.o
                0x00005708                CMP3_IRQHandler
 .text.USBHS_IRQHandler
                0x00005710        0x8 ./startup/startup_mk66f18.o
                0x00005710                USBHS_IRQHandler
 .text.CAN1_ORed_Message_buffer_IRQHandler
                0x00005718        0x8 ./startup/startup_mk66f18.o
                0x00005718                CAN1_ORed_Message_buffer_IRQHandler
 .text.CAN1_Bus_Off_IRQHandler
                0x00005720        0x8 ./startup/startup_mk66f18.o
                0x00005720                CAN1_Bus_Off_IRQHandler
 .text.CAN1_Error_IRQHandler
                0x00005728        0x8 ./startup/startup_mk66f18.o
                0x00005728                CAN1_Error_IRQHandler
 .text.CAN1_Tx_Warning_IRQHandler
                0x00005730        0x8 ./startup/startup_mk66f18.o
                0x00005730                CAN1_Tx_Warning_IRQHandler
 .text.CAN1_Rx_Warning_IRQHandler
                0x00005738        0x8 ./startup/startup_mk66f18.o
                0x00005738                CAN1_Rx_Warning_IRQHandler
 .text.CAN1_Wake_Up_IRQHandler
                0x00005740        0x8 ./startup/startup_mk66f18.o
                0x00005740                CAN1_Wake_Up_IRQHandler
 .text.PORT_SetPinMux
                0x00005748       0x3a ./source/Motor_Control_Component.o
 .text.FTM_StartTimer
                0x00005782       0x3a ./source/Motor_Control_Component.o
 .text.FTM_SetSoftwareTrigger
                0x000057bc       0x38 ./source/Motor_Control_Component.o
 .text.PORT_SetPinMux
                0x000057f4       0x3a ./source/RC_Receiver_Component.o
 .text.UART_ReadByte
                0x0000582e       0x1a ./source/Terminal_Component.o
 .text.main     0x00005848       0x1a ./source/freertos_hello.o
                0x00005848                main
 .text.HardFault_Handler
                0x00005862       0x2c ./source/semihost_hardfault.o
                0x00005862                HardFault_Handler
 .text.vListInitialise
                0x0000588e       0x40 ./freertos/freertos_kernel/list.o
                0x0000588e                vListInitialise
 .text.vListInitialiseItem
                0x000058ce       0x1a ./freertos/freertos_kernel/list.o
                0x000058ce                vListInitialiseItem
 .text.vListInsertEnd
                0x000058e8       0x48 ./freertos/freertos_kernel/list.o
                0x000058e8                vListInsertEnd
 .text.vListInsert
                0x00005930       0x72 ./freertos/freertos_kernel/list.o
                0x00005930                vListInsert
 .text.uxListRemove
                0x000059a2       0x54 ./freertos/freertos_kernel/list.o
                0x000059a2                uxListRemove
 .text.xQueueGenericCreate
                0x000059f6       0xbe ./freertos/freertos_kernel/queue.o
                0x000059f6                xQueueGenericCreate
 .text.prvInitialiseNewQueue
                0x00005ab4       0x46 ./freertos/freertos_kernel/queue.o
 .text.xQueueGenericSendFromISR
                0x00005afa      0x154 ./freertos/freertos_kernel/queue.o
                0x00005afa                xQueueGenericSendFromISR
 .text.prvCopyDataToQueue
                0x00005c4e       0xd4 ./freertos/freertos_kernel/queue.o
 .text.prvCopyDataFromQueue
                0x00005d22       0x4c ./freertos/freertos_kernel/queue.o
 .text.prvUnlockQueue
                0x00005d6e       0xa4 ./freertos/freertos_kernel/queue.o
 .text.prvIsQueueEmpty
                0x00005e12       0x2c ./freertos/freertos_kernel/queue.o
 .text.prvIsQueueFull
                0x00005e3e       0x30 ./freertos/freertos_kernel/queue.o
 .text.vQueueWaitForMessageRestricted
                0x00005e6e       0x68 ./freertos/freertos_kernel/queue.o
                0x00005e6e                vQueueWaitForMessageRestricted
 .text.xTaskCreate
                0x00005ed6       0x82 ./freertos/freertos_kernel/tasks.o
                0x00005ed6                xTaskCreate
 .text.prvInitialiseNewTask
                0x00005f58      0x140 ./freertos/freertos_kernel/tasks.o
 .text.prvDeleteTCB
                0x00006098       0x20 ./freertos/freertos_kernel/tasks.o
 .text.prvTimerTask
                0x000060b8       0x24 ./freertos/freertos_kernel/timers.o
 .text.CLOCK_GetPll0RefFreq
                0x000060dc        0xe ./drivers/fsl_clock.o
 .text.CLOCK_GetFixedFreqClkFreq
                0x000060ea       0x34 ./drivers/fsl_clock.o
                0x000060ea                CLOCK_GetFixedFreqClkFreq
 .text.DSPI_IsMaster
                0x0000611e       0x26 ./drivers/fsl_dspi.o
 .text.CLOCK_EnableClock
                0x00006144       0x34 ./drivers/fsl_ftm.o
 .text.FTM_SetDeadTimeEnable
                0x00006178       0x52 ./drivers/fsl_ftm.o
 .text.FTM_SetComplementaryEnable
                0x000061ca       0x52 ./drivers/fsl_ftm.o
 .text.CLOCK_EnableClock
                0x0000621c       0x34 ./drivers/fsl_uart.o
 .text.UART_GetStatusFlags
                0x00006250       0x48 ./drivers/fsl_uart.o
                0x00006250                UART_GetStatusFlags
 .text.UART_ClearStatusFlags
                0x00006298       0x80 ./drivers/fsl_uart.o
                0x00006298                UART_ClearStatusFlags
 .text.UART0_RX_TX_DriverIRQHandler
                0x00006318       0x12 ./drivers/fsl_uart.o
                0x00006318                UART0_RX_TX_DriverIRQHandler
 .text.UART1_RX_TX_DriverIRQHandler
                0x0000632a       0x12 ./drivers/fsl_uart.o
                0x0000632a                UART1_RX_TX_DriverIRQHandler
 .text.UART2_RX_TX_DriverIRQHandler
                0x0000633c       0x12 ./drivers/fsl_uart.o
                0x0000633c                UART2_RX_TX_DriverIRQHandler
 .text.UART3_RX_TX_DriverIRQHandler
                0x0000634e       0x12 ./drivers/fsl_uart.o
                0x0000634e                UART3_RX_TX_DriverIRQHandler
 .text.SystemInitHook
                0x00006360        0xe ./device/system_MK66F18.o
                0x00006360                SystemInitHook
 .text.BOARD_InitBootClocks
                0x0000636e        0xc ./board/clock_config.o
                0x0000636e                BOARD_InitBootClocks
 .text.CLOCK_EnableClock
                0x0000637a       0x34 ./board/pin_mux.o
 .text.BOARD_InitBootPins
                0x000063ae        0xc ./board/pin_mux.o
                0x000063ae                BOARD_InitBootPins
 .text.__main   0x000063ba        0xe c:/nxp/mcuxpressoide_11.9.0_2144/ide/plugins/com.nxp.mcuxpresso.tools.win32_11.9.0.202307121226/tools/bin/../lib/gcc/arm-none-eabi/12.3.1/../../../../arm-none-eabi/lib/thumb/v7e-m+fp/hard\libcr_semihost_nf.a(_cr__main.o)
                0x000063ba                __CR_SEMIHOST
                0x000063ba                __main
 .text.memcpy   0x000063c8        0x4 c:/nxp/mcuxpressoide_11.9.0_2144/ide/plugins/com.nxp.mcuxpresso.tools.win32_11.9.0.202307121226/tools/bin/../lib/gcc/arm-none-eabi/12.3.1/../../../../arm-none-eabi/lib/thumb/v7e-m+fp/hard\libcr_c.a(memcpy.o)
                0x000063c8                memcpy
 .text.memset   0x000063cc        0x4 c:/nxp/mcuxpressoide_11.9.0_2144/ide/plugins/com.nxp.mcuxpresso.tools.win32_11.9.0.202307121226/tools/bin/../lib/gcc/arm-none-eabi/12.3.1/../../../../arm-none-eabi/lib/thumb/v7e-m+fp/hard\libcr_c.a(memset.o)
                0x000063cc                memset
 .text.free     0x000063d0       0x30 c:/nxp/mcuxpressoide_11.9.0_2144/ide/plugins/com.nxp.mcuxpresso.tools.win32_11.9.0.202307121226/tools/bin/../lib/gcc/arm-none-eabi/12.3.1/../../../../arm-none-eabi/lib/thumb/v7e-m+fp/hard\libcr_c.a(alloc.o)
                0x000063d0                free
 .text.no_fp_display
                0x00006400        0x4 c:/nxp/mcuxpressoide_11.9.0_2144/ide/plugins/com.nxp.mcuxpresso.tools.win32_11.9.0.202307121226/tools/bin/../lib/gcc/arm-none-eabi/12.3.1/../../../../arm-none-eabi/lib/thumb/v7e-m+fp/hard\libcr_c.a(printf.o)
 .text.setvbuf  0x00006404       0x3e c:/nxp/mcuxpressoide_11.9.0_2144/ide/plugins/com.nxp.mcuxpresso.tools.win32_11.9.0.202307121226/tools/bin/../lib/gcc/arm-none-eabi/12.3.1/../../../../arm-none-eabi/lib/thumb/v7e-m+fp/hard\libcr_c.a(setvbuf.o)
                0x00006404                setvbuf
 .text.strlen   0x00006442       0x4e c:/nxp/mcuxpressoide_11.9.0_2144/ide/plugins/com.nxp.mcuxpresso.tools.win32_11.9.0.202307121226/tools/bin/../lib/gcc/arm-none-eabi/12.3.1/../../../../arm-none-eabi/lib/thumb/v7e-m+fp/hard\libcr_c.a(strlen.o)
                0x00006442                strlen
 .text._deferredlazyseek
                0x00006490       0x40 c:/nxp/mcuxpressoide_11.9.0_2144/ide/plugins/com.nxp.mcuxpresso.tools.win32_11.9.0.202307121226/tools/bin/../lib/gcc/arm-none-eabi/12.3.1/../../../../arm-none-eabi/lib/thumb/v7e-m+fp/hard\libcr_c.a(_deferredlazyseek.o)
                0x00006490                _deferredlazyseek
 .text.__flsbuf
                0x000064d0      0x140 c:/nxp/mcuxpressoide_11.9.0_2144/ide/plugins/com.nxp.mcuxpresso.tools.win32_11.9.0.202307121226/tools/bin/../lib/gcc/arm-none-eabi/12.3.1/../../../../arm-none-eabi/lib/thumb/v7e-m+fp/hard\libcr_c.a(_deferredlazyseek.o)
                0x000064d0                __flsbuf
 .text._fdopen  0x00006610       0x68 c:/nxp/mcuxpressoide_11.9.0_2144/ide/plugins/com.nxp.mcuxpresso.tools.win32_11.9.0.202307121226/tools/bin/../lib/gcc/arm-none-eabi/12.3.1/../../../../arm-none-eabi/lib/thumb/v7e-m+fp/hard\libcr_c.a(_fdopen.o)
                0x00006610                _fdopen
 .text._fflush  0x00006678       0x52 c:/nxp/mcuxpressoide_11.9.0_2144/ide/plugins/com.nxp.mcuxpresso.tools.win32_11.9.0.202307121226/tools/bin/../lib/gcc/arm-none-eabi/12.3.1/../../../../arm-none-eabi/lib/thumb/v7e-m+fp/hard\libcr_c.a(_fflush.o)
                0x00006678                _fflush
 .text.fclose   0x000066ca       0x58 c:/nxp/mcuxpressoide_11.9.0_2144/ide/plugins/com.nxp.mcuxpresso.tools.win32_11.9.0.202307121226/tools/bin/../lib/gcc/arm-none-eabi/12.3.1/../../../../arm-none-eabi/lib/thumb/v7e-m+fp/hard\libcr_c.a(fclose.o)
                0x000066ca                fclose
 .text.remove   0x00006722       0x14 c:/nxp/mcuxpressoide_11.9.0_2144/ide/plugins/com.nxp.mcuxpresso.tools.win32_11.9.0.202307121226/tools/bin/../lib/gcc/arm-none-eabi/12.3.1/../../../../arm-none-eabi/lib/thumb/v7e-m+fp/hard\libcr_c.a(remove.o)
                0x00006722                remove
 .text._do_fflush
                0x00006736       0x40 c:/nxp/mcuxpressoide_11.9.0_2144/ide/plugins/com.nxp.mcuxpresso.tools.win32_11.9.0.202307121226/tools/bin/../lib/gcc/arm-none-eabi/12.3.1/../../../../arm-none-eabi/lib/thumb/v7e-m+fp/hard\libcr_c.a(_do_fflush.o)
                0x00006736                _do_fflush
 .text.__aeabi_d2iz
                0x00006776       0x42 c:/nxp/mcuxpressoide_11.9.0_2144/ide/plugins/com.nxp.mcuxpresso.tools.win32_11.9.0.202307121226/tools/bin/../lib/gcc/arm-none-eabi/12.3.1/thumb/v7e-m+fp/hard\libcr_eabihelpers.a(double.o)
                0x00006776                __aeabi_d2iz
 .text.__aeabi_memcpy
                0x000067b8       0x34 c:/nxp/mcuxpressoide_11.9.0_2144/ide/plugins/com.nxp.mcuxpresso.tools.win32_11.9.0.202307121226/tools/bin/../lib/gcc/arm-none-eabi/12.3.1/thumb/v7e-m+fp/hard\libcr_eabihelpers.a(memcpy.o)
                0x000067b8                __aeabi_memcpy
                0x000067c2                __aeabi_memcpy8
                0x000067c2                __aeabi_memcpy4
 .text.__aeabi_memset_lowlevel
                0x000067ec       0x32 c:/nxp/mcuxpressoide_11.9.0_2144/ide/plugins/com.nxp.mcuxpresso.tools.win32_11.9.0.202307121226/tools/bin/../lib/gcc/arm-none-eabi/12.3.1/thumb/v7e-m+fp/hard\libcr_eabihelpers.a(memcpy.o)
                0x000067ec                __aeabi_lowlevel_memset
 .text.__sys_close
                0x0000681e        0xc c:/nxp/mcuxpressoide_11.9.0_2144/ide/plugins/com.nxp.mcuxpresso.tools.win32_11.9.0.202307121226/tools/bin/../lib/gcc/arm-none-eabi/12.3.1/../../../../arm-none-eabi/lib/thumb/v7e-m+fp/hard\libcr_semihost_nf.a(__sys_close.o)
                0x0000681e                __sys_close
 .text.__sys_flen
                0x0000682a        0xc c:/nxp/mcuxpressoide_11.9.0_2144/ide/plugins/com.nxp.mcuxpresso.tools.win32_11.9.0.202307121226/tools/bin/../lib/gcc/arm-none-eabi/12.3.1/../../../../arm-none-eabi/lib/thumb/v7e-m+fp/hard\libcr_semihost_nf.a(__sys_flen.o)
                0x0000682a                __sys_flen
 .text.__sys_istty
                0x00006836        0xc c:/nxp/mcuxpressoide_11.9.0_2144/ide/plugins/com.nxp.mcuxpresso.tools.win32_11.9.0.202307121226/tools/bin/../lib/gcc/arm-none-eabi/12.3.1/../../../../arm-none-eabi/lib/thumb/v7e-m+fp/hard\libcr_semihost_nf.a(__sys_istty.o)
                0x00006836                __sys_istty
 .text.__sys_remove
                0x00006842        0xc c:/nxp/mcuxpressoide_11.9.0_2144/ide/plugins/com.nxp.mcuxpresso.tools.win32_11.9.0.202307121226/tools/bin/../lib/gcc/arm-none-eabi/12.3.1/../../../../arm-none-eabi/lib/thumb/v7e-m+fp/hard\libcr_semihost_nf.a(__sys_remove.o)
                0x00006842                __sys_remove
 .text.__sys_seek
                0x0000684e        0xc c:/nxp/mcuxpressoide_11.9.0_2144/ide/plugins/com.nxp.mcuxpresso.tools.win32_11.9.0.202307121226/tools/bin/../lib/gcc/arm-none-eabi/12.3.1/../../../../arm-none-eabi/lib/thumb/v7e-m+fp/hard\libcr_semihost_nf.a(__sys_seek.o)
                0x0000684e                __sys_seek
 .text.__sys_tmpnam
                0x0000685a        0xc c:/nxp/mcuxpressoide_11.9.0_2144/ide/plugins/com.nxp.mcuxpresso.tools.win32_11.9.0.202307121226/tools/bin/../lib/gcc/arm-none-eabi/12.3.1/../../../../arm-none-eabi/lib/thumb/v7e-m+fp/hard\libcr_semihost_nf.a(__sys_tmpnam.o)
                0x0000685a                __sys_tmpnam
 .text.__sys_write
                0x00006866        0xc c:/nxp/mcuxpressoide_11.9.0_2144/ide/plugins/com.nxp.mcuxpresso.tools.win32_11.9.0.202307121226/tools/bin/../lib/gcc/arm-none-eabi/12.3.1/../../../../arm-none-eabi/lib/thumb/v7e-m+fp/hard\libcr_semihost_nf.a(__sys_write.o)
                0x00006866                __sys_write
 *freertos*/tasks.o(SORT_BY_ALIGNMENT(.rodata*))
 *fill*         0x00006872        0x2 ff
 .rodata.vTaskStartScheduler.str1.4
                0x00006874        0x5 ./freertos/freertos_kernel/tasks.o
 *fill*         0x00006879        0x3 ff
 .rodata        0x0000687c       0x1c ./freertos/freertos_kernel/tasks.o
                0x0000687c                portArch_Name
                0x00006880                FreeRTOSDebugConfig
 *(SORT_BY_ALIGNMENT(.rodata) SORT_BY_ALIGNMENT(.rodata.*) SORT_BY_ALIGNMENT(.constdata) SORT_BY_ALIGNMENT(.constdata.*))
 .rodata.__assertion_failed.str1.4
                0x00006898       0x14 ./utilities/fsl_assert.o
 .rodata.setupMotorComponent.str1.4
                0x000068ac       0x63 ./source/Motor_Control_Component.o
 *fill*         0x0000690f        0x1 ff
 .rodata.motorTask.str1.4
                0x00006910       0x25 ./source/Motor_Control_Component.o
 *fill*         0x00006935        0x3 ff
 .rodata.positionTask.str1.4
                0x00006938       0x2b ./source/Motor_Control_Component.o
 *fill*         0x00006963        0x1 ff
 .rodata.setupRCReceiverComponent.str1.4
                0x00006964       0x28 ./source/RC_Receiver_Component.o
 .rodata.rcTask.str1.4
                0x0000698c       0xc1 ./source/RC_Receiver_Component.o
 *fill*         0x00006a4d        0x3 ff
 .rodata.xTimerCreateTimerTask.str1.4
                0x00006a50        0x8 ./freertos/freertos_kernel/timers.o
 .rodata.prvCheckForValidListAndQueue.str1.4
                0x00006a58        0x5 ./freertos/freertos_kernel/timers.o
 *fill*         0x00006a5d        0x3 ff
 .rodata.CLOCK_GetMcgExtClkFreq.str1.4
                0x00006a60       0x49 ./drivers/fsl_clock.o
 *fill*         0x00006aa9        0x3 ff
 .rodata.CLOCK_GetOsc0ErClkUndivFreq.str1.4
                0x00006aac       0x1e ./drivers/fsl_clock.o
 *fill*         0x00006aca        0x2 ff
 .rodata.CLOCK_GetOsc0ErClkDivFreq.str1.4
                0x00006acc       0x1e ./drivers/fsl_clock.o
 *fill*         0x00006aea        0x2 ff
 .rodata.CLOCK_GetEr32kClkFreq.str1.4
                0x00006aec       0x1f ./drivers/fsl_clock.o
 *fill*         0x00006b0b        0x1 ff
 .rodata.CLOCK_GetPll0Freq.str1.4
                0x00006b0c       0x1d ./drivers/fsl_clock.o
 *fill*         0x00006b29        0x3 ff
 .rodata.fllFactorTable.1
                0x00006b2c       0x10 ./drivers/fsl_clock.o
 .rodata.SPI0_DriverIRQHandler.str1.4
                0x00006b3c       0x2a ./drivers/fsl_dspi.o
 *fill*         0x00006b66        0x2 ff
 .rodata.SPI1_DriverIRQHandler.str1.4
                0x00006b68       0x2a ./drivers/fsl_dspi.o
 *fill*         0x00006b92        0x2 ff
 .rodata.SPI2_DriverIRQHandler.str1.4
                0x00006b94       0x2a ./drivers/fsl_dspi.o
 *fill*         0x00006bbe        0x2 ff
 .rodata.s_ftmBases
                0x00006bc0       0x10 ./drivers/fsl_ftm.o
 .rodata.s_ftmClocks
                0x00006bd0       0x10 ./drivers/fsl_ftm.o
 .rodata.FTM_GetInstance.str1.4
                0x00006be0       0x28 ./drivers/fsl_ftm.o
 .rodata.FTM_SetPwmSync.str1.4
                0x00006c08       0x3a ./drivers/fsl_ftm.o
 *fill*         0x00006c42        0x2 ff
 .rodata.FTM_SetReloadPoints.str1.4
                0x00006c44       0x20 ./drivers/fsl_ftm.o
 .rodata.FTM_Init.str1.4
                0x00006c64       0x17 ./drivers/fsl_ftm.o
 *fill*         0x00006c7b        0x1 ff
 .rodata.FTM_GetDefaultConfig.str1.4
                0x00006c7c       0x1f ./drivers/fsl_ftm.o
 *fill*         0x00006c9b        0x1 ff
 .rodata.FTM_SetupPwm.str1.4
                0x00006c9c       0x23 ./drivers/fsl_ftm.o
 *fill*         0x00006cbf        0x1 ff
 .rodata.s_uartBases
                0x00006cc0       0x14 ./drivers/fsl_uart.o
 .rodata.s_uartClock
                0x00006cd4       0x14 ./drivers/fsl_uart.o
 .rodata.UART_GetInstance.str1.4
                0x00006ce8       0x2b ./drivers/fsl_uart.o
 *fill*         0x00006d13        0x1 ff
 .rodata.UART_Init.str1.4
                0x00006d14       0xfb ./drivers/fsl_uart.o
 *fill*         0x00006e0f        0x1 ff
 .rodata.UART_GetDefaultConfig.str1.4
                0x00006e10       0x20 ./drivers/fsl_uart.o
 .rodata.UART_ReadBlocking.str1.4
                0x00006e30       0x1e ./drivers/fsl_uart.o
 *fill*         0x00006e4e        0x2 ff
 .rodata.simConfig_BOARD_BootClockRUN
                0x00006e50        0x8 ./board/clock_config.o
                0x00006e50                simConfig_BOARD_BootClockRUN
 .rodata.__num_Ciob_streams
                0x00006e58        0x4 c:/nxp/mcuxpressoide_11.9.0_2144/ide/plugins/com.nxp.mcuxpresso.tools.win32_11.9.0.202307121226/tools/bin/../lib/gcc/arm-none-eabi/12.3.1/../../../../arm-none-eabi/lib/thumb/v7e-m+fp/hard\libcr_semihost_nf.a(__ciob.o)
                0x00006e58                __num_Ciob_streams
 .rodata._Csys_alloc.str1.1
                0x00006e5c       0x18 c:/nxp/mcuxpressoide_11.9.0_2144/ide/plugins/com.nxp.mcuxpresso.tools.win32_11.9.0.202307121226/tools/bin/../lib/gcc/arm-none-eabi/12.3.1/../../../../arm-none-eabi/lib/thumb/v7e-m+fp/hard\libcr_c.a(alloc.o)
 .rodata._initio.str1.1
                0x00006e74        0x4 c:/nxp/mcuxpressoide_11.9.0_2144/ide/plugins/com.nxp.mcuxpresso.tools.win32_11.9.0.202307121226/tools/bin/../lib/gcc/arm-none-eabi/12.3.1/../../../../arm-none-eabi/lib/thumb/v7e-m+fp/hard\libcr_c.a(initio.o)
 .rodata.__vfprintf.str1.1
                0x00006e78       0x37 c:/nxp/mcuxpressoide_11.9.0_2144/ide/plugins/com.nxp.mcuxpresso.tools.win32_11.9.0.202307121226/tools/bin/../lib/gcc/arm-none-eabi/12.3.1/../../../../arm-none-eabi/lib/thumb/v7e-m+fp/hard\libcr_c.a(printf.o)
                                 0x38 (size before relaxing)
                0x00006eb0                        . = ALIGN (0x8)
 *fill*         0x00006eaf        0x1 ff

.glue_7         0x00006eb0        0x0
 .glue_7        0x00006eb0        0x0 linker stubs

.glue_7t        0x00006eb0        0x0
 .glue_7t       0x00006eb0        0x0 linker stubs

.vfp11_veneer   0x00006eb0        0x0
 .vfp11_veneer  0x00006eb0        0x0 linker stubs

.v4_bx          0x00006eb0        0x0
 .v4_bx         0x00006eb0        0x0 linker stubs

.iplt           0x00006eb0        0x0
 .iplt          0x00006eb0        0x0 ./utilities/fsl_assert.o

.rel.dyn        0x00006eb0        0x0
 .rel.iplt      0x00006eb0        0x0 ./utilities/fsl_assert.o

.ARM.extab
 *(SORT_BY_ALIGNMENT(.ARM.extab*) SORT_BY_ALIGNMENT(.gnu.linkonce.armextab.*))

.ARM.exidx      0x00006eb0        0x0
                0x00006eb0                        __exidx_start = .
 *(SORT_BY_ALIGNMENT(.ARM.exidx*) SORT_BY_ALIGNMENT(.gnu.linkonce.armexidx.*))
                0x00006eb0                        __exidx_end = .
                0x00006eb0                        _etext = .

.m_usb_data
 *(SORT_BY_ALIGNMENT(m_usb_bdt))

.data_RAM2      0x1fff0000        0x0 load address 0x00006eb0
 FILL mask 0xff
                [!provide]                        PROVIDE (__start_data_RAM2 = .)
                [!provide]                        PROVIDE (__start_data_SRAM_LOWER = .)
 *(SORT_BY_ALIGNMENT(.ramfunc.$RAM2))
 *(SORT_BY_ALIGNMENT(.ramfunc.$SRAM_LOWER))
 *(SORT_BY_ALIGNMENT(NonCacheable.init))
 *(SORT_BY_ALIGNMENT(.data.$RAM2))
 *(SORT_BY_ALIGNMENT(.data.$SRAM_LOWER))
 *(SORT_BY_ALIGNMENT(.data.$RAM2.*))
 *(SORT_BY_ALIGNMENT(.data.$SRAM_LOWER.*))
                0x1fff0000                        . = ALIGN (0x8)
                [!provide]                        PROVIDE (__end_data_RAM2 = .)
                [!provide]                        PROVIDE (__end_data_SRAM_LOWER = .)

.data_RAM3      0x14000000        0x0 load address 0x00006eb0
 FILL mask 0xff
                [!provide]                        PROVIDE (__start_data_RAM3 = .)
                [!provide]                        PROVIDE (__start_data_FLEX_RAM = .)
 *(SORT_BY_ALIGNMENT(.ramfunc.$RAM3))
 *(SORT_BY_ALIGNMENT(.ramfunc.$FLEX_RAM))
 *(SORT_BY_ALIGNMENT(.data.$RAM3))
 *(SORT_BY_ALIGNMENT(.data.$FLEX_RAM))
 *(SORT_BY_ALIGNMENT(.data.$RAM3.*))
 *(SORT_BY_ALIGNMENT(.data.$FLEX_RAM.*))
                0x14000000                        . = ALIGN (0x8)
                [!provide]                        PROVIDE (__end_data_RAM3 = .)
                [!provide]                        PROVIDE (__end_data_FLEX_RAM = .)

.uninit_RESERVED
                0x20000000        0x0
                0x20000000                        _start_uninit_RESERVED = .
 *(SORT_BY_ALIGNMENT(.bss.$RESERVED*))
                0x20000000                        . = ALIGN (0x8)
                0x20000000                        _end_uninit_RESERVED = .

.data           0x20000000       0x18 load address 0x00006eb0
 FILL mask 0xff
                0x20000000                        _data = .
                [!provide]                        PROVIDE (__start_data_RAM = .)
                [!provide]                        PROVIDE (__start_data_SRAM_UPPER = .)
 *(SORT_BY_ALIGNMENT(vtable))
 *(SORT_BY_ALIGNMENT(.ramfunc*))
 *(SORT_BY_ALIGNMENT(CodeQuickAccess))
 *(SORT_BY_ALIGNMENT(DataQuickAccess))
 *(SORT_BY_ALIGNMENT(RamFunction))
 *(SORT_BY_ALIGNMENT(.data*))
 .data.uxCriticalNesting
                0x20000000        0x4 ./freertos/freertos_kernel/portable/GCC/ARM_CM4F/port.o
 .data.uxTopUsedPriority
                0x20000004        0x4 ./freertos/freertos_kernel/tasks.o
                0x20000004                uxTopUsedPriority
 .data.s_slowIrcFreq
                0x20000008        0x4 ./drivers/fsl_clock.o
 .data.s_fastIrcFreq
                0x2000000c        0x4 ./drivers/fsl_clock.o
 .data.SystemCoreClock
                0x20000010        0x4 ./device/system_MK66F18.o
                0x20000010                SystemCoreClock
                0x20000018                        . = ALIGN (0x8)
 *fill*         0x20000014        0x4 ff
                0x20000018                        _edata = .
                [!provide]                        PROVIDE (__end_data_RAM = .)
                [!provide]                        PROVIDE (__end_data_SRAM_UPPER = .)

.igot.plt       0x20000018        0x0 load address 0x00006ec8
 .igot.plt      0x20000018        0x0 ./utilities/fsl_assert.o

.bss_RAM2       0x1fff0000        0x0
                [!provide]                        PROVIDE (__start_bss_RAM2 = .)
                [!provide]                        PROVIDE (__start_bss_SRAM_LOWER = .)
 *(SORT_BY_ALIGNMENT(NonCacheable))
 *(SORT_BY_ALIGNMENT(.bss.$RAM2))
 *(SORT_BY_ALIGNMENT(.bss.$SRAM_LOWER))
 *(SORT_BY_ALIGNMENT(.bss.$RAM2.*))
 *(SORT_BY_ALIGNMENT(.bss.$SRAM_LOWER.*))
                0x1fff0000                        . = ALIGN ((. != 0x0)?0x8:0x1)
                [!provide]                        PROVIDE (__end_bss_RAM2 = .)
                [!provide]                        PROVIDE (__end_bss_SRAM_LOWER = .)

.bss_RAM3       0x14000000        0x0
                [!provide]                        PROVIDE (__start_bss_RAM3 = .)
                [!provide]                        PROVIDE (__start_bss_FLEX_RAM = .)
 *(SORT_BY_ALIGNMENT(.bss.$RAM3))
 *(SORT_BY_ALIGNMENT(.bss.$FLEX_RAM))
 *(SORT_BY_ALIGNMENT(.bss.$RAM3.*))
 *(SORT_BY_ALIGNMENT(.bss.$FLEX_RAM.*))
                0x14000000                        . = ALIGN ((. != 0x0)?0x8:0x1)
                [!provide]                        PROVIDE (__end_bss_RAM3 = .)
                [!provide]                        PROVIDE (__end_bss_FLEX_RAM = .)

.bss            0x20000018     0x2ab8
                0x20000018                        _bss = .
                [!provide]                        PROVIDE (__start_bss_RAM = .)
                [!provide]                        PROVIDE (__start_bss_SRAM_UPPER = .)
 *(SORT_BY_ALIGNMENT(.bss*))
 .bss.motor_queue
                0x20000018        0x4 ./source/Motor_Control_Component.o
                0x20000018                motor_queue
 .bss.angle_queue
                0x2000001c        0x4 ./source/Motor_Control_Component.o
                0x2000001c                angle_queue
 .bss.new_char  0x20000020        0x4 ./source/Terminal_Component.o
                0x20000020                new_char
 .bss.ucHeap    0x20000024     0x2800 ./freertos/freertos_kernel/portable/MemMang/heap_4.o
 .bss.xStart    0x20002824        0x8 ./freertos/freertos_kernel/portable/MemMang/heap_4.o
 .bss.pxEnd     0x2000282c        0x4 ./freertos/freertos_kernel/portable/MemMang/heap_4.o
 .bss.xFreeBytesRemaining
                0x20002830        0x4 ./freertos/freertos_kernel/portable/MemMang/heap_4.o
 .bss.xMinimumEverFreeBytesRemaining
                0x20002834        0x4 ./freertos/freertos_kernel/portable/MemMang/heap_4.o
 .bss.xNumberOfSuccessfulAllocations
                0x20002838        0x4 ./freertos/freertos_kernel/portable/MemMang/heap_4.o
 .bss.xNumberOfSuccessfulFrees
                0x2000283c        0x4 ./freertos/freertos_kernel/portable/MemMang/heap_4.o
 .bss.xBlockAllocatedBit
                0x20002840        0x4 ./freertos/freertos_kernel/portable/MemMang/heap_4.o
 .bss.ulMaxPRIGROUPValue
                0x20002844        0x4 ./freertos/freertos_kernel/portable/GCC/ARM_CM4F/port.o
 .bss.xQueueRegistry
                0x20002848       0x40 ./freertos/freertos_kernel/queue.o
                0x20002848                xQueueRegistry
 .bss.pxCurrentTCB
                0x20002888        0x4 ./freertos/freertos_kernel/tasks.o
                0x20002888                pxCurrentTCB
 .bss.pxReadyTasksLists
                0x2000288c       0x64 ./freertos/freertos_kernel/tasks.o
 .bss.xDelayedTaskList1
                0x200028f0       0x14 ./freertos/freertos_kernel/tasks.o
 .bss.xDelayedTaskList2
                0x20002904       0x14 ./freertos/freertos_kernel/tasks.o
 .bss.pxDelayedTaskList
                0x20002918        0x4 ./freertos/freertos_kernel/tasks.o
 .bss.pxOverflowDelayedTaskList
                0x2000291c        0x4 ./freertos/freertos_kernel/tasks.o
 .bss.xPendingReadyList
                0x20002920       0x14 ./freertos/freertos_kernel/tasks.o
 .bss.xTasksWaitingTermination
                0x20002934       0x14 ./freertos/freertos_kernel/tasks.o
 .bss.uxDeletedTasksWaitingCleanUp
                0x20002948        0x4 ./freertos/freertos_kernel/tasks.o
 .bss.xSuspendedTaskList
                0x2000294c       0x14 ./freertos/freertos_kernel/tasks.o
 .bss.uxCurrentNumberOfTasks
                0x20002960        0x4 ./freertos/freertos_kernel/tasks.o
 .bss.xTickCount
                0x20002964        0x4 ./freertos/freertos_kernel/tasks.o
 .bss.uxTopReadyPriority
                0x20002968        0x4 ./freertos/freertos_kernel/tasks.o
 .bss.xSchedulerRunning
                0x2000296c        0x4 ./freertos/freertos_kernel/tasks.o
 .bss.xPendedTicks
                0x20002970        0x4 ./freertos/freertos_kernel/tasks.o
 .bss.xYieldPending
                0x20002974        0x4 ./freertos/freertos_kernel/tasks.o
 .bss.xNumOfOverflows
                0x20002978        0x4 ./freertos/freertos_kernel/tasks.o
 .bss.uxTaskNumber
                0x2000297c        0x4 ./freertos/freertos_kernel/tasks.o
 .bss.xNextTaskUnblockTime
                0x20002980        0x4 ./freertos/freertos_kernel/tasks.o
 .bss.xIdleTaskHandle
                0x20002984        0x4 ./freertos/freertos_kernel/tasks.o
 .bss.uxSchedulerSuspended
                0x20002988        0x4 ./freertos/freertos_kernel/tasks.o
 .bss.xActiveTimerList1
                0x2000298c       0x14 ./freertos/freertos_kernel/timers.o
 .bss.xActiveTimerList2
                0x200029a0       0x14 ./freertos/freertos_kernel/timers.o
 .bss.pxCurrentTimerList
                0x200029b4        0x4 ./freertos/freertos_kernel/timers.o
 .bss.pxOverflowTimerList
                0x200029b8        0x4 ./freertos/freertos_kernel/timers.o
 .bss.xTimerQueue
                0x200029bc        0x4 ./freertos/freertos_kernel/timers.o
 .bss.xTimerTaskHandle
                0x200029c0        0x4 ./freertos/freertos_kernel/timers.o
 .bss.xLastTime.0
                0x200029c4        0x4 ./freertos/freertos_kernel/timers.o
 .bss.s_extPllFreq
                0x200029c8        0x4 ./drivers/fsl_clock.o
 .bss.g_xtal0Freq
                0x200029cc        0x4 ./drivers/fsl_clock.o
                0x200029cc                g_xtal0Freq
 .bss.g_xtal32Freq
                0x200029d0        0x4 ./drivers/fsl_clock.o
                0x200029d0                g_xtal32Freq
 .bss.g_dspiHandle
                0x200029d4        0xc ./drivers/fsl_dspi.o
 .bss.s_dspiMasterIsr
                0x200029e0        0x4 ./drivers/fsl_dspi.o
 .bss.s_dspiSlaveIsr
                0x200029e4        0x4 ./drivers/fsl_dspi.o
 .bss.s_lpuartHandle
                0x200029e8        0x4 ./drivers/fsl_lpuart.o
                0x200029e8                s_lpuartHandle
 .bss.s_lpuartIsr
                0x200029ec        0x4 ./drivers/fsl_lpuart.o
                0x200029ec                s_lpuartIsr
 .bss.s_uartHandle
                0x200029f0       0x14 ./drivers/fsl_uart.o
                0x200029f0                s_uartHandle
 .bss.s_uartIsr
                0x20002a04        0x4 ./drivers/fsl_uart.o
                0x20002a04                s_uartIsr
 .bss.errno     0x20002a08        0x4 c:/nxp/mcuxpressoide_11.9.0_2144/ide/plugins/com.nxp.mcuxpresso.tools.win32_11.9.0.202307121226/tools/bin/../lib/gcc/arm-none-eabi/12.3.1/../../../../arm-none-eabi/lib/thumb/v7e-m+fp/hard\libcr_c.a(errno.o)
                0x20002a08                errno
 .bss.__end_of_heap
                0x20002a0c        0x4 c:/nxp/mcuxpressoide_11.9.0_2144/ide/plugins/com.nxp.mcuxpresso.tools.win32_11.9.0.202307121226/tools/bin/../lib/gcc/arm-none-eabi/12.3.1/../../../../arm-none-eabi/lib/thumb/v7e-m+fp/hard\libcr_c.a(__init_alloc.o)
                0x20002a0c                __end_of_heap
 .bss.__heaps   0x20002a10        0x4 c:/nxp/mcuxpressoide_11.9.0_2144/ide/plugins/com.nxp.mcuxpresso.tools.win32_11.9.0.202307121226/tools/bin/../lib/gcc/arm-none-eabi/12.3.1/../../../../arm-none-eabi/lib/thumb/v7e-m+fp/hard\libcr_c.a(__init_alloc.o)
                0x20002a10                __heaps
 .bss.__Ciob    0x20002a14       0xb4 c:/nxp/mcuxpressoide_11.9.0_2144/ide/plugins/com.nxp.mcuxpresso.tools.win32_11.9.0.202307121226/tools/bin/../lib/gcc/arm-none-eabi/12.3.1/../../../../arm-none-eabi/lib/thumb/v7e-m+fp/hard\libcr_semihost_nf.a(__ciob.o)
                0x20002a14                __Ciob
 .bss.ch        0x20002ac8        0x1 ./source/Terminal_Component.o
                0x20002ac8                ch
 .bss.ucMaxSysCallPriority
                0x20002ac9        0x1 ./freertos/freertos_kernel/portable/GCC/ARM_CM4F/port.o
 *(SORT_BY_ALIGNMENT(COMMON))
                0x20002ad0                        . = ALIGN (0x8)
 *fill*         0x20002aca        0x6 
                0x20002ad0                        _ebss = .
                [!provide]                        PROVIDE (__end_bss_RAM = .)
                [!provide]                        PROVIDE (__end_bss_SRAM_UPPER = .)
                [!provide]                        PROVIDE (end = .)

.noinit_RAM2    0x1fff0000        0x0
                [!provide]                        PROVIDE (__start_noinit_RAM2 = .)
                [!provide]                        PROVIDE (__start_noinit_SRAM_LOWER = .)
 *(SORT_BY_ALIGNMENT(.noinit.$RAM2))
 *(SORT_BY_ALIGNMENT(.noinit.$SRAM_LOWER))
 *(SORT_BY_ALIGNMENT(.noinit.$RAM2.*))
 *(SORT_BY_ALIGNMENT(.noinit.$SRAM_LOWER.*))
                0x1fff0000                        . = ALIGN (0x8)
                [!provide]                        PROVIDE (__end_noinit_RAM2 = .)
                [!provide]                        PROVIDE (__end_noinit_SRAM_LOWER = .)

.noinit_RAM3    0x14000000        0x0
                [!provide]                        PROVIDE (__start_noinit_RAM3 = .)
                [!provide]                        PROVIDE (__start_noinit_FLEX_RAM = .)
 *(SORT_BY_ALIGNMENT(.noinit.$RAM3))
 *(SORT_BY_ALIGNMENT(.noinit.$FLEX_RAM))
 *(SORT_BY_ALIGNMENT(.noinit.$RAM3.*))
 *(SORT_BY_ALIGNMENT(.noinit.$FLEX_RAM.*))
                0x14000000                        . = ALIGN (0x8)
                [!provide]                        PROVIDE (__end_noinit_RAM3 = .)
                [!provide]                        PROVIDE (__end_noinit_FLEX_RAM = .)

.noinit         0x20002ad0        0x0
                0x20002ad0                        _noinit = .
                [!provide]                        PROVIDE (__start_noinit_RAM = .)
                [!provide]                        PROVIDE (__start_noinit_SRAM_UPPER = .)
 *(SORT_BY_ALIGNMENT(.noinit*))
                0x20002ad0                        . = ALIGN (0x8)
                0x20002ad0                        _end_noinit = .
                [!provide]                        PROVIDE (__end_noinit_RAM = .)
                [!provide]                        PROVIDE (__end_noinit_SRAM_UPPER = .)
                0x00001000                        _HeapSize = 0x1000

.heap           0x20002ad0     0x1000
                0x20002ad0                        _pvHeapStart = .
                0x20003ad0                        . = (. + _HeapSize)
 *fill*         0x20002ad0     0x1000 
                0x20003ad0                        . = ALIGN (0x8)
                0x20003ad0                        _pvHeapLimit = .
                0x00001000                        _StackSize = 0x1000

.heap2stackfill
                0x20003ad0     0x1000
                0x20004ad0                        . = (. + _StackSize)
 *fill*         0x20003ad0     0x1000 

.stack          0x2002f000        0x0
                0x2002f000                        _vStackBase = .
                0x2002f000                        . = ALIGN (0x8)
                0x20030000                        _vStackTop = (. + _StackSize)
                0x00000000                        _image_start = LOADADDR (.text)
                0x00006ec8                        _image_end = (LOADADDR (.data) + SIZEOF (.data))
                0x00006ec8                        _image_size = (_image_end - _image_start)
OUTPUT(frdmk66f_freertos_hello.axf elf32-littlearm)
LOAD linker stubs

.debug_info     0x00000000    0x1d303
 .debug_info    0x00000000       0xcc ./utilities/fsl_assert.o
 .debug_info    0x000000cc      0xe90 ./startup/startup_mk66f18.o
 .debug_info    0x00000f5c      0xf4b ./source/Motor_Control_Component.o
 .debug_info    0x00001ea7      0xd7a ./source/RC_Receiver_Component.o
 .debug_info    0x00002c21     0x1316 ./source/Terminal_Component.o
 .debug_info    0x00003f37       0xd7 ./source/freertos_hello.o
 .debug_info    0x0000400e       0x3c ./source/semihost_hardfault.o
 .debug_info    0x0000404a      0x4f3 ./freertos/freertos_kernel/portable/MemMang/heap_4.o
 .debug_info    0x0000453d      0x4ef ./freertos/freertos_kernel/portable/GCC/ARM_CM4F/port.o
 .debug_info    0x00004a2c      0x2be ./freertos/freertos_kernel/list.o
 .debug_info    0x00004cea     0x18e4 ./freertos/freertos_kernel/queue.o
 .debug_info    0x000065ce     0x2322 ./freertos/freertos_kernel/tasks.o
 .debug_info    0x000088f0     0x1082 ./freertos/freertos_kernel/timers.o
 .debug_info    0x00009972     0x296f ./drivers/fsl_clock.o
 .debug_info    0x0000c2e1     0x26c4 ./drivers/fsl_dspi.o
 .debug_info    0x0000e9a5     0x1728 ./drivers/fsl_ftm.o
 .debug_info    0x000100cd     0x1e86 ./drivers/fsl_lpuart.o
 .debug_info    0x00011f53     0x20dd ./drivers/fsl_uart.o
 .debug_info    0x00014030      0xa4e ./device/system_MK66F18.o
 .debug_info    0x00014a7e      0xdfb ./board/clock_config.o
 .debug_info    0x00015879      0x305 ./board/pin_mux.o
 .debug_info    0x00015b7e       0x85 c:/nxp/mcuxpressoide_11.9.0_2144/ide/plugins/com.nxp.mcuxpresso.tools.win32_11.9.0.202307121226/tools/bin/../lib/gcc/arm-none-eabi/12.3.1/../../../../arm-none-eabi/lib/thumb/v7e-m+fp/hard\libcr_semihost_nf.a(_cr__main.o)
 .debug_info    0x00015c03      0x119 c:/nxp/mcuxpressoide_11.9.0_2144/ide/plugins/com.nxp.mcuxpresso.tools.win32_11.9.0.202307121226/tools/bin/../lib/gcc/arm-none-eabi/12.3.1/../../../../arm-none-eabi/lib/thumb/v7e-m+fp/hard\libcr_c.a(memcpy.o)
 .debug_info    0x00015d1c       0xe3 c:/nxp/mcuxpressoide_11.9.0_2144/ide/plugins/com.nxp.mcuxpresso.tools.win32_11.9.0.202307121226/tools/bin/../lib/gcc/arm-none-eabi/12.3.1/../../../../arm-none-eabi/lib/thumb/v7e-m+fp/hard\libcr_c.a(memset.o)
 .debug_info    0x00015dff      0x506 c:/nxp/mcuxpressoide_11.9.0_2144/ide/plugins/com.nxp.mcuxpresso.tools.win32_11.9.0.202307121226/tools/bin/../lib/gcc/arm-none-eabi/12.3.1/../../../../arm-none-eabi/lib/thumb/v7e-m+fp/hard\libcr_c.a(alloc.o)
 .debug_info    0x00016305       0x44 c:/nxp/mcuxpressoide_11.9.0_2144/ide/plugins/com.nxp.mcuxpresso.tools.win32_11.9.0.202307121226/tools/bin/../lib/gcc/arm-none-eabi/12.3.1/../../../../arm-none-eabi/lib/thumb/v7e-m+fp/hard\libcr_c.a(errno.o)
 .debug_info    0x00016349      0x339 c:/nxp/mcuxpressoide_11.9.0_2144/ide/plugins/com.nxp.mcuxpresso.tools.win32_11.9.0.202307121226/tools/bin/../lib/gcc/arm-none-eabi/12.3.1/../../../../arm-none-eabi/lib/thumb/v7e-m+fp/hard\libcr_c.a(initio.o)
 .debug_info    0x00016682     0x1268 c:/nxp/mcuxpressoide_11.9.0_2144/ide/plugins/com.nxp.mcuxpresso.tools.win32_11.9.0.202307121226/tools/bin/../lib/gcc/arm-none-eabi/12.3.1/../../../../arm-none-eabi/lib/thumb/v7e-m+fp/hard\libcr_c.a(printf.o)
 .debug_info    0x000178ea      0x1f6 c:/nxp/mcuxpressoide_11.9.0_2144/ide/plugins/com.nxp.mcuxpresso.tools.win32_11.9.0.202307121226/tools/bin/../lib/gcc/arm-none-eabi/12.3.1/../../../../arm-none-eabi/lib/thumb/v7e-m+fp/hard\libcr_c.a(setvbuf.o)
 .debug_info    0x00017ae0       0xda c:/nxp/mcuxpressoide_11.9.0_2144/ide/plugins/com.nxp.mcuxpresso.tools.win32_11.9.0.202307121226/tools/bin/../lib/gcc/arm-none-eabi/12.3.1/../../../../arm-none-eabi/lib/thumb/v7e-m+fp/hard\libcr_c.a(strlen.o)
 .debug_info    0x00017bba       0xd4 c:/nxp/mcuxpressoide_11.9.0_2144/ide/plugins/com.nxp.mcuxpresso.tools.win32_11.9.0.202307121226/tools/bin/../lib/gcc/arm-none-eabi/12.3.1/../../../../arm-none-eabi/lib/thumb/v7e-m+fp/hard\libcr_c.a(__init_alloc.o)
 .debug_info    0x00017c8e      0x100 c:/nxp/mcuxpressoide_11.9.0_2144/ide/plugins/com.nxp.mcuxpresso.tools.win32_11.9.0.202307121226/tools/bin/../lib/gcc/arm-none-eabi/12.3.1/../../../../arm-none-eabi/lib/thumb/v7e-m+fp/hard\libcr_c.a(_cr_sbrk.o)
 .debug_info    0x00017d8e      0x362 c:/nxp/mcuxpressoide_11.9.0_2144/ide/plugins/com.nxp.mcuxpresso.tools.win32_11.9.0.202307121226/tools/bin/../lib/gcc/arm-none-eabi/12.3.1/../../../../arm-none-eabi/lib/thumb/v7e-m+fp/hard\libcr_c.a(_deferredlazyseek.o)
 .debug_info    0x000180f0      0x244 c:/nxp/mcuxpressoide_11.9.0_2144/ide/plugins/com.nxp.mcuxpresso.tools.win32_11.9.0.202307121226/tools/bin/../lib/gcc/arm-none-eabi/12.3.1/../../../../arm-none-eabi/lib/thumb/v7e-m+fp/hard\libcr_c.a(_fdopen.o)
 .debug_info    0x00018334      0x1e3 c:/nxp/mcuxpressoide_11.9.0_2144/ide/plugins/com.nxp.mcuxpresso.tools.win32_11.9.0.202307121226/tools/bin/../lib/gcc/arm-none-eabi/12.3.1/../../../../arm-none-eabi/lib/thumb/v7e-m+fp/hard\libcr_c.a(_fflush.o)
 .debug_info    0x00018517      0x282 c:/nxp/mcuxpressoide_11.9.0_2144/ide/plugins/com.nxp.mcuxpresso.tools.win32_11.9.0.202307121226/tools/bin/../lib/gcc/arm-none-eabi/12.3.1/../../../../arm-none-eabi/lib/thumb/v7e-m+fp/hard\libcr_c.a(_writebuf.o)
 .debug_info    0x00018799      0x318 c:/nxp/mcuxpressoide_11.9.0_2144/ide/plugins/com.nxp.mcuxpresso.tools.win32_11.9.0.202307121226/tools/bin/../lib/gcc/arm-none-eabi/12.3.1/../../../../arm-none-eabi/lib/thumb/v7e-m+fp/hard\libcr_c.a(fclose.o)
 .debug_info    0x00018ab1      0x202 c:/nxp/mcuxpressoide_11.9.0_2144/ide/plugins/com.nxp.mcuxpresso.tools.win32_11.9.0.202307121226/tools/bin/../lib/gcc/arm-none-eabi/12.3.1/../../../../arm-none-eabi/lib/thumb/v7e-m+fp/hard\libcr_c.a(fflush.o)
 .debug_info    0x00018cb3      0x276 c:/nxp/mcuxpressoide_11.9.0_2144/ide/plugins/com.nxp.mcuxpresso.tools.win32_11.9.0.202307121226/tools/bin/../lib/gcc/arm-none-eabi/12.3.1/../../../../arm-none-eabi/lib/thumb/v7e-m+fp/hard\libcr_c.a(fseek.o)
 .debug_info    0x00018f29      0x190 c:/nxp/mcuxpressoide_11.9.0_2144/ide/plugins/com.nxp.mcuxpresso.tools.win32_11.9.0.202307121226/tools/bin/../lib/gcc/arm-none-eabi/12.3.1/../../../../arm-none-eabi/lib/thumb/v7e-m+fp/hard\libcr_c.a(ftell.o)
 .debug_info    0x000190b9      0x1ca c:/nxp/mcuxpressoide_11.9.0_2144/ide/plugins/com.nxp.mcuxpresso.tools.win32_11.9.0.202307121226/tools/bin/../lib/gcc/arm-none-eabi/12.3.1/../../../../arm-none-eabi/lib/thumb/v7e-m+fp/hard\libcr_c.a(remove.o)
 .debug_info    0x00019283       0x71 c:/nxp/mcuxpressoide_11.9.0_2144/ide/plugins/com.nxp.mcuxpresso.tools.win32_11.9.0.202307121226/tools/bin/../lib/gcc/arm-none-eabi/12.3.1/../../../../arm-none-eabi/lib/thumb/v7e-m+fp/hard\libcr_c.a(_cr_check_heap.o)
 .debug_info    0x000192f4      0x23a c:/nxp/mcuxpressoide_11.9.0_2144/ide/plugins/com.nxp.mcuxpresso.tools.win32_11.9.0.202307121226/tools/bin/../lib/gcc/arm-none-eabi/12.3.1/../../../../arm-none-eabi/lib/thumb/v7e-m+fp/hard\libcr_c.a(_do_fflush.o)
 .debug_info    0x0001952e     0x215f c:/nxp/mcuxpressoide_11.9.0_2144/ide/plugins/com.nxp.mcuxpresso.tools.win32_11.9.0.202307121226/tools/bin/../lib/gcc/arm-none-eabi/12.3.1/thumb/v7e-m+fp/hard\libcr_eabihelpers.a(double.o)
 .debug_info    0x0001b68d     0x1aeb c:/nxp/mcuxpressoide_11.9.0_2144/ide/plugins/com.nxp.mcuxpresso.tools.win32_11.9.0.202307121226/tools/bin/../lib/gcc/arm-none-eabi/12.3.1/thumb/v7e-m+fp/hard\libcr_eabihelpers.a(float.o)
 .debug_info    0x0001d178      0x18b c:/nxp/mcuxpressoide_11.9.0_2144/ide/plugins/com.nxp.mcuxpresso.tools.win32_11.9.0.202307121226/tools/bin/../lib/gcc/arm-none-eabi/12.3.1/../../../../arm-none-eabi/lib/thumb/v7e-m+fp/hard\libcr_semihost_nf.a(__ciob.o)

.debug_abbrev   0x00000000     0x515c
 .debug_abbrev  0x00000000       0x90 ./utilities/fsl_assert.o
 .debug_abbrev  0x00000090      0x17a ./startup/startup_mk66f18.o
 .debug_abbrev  0x0000020a      0x29b ./source/Motor_Control_Component.o
 .debug_abbrev  0x000004a5      0x2a0 ./source/RC_Receiver_Component.o
 .debug_abbrev  0x00000745      0x3a9 ./source/Terminal_Component.o
 .debug_abbrev  0x00000aee       0x87 ./source/freertos_hello.o
 .debug_abbrev  0x00000b75       0x31 ./source/semihost_hardfault.o
 .debug_abbrev  0x00000ba6      0x212 ./freertos/freertos_kernel/portable/MemMang/heap_4.o
 .debug_abbrev  0x00000db8      0x259 ./freertos/freertos_kernel/portable/GCC/ARM_CM4F/port.o
 .debug_abbrev  0x00001011       0xf2 ./freertos/freertos_kernel/list.o
 .debug_abbrev  0x00001103      0x319 ./freertos/freertos_kernel/queue.o
 .debug_abbrev  0x0000141c      0x3a6 ./freertos/freertos_kernel/tasks.o
 .debug_abbrev  0x000017c2      0x2e3 ./freertos/freertos_kernel/timers.o
 .debug_abbrev  0x00001aa5      0x381 ./drivers/fsl_clock.o
 .debug_abbrev  0x00001e26      0x3b0 ./drivers/fsl_dspi.o
 .debug_abbrev  0x000021d6      0x2cd ./drivers/fsl_ftm.o
 .debug_abbrev  0x000024a3      0x43f ./drivers/fsl_lpuart.o
 .debug_abbrev  0x000028e2      0x45d ./drivers/fsl_uart.o
 .debug_abbrev  0x00002d3f      0x148 ./device/system_MK66F18.o
 .debug_abbrev  0x00002e87      0x247 ./board/clock_config.o
 .debug_abbrev  0x000030ce       0xc6 ./board/pin_mux.o
 .debug_abbrev  0x00003194       0x70 c:/nxp/mcuxpressoide_11.9.0_2144/ide/plugins/com.nxp.mcuxpresso.tools.win32_11.9.0.202307121226/tools/bin/../lib/gcc/arm-none-eabi/12.3.1/../../../../arm-none-eabi/lib/thumb/v7e-m+fp/hard\libcr_semihost_nf.a(_cr__main.o)
 .debug_abbrev  0x00003204       0xb6 c:/nxp/mcuxpressoide_11.9.0_2144/ide/plugins/com.nxp.mcuxpresso.tools.win32_11.9.0.202307121226/tools/bin/../lib/gcc/arm-none-eabi/12.3.1/../../../../arm-none-eabi/lib/thumb/v7e-m+fp/hard\libcr_c.a(memcpy.o)
 .debug_abbrev  0x000032ba       0xa8 c:/nxp/mcuxpressoide_11.9.0_2144/ide/plugins/com.nxp.mcuxpresso.tools.win32_11.9.0.202307121226/tools/bin/../lib/gcc/arm-none-eabi/12.3.1/../../../../arm-none-eabi/lib/thumb/v7e-m+fp/hard\libcr_c.a(memset.o)
 .debug_abbrev  0x00003362      0x284 c:/nxp/mcuxpressoide_11.9.0_2144/ide/plugins/com.nxp.mcuxpresso.tools.win32_11.9.0.202307121226/tools/bin/../lib/gcc/arm-none-eabi/12.3.1/../../../../arm-none-eabi/lib/thumb/v7e-m+fp/hard\libcr_c.a(alloc.o)
 .debug_abbrev  0x000035e6       0x44 c:/nxp/mcuxpressoide_11.9.0_2144/ide/plugins/com.nxp.mcuxpresso.tools.win32_11.9.0.202307121226/tools/bin/../lib/gcc/arm-none-eabi/12.3.1/../../../../arm-none-eabi/lib/thumb/v7e-m+fp/hard\libcr_c.a(errno.o)
 .debug_abbrev  0x0000362a      0x169 c:/nxp/mcuxpressoide_11.9.0_2144/ide/plugins/com.nxp.mcuxpresso.tools.win32_11.9.0.202307121226/tools/bin/../lib/gcc/arm-none-eabi/12.3.1/../../../../arm-none-eabi/lib/thumb/v7e-m+fp/hard\libcr_c.a(initio.o)
 .debug_abbrev  0x00003793      0x3ba c:/nxp/mcuxpressoide_11.9.0_2144/ide/plugins/com.nxp.mcuxpresso.tools.win32_11.9.0.202307121226/tools/bin/../lib/gcc/arm-none-eabi/12.3.1/../../../../arm-none-eabi/lib/thumb/v7e-m+fp/hard\libcr_c.a(printf.o)
 .debug_abbrev  0x00003b4d       0xe1 c:/nxp/mcuxpressoide_11.9.0_2144/ide/plugins/com.nxp.mcuxpresso.tools.win32_11.9.0.202307121226/tools/bin/../lib/gcc/arm-none-eabi/12.3.1/../../../../arm-none-eabi/lib/thumb/v7e-m+fp/hard\libcr_c.a(setvbuf.o)