C:\Users\gironbel\Desktop\project1-group-100-the-best-team\frdmk66f_freertos_hello\drivers/fsl_port.h:374:20:PORT_SetPinMux	24	static
C:\Users\gironbel\Desktop\project1-group-100-the-best-team\frdmk66f_freertos_hello\drivers/fsl_gpio.h:162:20:GPIO_PinWrite	24	static
../source/Accelerometer_Component.c:6:6:setupAccelerometerComponent	8	static
../source/Accelerometer_Component.c:18:6:setupAccelerometerPins	8	static
../source/Accelerometer_Component.c:30:6:voltageRegulator_enable	16	static
../source/Accelerometer_Component.c:38:6:accelerometer_enable	16	static
../source/Accelerometer_Component.c:46:6:spi_init	48	static
../source/Accelerometer_Component.c:72:10:SPI_Send	56	static
../source/Accelerometer_Component.c:122:10:SPI_receive	48	static
../source/Accelerometer_Component.c:148:6:accelerometerTask	16	static
