C:\Users\gironbel\Desktop\project1-group-100-the-best-team\frdmk66f_freertos_hello\drivers/fsl_port.h:374:20:PORT_SetPinMux	24	static
C:\Users\gironbel\Desktop\project1-group-100-the-best-team\frdmk66f_freertos_hello\drivers/fsl_ftm.h:731:20:FTM_StartTimer	24	static
C:\Users\gironbel\Desktop\project1-group-100-the-best-team\frdmk66f_freertos_hello\drivers/fsl_ftm.h:1027:20:FTM_SetSoftwareTrigger	16	static
../source/Motor_Control_Component.c:11:6:setupMotorComponent	24	static
../source/Motor_Control_Component.c:46:6:firstRun	16	static
../source/Motor_Control_Component.c:55:6:setupMotorPins	8	static
../source/Motor_Control_Component.c:63:6:setupDCMotor	56	static
../source/Motor_Control_Component.c:82:6:setupServo	56	static
../source/Motor_Control_Component.c:105:6:updatePWM_dutyCycle	32	static
../source/Motor_Control_Component.c:132:6:motorTask	32	static
../source/Motor_Control_Component.c:162:6:positionTask	32	static
